// Vitest Snapshot v1, https://vitest.dev/guide/snapshot.html

exports[`errorChartType 1`] = `
{
  "expectError": true,
  "message": "no advanced pipeline for chartType test_chart_type",
}
`;
