// Vitest Snapshot v1, https://vitest.dev/guide/snapshot.html

exports[`errorDataset 1`] = `
{
  "expectError": true,
  "message": "buildAdvanced error: dataset is required, and must be an array.
details info in console",
}
`;
