// Vitest Snapshot v1, https://vitest.dev/guide/snapshot.html

exports[`combinationHeatmap 1`] = `
{
  "annotation": {},
  "chartType": "heatmap",
  "config": {
    "heatmap": {
      "backgroundColor": "transparent",
      "color": {
        "colorScheme": [
          "#8D72F6",
          "#5766EC",
          "#66A3FE",
          "#51D5E6",
          "#4EC0B3",
          "#F9DF90",
          "#F9AD71",
          "#ED8888",
          "#E9A0C3",
          "#D77DD3",
        ],
        "linearColorScheme": [
          "#C2CEFF",
          "#5766EC",
        ],
      },
      "label": {
        "enable": true,
      },
      "legend": {
        "border": true,
        "enable": true,
        "labelFontColor": "#646A73",
        "labelFontSize": 12,
        "labelFontWeight": 400,
        "maxSize": 1,
        "position": "rt",
        "shapeType": "rectRound",
      },
      "tooltip": {
        "enable": true,
      },
    },
  },
  "customTheme": {
    "config": {
      "heatmap": {
        "backgroundColor": "transparent",
        "color": {
          "colorScheme": [
            "#8D72F6",
            "#5766EC",
            "#66A3FE",
            "#51D5E6",
            "#4EC0B3",
            "#F9DF90",
            "#F9AD71",
            "#ED8888",
            "#E9A0C3",
            "#D77DD3",
          ],
          "linearColorScheme": [
            "#C2CEFF",
            "#5766EC",
          ],
        },
        "label": {
          "enable": true,
        },
        "legend": {
          "border": true,
          "enable": true,
          "labelFontColor": "#646A73",
          "labelFontSize": 12,
          "labelFontWeight": 400,
          "maxSize": 1,
          "position": "rt",
          "shapeType": "rectRound",
        },
        "tooltip": {
          "enable": true,
        },
      },
    },
  },
  "dataset": [
    [
      {
        "__Dim_Detail__": "销售额",
        "__Dim_X__": "2019",
        "__Dim_Y__": "销售额",
        "__MeaId__": "sales",
        "__MeaName__": "销售额",
        "__MeaValue__line1": 200000,
        "__OriginalData__": {
          "date": "2019",
          "profit": 10000,
          "sales": 200000,
        },
        "date": "2019",
        "profit": 10000,
        "sales": 200000,
      },
      {
        "__Dim_Detail__": "销售额",
        "__Dim_X__": "2020",
        "__Dim_Y__": "销售额",
        "__MeaId__": "sales",
        "__MeaName__": "销售额",
        "__MeaValue__line1": 400000,
        "__OriginalData__": {
          "date": "2020",
          "profit": 20000,
          "sales": 400000,
        },
        "date": "2020",
        "profit": 20000,
        "sales": 400000,
      },
      {
        "__Dim_Detail__": "销售额",
        "__Dim_X__": "2021",
        "__Dim_Y__": "销售额",
        "__MeaId__": "sales",
        "__MeaName__": "销售额",
        "__MeaValue__line1": 600000,
        "__OriginalData__": {
          "date": "2021",
          "profit": 30000,
          "sales": 600000,
        },
        "date": "2021",
        "profit": 30000,
        "sales": 600000,
      },
      {
        "__Dim_Detail__": "销售额",
        "__Dim_X__": "2022",
        "__Dim_Y__": "销售额",
        "__MeaId__": "sales",
        "__MeaName__": "销售额",
        "__MeaValue__line1": 800000,
        "__OriginalData__": {
          "date": "2022",
          "profit": 40000,
          "sales": 800000,
        },
        "date": "2022",
        "profit": 40000,
        "sales": 800000,
      },
      {
        "__Dim_Detail__": "销售额",
        "__Dim_X__": "2023",
        "__Dim_Y__": "销售额",
        "__MeaId__": "sales",
        "__MeaName__": "销售额",
        "__MeaValue__line1": 1000000,
        "__OriginalData__": {
          "date": "2023",
          "profit": 50000,
          "sales": 1000000,
        },
        "date": "2023",
        "profit": 50000,
        "sales": 1000000,
      },
    ],
    [
      {
        "__Dim_Detail__": "利润",
        "__Dim_X__": "2019",
        "__Dim_Y__": "利润",
        "__MeaId__": "profit",
        "__MeaName__": "利润",
        "__MeaValue__line2": 10000,
        "__OriginalData__": {
          "date": "2019",
          "profit": 10000,
          "sales": 200000,
        },
        "date": "2019",
        "profit": 10000,
        "sales": 200000,
      },
      {
        "__Dim_Detail__": "利润",
        "__Dim_X__": "2020",
        "__Dim_Y__": "利润",
        "__MeaId__": "profit",
        "__MeaName__": "利润",
        "__MeaValue__line2": 20000,
        "__OriginalData__": {
          "date": "2020",
          "profit": 20000,
          "sales": 400000,
        },
        "date": "2020",
        "profit": 20000,
        "sales": 400000,
      },
      {
        "__Dim_Detail__": "利润",
        "__Dim_X__": "2021",
        "__Dim_Y__": "利润",
        "__MeaId__": "profit",
        "__MeaName__": "利润",
        "__MeaValue__line2": 30000,
        "__OriginalData__": {
          "date": "2021",
          "profit": 30000,
          "sales": 600000,
        },
        "date": "2021",
        "profit": 30000,
        "sales": 600000,
      },
      {
        "__Dim_Detail__": "利润",
        "__Dim_X__": "2022",
        "__Dim_Y__": "利润",
        "__MeaId__": "profit",
        "__MeaName__": "利润",
        "__MeaValue__line2": 40000,
        "__OriginalData__": {
          "date": "2022",
          "profit": 40000,
          "sales": 800000,
        },
        "date": "2022",
        "profit": 40000,
        "sales": 800000,
      },
      {
        "__Dim_Detail__": "利润",
        "__Dim_X__": "2023",
        "__Dim_Y__": "利润",
        "__MeaId__": "profit",
        "__MeaName__": "利润",
        "__MeaValue__line2": 50000,
        "__OriginalData__": {
          "date": "2023",
          "profit": 50000,
          "sales": 1000000,
        },
        "date": "2023",
        "profit": 50000,
        "sales": 1000000,
      },
    ],
  ],
  "datasetReshapeInfo": [
    {
      "foldInfo": {
        "colorRange": [
          0,
          1,
        ],
        "foldMap": {
          "sales": "销售额",
        },
        "measureId": "__MeaId__",
        "measureName": "__MeaName__",
        "measureRange": [
          200000,
          1000000,
        ],
        "measureValue": "__MeaValue__line1",
      },
      "id": "line1",
      "index": 0,
      "unfoldInfo": {
        "colorIdMap": {},
        "colorItems": [],
        "encodingAngle": "__Dim_Angle__",
        "encodingColor": "__Dim_Color__",
        "encodingColorId": "__Dim_ColorId__",
        "encodingDetail": "__Dim_Detail__",
        "encodingX": "__Dim_X__",
        "encodingY": "__Dim_Y__",
      },
    },
    {
      "foldInfo": {
        "colorRange": [
          0,
          1,
        ],
        "foldMap": {
          "profit": "利润",
        },
        "measureId": "__MeaId__",
        "measureName": "__MeaName__",
        "measureRange": [
          10000,
          50000,
        ],
        "measureValue": "__MeaValue__line2",
      },
      "id": "line2",
      "index": 1,
      "unfoldInfo": {
        "colorIdMap": {},
        "colorItems": [],
        "encodingAngle": "__Dim_Angle__",
        "encodingColor": "__Dim_Color__",
        "encodingColorId": "__Dim_ColorId__",
        "encodingDetail": "__Dim_Detail__",
        "encodingX": "__Dim_X__",
        "encodingY": "__Dim_Y__",
      },
    },
  ],
  "dimensions": [
    {
      "alias": "日期",
      "id": "date",
      "location": "dimension",
    },
    {
      "alias": "指标名称",
      "id": "__MeaName__",
    },
  ],
  "encoding": {
    "color": [
      "sales",
      "profit",
    ],
    "column": [],
    "detail": [
      "__MeaName__",
    ],
    "label": [],
    "row": [],
    "tooltip": [
      "sales",
      "profit",
    ],
    "x": [
      "date",
    ],
    "y": [
      "__MeaName__",
    ],
  },
  "locale": "zh-CN",
  "markStyle": {},
  "measures": [
    {
      "children": [
        {
          "alias": "销售额",
          "format": {
            "decimalPlaces": 0,
            "prefix": "利润",
            "ratio": 1000,
            "suffix": "$",
            "symbol": "千",
            "thousandSeparator": true,
            "type": "number",
          },
          "id": "sales",
        },
      ],
      "id": "line1",
    },
    {
      "children": [
        {
          "alias": "利润",
          "autoFormat": true,
          "format": {
            "decimalPlaces": 0,
            "prefix": "利润",
            "ratio": 1000,
            "suffix": "$",
            "symbol": "千",
            "thousandSeparator": true,
            "type": "number",
          },
          "id": "profit",
        },
      ],
      "id": "line2",
    },
  ],
}
`;

exports[`combinationHeatmap 2`] = `
{
  "animation": true,
  "columns": [],
  "heightMode": "adaptive",
  "indicators": [
    {
      "cellType": "chart",
      "chartModule": "vchart",
      "chartSpec": {
        "animation": true,
        "axes": [
          {
            "bandPadding": 0,
            "orient": "left",
            "type": "band",
          },
          {
            "bandPadding": 0,
            "orient": "bottom",
            "type": "band",
          },
        ],
        "background": "transparent",
        "cell": {
          "style": {
            "lineWidth": 1,
            "shape": "rect",
            "stroke": "#ffffff",
          },
        },
        "color": {
          "domain": [],
          "range": [
            "#8D72F6",
            "#5766EC",
            "#66A3FE",
            "#51D5E6",
            "#4EC0B3",
            "#F9DF90",
            "#F9AD71",
            "#ED8888",
            "#E9A0C3",
            "#D77DD3",
          ],
          "specified": undefined,
          "type": "ordinal",
        },
        "data": {
          "fields": {
            "__Dim_Angle__": {
              "sortIndex": 0,
            },
            "__Dim_ColorId__": {
              "sortIndex": 0,
            },
            "__Dim_X__": {
              "sortIndex": 0,
            },
          },
          "id": "line1",
          "values": undefined,
        },
        "direction": "vertical",
        "label": {
          "formatMethod": [Function],
          "smartInvert": true,
          "visible": true,
        },
        "legends": {
          "autoPage": true,
          "data": [Function],
          "item": {
            "background": {
              "state": {
                "selectedHover": {
                  "fill": "#646A73",
                  "fillOpacity": 0.05,
                },
              },
            },
            "focus": true,
            "focusIconStyle": {
              "fill": "#646A73",
              "fontWeight": 400,
              "size": 14,
            },
            "label": {
              "formatMethod": [Function],
              "style": {
                "fill": "#646A73",
                "fontSize": 12,
                "fontWeight": 400,
              },
            },
            "maxWidth": "30%",
            "shape": {
              "space": 6,
              "style": {
                "size": 8,
                "symbolType": "rectRound",
              },
            },
          },
          "maxCol": 1,
          "maxRow": 1,
          "orient": "right",
          "padding": 0,
          "position": "start",
          "type": "discrete",
          "visible": true,
        },
        "line": {
          "style": {},
        },
        "padding": 0,
        "point": {
          "state": {
            "dimension_hover": {
              "outerBorder": {
                "distance": 2,
                "lineWidth": 4,
                "strokeOpacity": 0.25,
              },
              "scaleX": 1.4,
              "scaleY": 1.4,
            },
          },
          "style": {},
        },
        "region": [
          {
            "clip": true,
          },
        ],
        "seriesField": "__Dim_ColorId__",
        "tooltip": {
          "dimension": {
            "content": [
              {
                "key": [Function],
                "shapeType": "rectRound",
                "value": [Function],
                "visible": true,
              },
            ],
          },
          "mark": {
            "content": [
              {
                "hasShape": true,
                "key": [Function],
                "shapeType": "rectRound",
                "value": [Function],
                "visible": true,
              },
              {
                "hasShape": true,
                "key": [Function],
                "shapeType": "rectRound",
                "value": [Function],
                "visible": true,
              },
              {
                "hasShape": true,
                "key": [Function],
                "value": [Function],
                "visible": true,
              },
            ],
            "title": {
              "visible": true,
            },
          },
          "visible": true,
        },
        "type": "heatmap",
        "valueField": "__MeaValue__line1",
        "xField": "__Dim_X__",
        "yField": "__Dim_Y__",
      },
      "indicatorKey": "line1",
      "style": {
        "padding": [
          1,
          1,
          0,
          1,
        ],
      },
      "title": undefined,
    },
    {
      "cellType": "chart",
      "chartModule": "vchart",
      "chartSpec": {
        "animation": true,
        "axes": [
          {
            "bandPadding": 0,
            "orient": "left",
            "type": "band",
          },
          {
            "bandPadding": 0,
            "orient": "bottom",
            "type": "band",
          },
        ],
        "background": "transparent",
        "cell": {
          "style": {
            "lineWidth": 1,
            "shape": "rect",
            "stroke": "#ffffff",
          },
        },
        "color": {
          "domain": [],
          "range": [
            "#8D72F6",
            "#5766EC",
            "#66A3FE",
            "#51D5E6",
            "#4EC0B3",
            "#F9DF90",
            "#F9AD71",
            "#ED8888",
            "#E9A0C3",
            "#D77DD3",
          ],
          "specified": undefined,
          "type": "ordinal",
        },
        "data": {
          "fields": {
            "__Dim_Angle__": {
              "sortIndex": 0,
            },
            "__Dim_ColorId__": {
              "sortIndex": 0,
            },
            "__Dim_X__": {
              "sortIndex": 0,
            },
          },
          "id": "line2",
          "values": undefined,
        },
        "direction": "vertical",
        "label": {
          "formatMethod": [Function],
          "smartInvert": true,
          "visible": true,
        },
        "legends": {
          "autoPage": true,
          "data": [Function],
          "item": {
            "background": {
              "state": {
                "selectedHover": {
                  "fill": "#646A73",
                  "fillOpacity": 0.05,
                },
              },
            },
            "focus": true,
            "focusIconStyle": {
              "fill": "#646A73",
              "fontWeight": 400,
              "size": 14,
            },
            "label": {
              "formatMethod": [Function],
              "style": {
                "fill": "#646A73",
                "fontSize": 12,
                "fontWeight": 400,
              },
            },
            "maxWidth": "30%",
            "shape": {
              "space": 6,
              "style": {
                "size": 8,
                "symbolType": "rectRound",
              },
            },
          },
          "maxCol": 1,
          "maxRow": 1,
          "orient": "right",
          "padding": 0,
          "position": "start",
          "type": "discrete",
          "visible": true,
        },
        "line": {
          "style": {},
        },
        "padding": 0,
        "point": {
          "state": {
            "dimension_hover": {
              "outerBorder": {
                "distance": 2,
                "lineWidth": 4,
                "strokeOpacity": 0.25,
              },
              "scaleX": 1.4,
              "scaleY": 1.4,
            },
          },
          "style": {},
        },
        "region": [
          {
            "clip": true,
          },
        ],
        "seriesField": "__Dim_ColorId__",
        "tooltip": {
          "dimension": {
            "content": [
              {
                "key": [Function],
                "shapeType": "rectRound",
                "value": [Function],
                "visible": true,
              },
            ],
          },
          "mark": {
            "content": [
              {
                "hasShape": true,
                "key": [Function],
                "shapeType": "rectRound",
                "value": [Function],
                "visible": true,
              },
              {
                "hasShape": true,
                "key": [Function],
                "shapeType": "rectRound",
                "value": [Function],
                "visible": true,
              },
              {
                "hasShape": true,
                "key": [Function],
                "value": [Function],
                "visible": true,
              },
            ],
            "title": {
              "visible": true,
            },
          },
          "visible": true,
        },
        "type": "heatmap",
        "valueField": "__MeaValue__line2",
        "xField": "__Dim_X__",
        "yField": "__Dim_Y__",
      },
      "indicatorKey": "line2",
      "style": {
        "padding": [
          1,
          1,
          0,
          1,
        ],
      },
      "title": undefined,
    },
  ],
  "indicatorsAsCol": false,
  "records": {
    "line1": [
      {
        "__Dim_Detail__": "销售额",
        "__Dim_X__": "2019",
        "__Dim_Y__": "销售额",
        "__MeaId__": "sales",
        "__MeaName__": "销售额",
        "__MeaValue__line1": 200000,
        "__OriginalData__": {
          "date": "2019",
          "profit": 10000,
          "sales": 200000,
        },
        "date": "2019",
        "profit": 10000,
        "sales": 200000,
      },
      {
        "__Dim_Detail__": "销售额",
        "__Dim_X__": "2020",
        "__Dim_Y__": "销售额",
        "__MeaId__": "sales",
        "__MeaName__": "销售额",
        "__MeaValue__line1": 400000,
        "__OriginalData__": {
          "date": "2020",
          "profit": 20000,
          "sales": 400000,
        },
        "date": "2020",
        "profit": 20000,
        "sales": 400000,
      },
      {
        "__Dim_Detail__": "销售额",
        "__Dim_X__": "2021",
        "__Dim_Y__": "销售额",
        "__MeaId__": "sales",
        "__MeaName__": "销售额",
        "__MeaValue__line1": 600000,
        "__OriginalData__": {
          "date": "2021",
          "profit": 30000,
          "sales": 600000,
        },
        "date": "2021",
        "profit": 30000,
        "sales": 600000,
      },
      {
        "__Dim_Detail__": "销售额",
        "__Dim_X__": "2022",
        "__Dim_Y__": "销售额",
        "__MeaId__": "sales",
        "__MeaName__": "销售额",
        "__MeaValue__line1": 800000,
        "__OriginalData__": {
          "date": "2022",
          "profit": 40000,
          "sales": 800000,
        },
        "date": "2022",
        "profit": 40000,
        "sales": 800000,
      },
      {
        "__Dim_Detail__": "销售额",
        "__Dim_X__": "2023",
        "__Dim_Y__": "销售额",
        "__MeaId__": "sales",
        "__MeaName__": "销售额",
        "__MeaValue__line1": 1000000,
        "__OriginalData__": {
          "date": "2023",
          "profit": 50000,
          "sales": 1000000,
        },
        "date": "2023",
        "profit": 50000,
        "sales": 1000000,
      },
    ],
    "line2": [
      {
        "__Dim_Detail__": "利润",
        "__Dim_X__": "2019",
        "__Dim_Y__": "利润",
        "__MeaId__": "profit",
        "__MeaName__": "利润",
        "__MeaValue__line2": 10000,
        "__OriginalData__": {
          "date": "2019",
          "profit": 10000,
          "sales": 200000,
        },
        "date": "2019",
        "profit": 10000,
        "sales": 200000,
      },
      {
        "__Dim_Detail__": "利润",
        "__Dim_X__": "2020",
        "__Dim_Y__": "利润",
        "__MeaId__": "profit",
        "__MeaName__": "利润",
        "__MeaValue__line2": 20000,
        "__OriginalData__": {
          "date": "2020",
          "profit": 20000,
          "sales": 400000,
        },
        "date": "2020",
        "profit": 20000,
        "sales": 400000,
      },
      {
        "__Dim_Detail__": "利润",
        "__Dim_X__": "2021",
        "__Dim_Y__": "利润",
        "__MeaId__": "profit",
        "__MeaName__": "利润",
        "__MeaValue__line2": 30000,
        "__OriginalData__": {
          "date": "2021",
          "profit": 30000,
          "sales": 600000,
        },
        "date": "2021",
        "profit": 30000,
        "sales": 600000,
      },
      {
        "__Dim_Detail__": "利润",
        "__Dim_X__": "2022",
        "__Dim_Y__": "利润",
        "__MeaId__": "profit",
        "__MeaName__": "利润",
        "__MeaValue__line2": 40000,
        "__OriginalData__": {
          "date": "2022",
          "profit": 40000,
          "sales": 800000,
        },
        "date": "2022",
        "profit": 40000,
        "sales": 800000,
      },
      {
        "__Dim_Detail__": "利润",
        "__Dim_X__": "2023",
        "__Dim_Y__": "利润",
        "__MeaId__": "profit",
        "__MeaName__": "利润",
        "__MeaValue__line2": 50000,
        "__OriginalData__": {
          "date": "2023",
          "profit": 50000,
          "sales": 1000000,
        },
        "date": "2023",
        "profit": 50000,
        "sales": 1000000,
      },
    ],
  },
  "rows": [],
  "theme": {
    "bodyStyle": {
      "bgColor": "rgba(0,0,0,0)",
      "borderColor": "rgba(0,4,20,0.2)",
      "borderLineWidth": [
        0,
        0,
        2,
        0,
      ],
      "hover": {
        "cellBgColor": "transparent",
      },
      "padding": [
        0,
        0,
        1,
        0,
      ],
    },
    "bottomFrozenStyle": {
      "bgColor": "rgba(0,0,0,0)",
      "borderColor": "rgba(0,4,20,0.2)",
      "borderLineWidth": 0,
      "hover": {
        "cellBgColor": "rgba(178,186,207, 0.2)",
      },
    },
    "cornerHeaderStyle": {
      "bgColor": "rgba(0,0,0,0)",
      "borderColor": "rgba(0,4,20,0.2)",
      "borderLineWidth": [
        0,
        0,
        0,
        0,
      ],
      "color": "#333333",
      "fontSize": 12,
      "fontWeight": "bold",
      "hover": {
        "cellBgColor": "rgba(178,186,207, 0.2)",
      },
      "textAlign": "center",
    },
    "cornerLeftBottomCellStyle": {
      "bgColor": "rgba(0,0,0,0)",
      "borderColor": "rgba(0,4,20,0.2)",
      "borderLineWidth": 0,
      "hover": {
        "cellBgColor": "rgba(178,186,207, 0.2)",
      },
    },
    "cornerRightBottomCellStyle": {
      "bgColor": "rgba(0,0,0,0)",
      "borderColor": "rgba(0,4,20,0.2)",
      "borderLineWidth": 0,
      "hover": {
        "cellBgColor": "rgba(178,186,207, 0.2)",
      },
    },
    "cornerRightTopCellStyle": {
      "bgColor": "rgba(0,0,0,0)",
      "borderColor": "rgba(0,4,20,0.2)",
      "borderLineWidth": 0,
      "hover": {
        "cellBgColor": "rgba(178,186,207, 0.2)",
      },
    },
    "frameStyle": {
      "bgColor": "rgba(0,0,0,0)",
      "borderLineWidth": 0,
    },
    "headerStyle": {
      "bgColor": "rgba(0,0,0,0)",
      "borderColor": "rgba(0,4,20,0.2)",
      "borderLineWidth": 0,
      "color": "#333333",
      "fontSize": 12,
      "hover": {
        "cellBgColor": "rgba(178,186,207, 0.2)",
      },
      "textAlign": "center",
    },
    "rightFrozenStyle": {
      "bgColor": "rgba(0,0,0,0)",
      "borderColor": "rgba(0,4,20,0.2)",
      "borderLineWidth": 0,
      "hover": {
        "cellBgColor": "rgba(178,186,207, 0.2)",
      },
    },
    "rowHeaderStyle": {
      "bgColor": "rgba(0,0,0,0)",
      "borderColor": "rgba(0,4,20,0.2)",
      "borderLineWidth": 0,
      "color": "#333333",
      "fontSize": 12,
      "hover": {
        "cellBgColor": "rgba(178,186,207, 0.2)",
      },
    },
    "selectionStyle": {
      "cellBgColor": "",
      "cellBorderColor": "",
    },
    "underlayBackgroundColor": "rgba(0,0,0,0)",
  },
  "widthMode": "adaptive",
}
`;
