// Vitest Snapshot v1, https://vitest.dev/guide/snapshot.html

exports[`empty 1`] = `
{
  "expectError": true,
  "message": "chartType is nil in buildAdvanced",
}
`;
