// Vitest Snapshot v1, https://vitest.dev/guide/snapshot.html

exports[`pivotTable 1`] = `
{
  "chartType": "table",
  "config": {
    "table": {
      "backgroundColor": "transparent",
      "bodyBackgroundColor": "transparent",
      "bodyFontColor": "#141414",
      "bodyFontSize": 12,
      "borderColor": "#e3e5eb",
      "headerBackgroundColor": "#f6f7f9",
      "headerFontColor": "#21252c",
      "headerFontSize": 12,
      "hoverBodyBackgroundColor": "#bedaff",
      "hoverBodyInlineBackgroundColor": "#bedaff33",
      "hoverHeaderBackgroundColor": "#D9DDE4",
      "hoverHeaderInlineBackgroundColor": "#D9DDE455",
      "selectedBackgroundColor": "#bedaff33",
      "selectedBorderColor": "#4080ff",
    },
  },
  "customTheme": {
    "config": {
      "table": {
        "backgroundColor": "transparent",
        "bodyBackgroundColor": "transparent",
        "bodyFontColor": "#141414",
        "bodyFontSize": 12,
        "borderColor": "#e3e5eb",
        "headerBackgroundColor": "#f6f7f9",
        "headerFontColor": "#21252c",
        "headerFontSize": 12,
        "hoverBodyBackgroundColor": "#bedaff",
        "hoverBodyInlineBackgroundColor": "#bedaff33",
        "hoverHeaderBackgroundColor": "#D9DDE4",
        "hoverHeaderInlineBackgroundColor": "#D9DDE455",
        "selectedBackgroundColor": "#bedaff33",
        "selectedBorderColor": "#4080ff",
      },
    },
  },
  "dataset": [
    {
      "date": "2019",
      "month": "1",
      "profit": 10000,
      "sales": 200000,
      "type": "A",
    },
    {
      "date": "2019",
      "month": "2",
      "profit": 20000,
      "sales": 400000,
      "type": "A",
    },
    {
      "date": "2019",
      "month": "3",
      "profit": 30000,
      "sales": 600000,
      "type": "A",
    },
    {
      "date": "2019",
      "month": "4",
      "profit": 40000,
      "sales": 800000,
      "type": "A",
    },
    {
      "date": "2019",
      "month": "5",
      "profit": 50000,
      "sales": 1000000,
      "type": "A",
    },
    {
      "date": "2019",
      "month": "6",
      "profit": 10000,
      "sales": 300000,
      "type": "A",
    },
    {
      "date": "2019",
      "month": "1",
      "profit": 10000,
      "sales": 200000,
      "type": "B",
    },
    {
      "date": "2019",
      "month": "2",
      "profit": 20000,
      "sales": 400000,
      "type": "B",
    },
    {
      "date": "2019",
      "month": "3",
      "profit": 30000,
      "sales": 600000,
      "type": "B",
    },
    {
      "date": "2019",
      "month": "4",
      "profit": 40000,
      "sales": 800000,
      "type": "B",
    },
    {
      "date": "2019",
      "month": "5",
      "profit": 50000,
      "sales": 1000000,
      "type": "B",
    },
    {
      "date": "2019",
      "month": "6",
      "profit": 10000,
      "sales": 300000,
      "type": "B",
    },
    {
      "date": "2020",
      "month": "1",
      "profit": 10000,
      "sales": 200000,
      "type": "A",
    },
    {
      "date": "2020",
      "month": "2",
      "profit": 20000,
      "sales": 400000,
      "type": "A",
    },
    {
      "date": "2020",
      "month": "3",
      "profit": 30000,
      "sales": 600000,
      "type": "A",
    },
    {
      "date": "2020",
      "month": "4",
      "profit": 40000,
      "sales": 800000,
      "type": "A",
    },
    {
      "date": "2020",
      "month": "5",
      "profit": 50000,
      "sales": 1000000,
      "type": "A",
    },
    {
      "date": "2020",
      "month": "6",
      "profit": 10000,
      "sales": 300000,
      "type": "A",
    },
    {
      "date": "2020",
      "month": "1",
      "profit": 10000,
      "sales": 200000,
      "type": "B",
    },
    {
      "date": "2020",
      "month": "2",
      "profit": 20000,
      "sales": 400000,
      "type": "B",
    },
    {
      "date": "2020",
      "month": "3",
      "profit": 30000,
      "sales": 600000,
      "type": "B",
    },
    {
      "date": "2020",
      "month": "4",
      "profit": 40000,
      "sales": 800000,
      "type": "B",
    },
    {
      "date": "2020",
      "month": "5",
      "profit": 50000,
      "sales": 1000000,
      "type": "B",
    },
    {
      "date": "2020",
      "month": "6",
      "profit": 10000,
      "sales": 300000,
      "type": "B",
    },
  ],
  "dimensions": [
    {
      "alias": "月",
      "id": "month",
    },
    {
      "alias": "年",
      "encoding": "column",
      "id": "date",
    },
    {
      "alias": "类型",
      "encoding": "row",
      "id": "type",
    },
  ],
  "locale": "zh-CN",
  "measures": [
    {
      "children": [
        {
          "alias": "销售额",
          "format": {
            "decimalPlaces": 0,
            "prefix": "利润",
            "ratio": 1000,
            "suffix": "$",
            "symbol": "千",
            "thousandSeparator": true,
            "type": "number",
          },
          "id": "sales",
        },
      ],
      "id": "line1",
    },
    {
      "children": [
        {
          "alias": "利润",
          "autoFormat": true,
          "format": {
            "decimalPlaces": 0,
            "prefix": "利润",
            "ratio": 1000,
            "suffix": "$",
            "symbol": "千",
            "thousandSeparator": true,
            "type": "number",
          },
          "id": "profit",
        },
      ],
      "id": "line2",
    },
  ],
}
`;

exports[`pivotTable 2`] = `
{
  "animationAppear": {
    "delay": 250,
    "direction": "row",
    "duration": 300,
    "type": "one-by-one",
  },
  "autoWrapText": true,
  "columnResizeMode": "all",
  "columns": [
    {
      "field": "month",
      "title": "月",
      "width": "auto",
    },
    {
      "field": "date",
      "title": "年",
      "width": "auto",
    },
    {
      "field": "type",
      "title": "类型",
      "width": "auto",
    },
    {
      "columns": [
        {
          "field": "sales",
          "fieldFormat": [Function],
          "title": "销售额",
          "width": "auto",
        },
      ],
      "field": "line1",
      "title": "line1",
    },
    {
      "columns": [
        {
          "field": "profit",
          "fieldFormat": [Function],
          "title": "利润",
          "width": "auto",
        },
      ],
      "field": "line2",
      "title": "line2",
    },
  ],
  "heightMode": "autoHeight",
  "hover": {
    "highlightMode": "row",
  },
  "records": [
    {
      "date": "2019",
      "month": "1",
      "profit": 10000,
      "sales": 200000,
      "type": "A",
    },
    {
      "date": "2019",
      "month": "2",
      "profit": 20000,
      "sales": 400000,
      "type": "A",
    },
    {
      "date": "2019",
      "month": "3",
      "profit": 30000,
      "sales": 600000,
      "type": "A",
    },
    {
      "date": "2019",
      "month": "4",
      "profit": 40000,
      "sales": 800000,
      "type": "A",
    },
    {
      "date": "2019",
      "month": "5",
      "profit": 50000,
      "sales": 1000000,
      "type": "A",
    },
    {
      "date": "2019",
      "month": "6",
      "profit": 10000,
      "sales": 300000,
      "type": "A",
    },
    {
      "date": "2019",
      "month": "1",
      "profit": 10000,
      "sales": 200000,
      "type": "B",
    },
    {
      "date": "2019",
      "month": "2",
      "profit": 20000,
      "sales": 400000,
      "type": "B",
    },
    {
      "date": "2019",
      "month": "3",
      "profit": 30000,
      "sales": 600000,
      "type": "B",
    },
    {
      "date": "2019",
      "month": "4",
      "profit": 40000,
      "sales": 800000,
      "type": "B",
    },
    {
      "date": "2019",
      "month": "5",
      "profit": 50000,
      "sales": 1000000,
      "type": "B",
    },
    {
      "date": "2019",
      "month": "6",
      "profit": 10000,
      "sales": 300000,
      "type": "B",
    },
    {
      "date": "2020",
      "month": "1",
      "profit": 10000,
      "sales": 200000,
      "type": "A",
    },
    {
      "date": "2020",
      "month": "2",
      "profit": 20000,
      "sales": 400000,
      "type": "A",
    },
    {
      "date": "2020",
      "month": "3",
      "profit": 30000,
      "sales": 600000,
      "type": "A",
    },
    {
      "date": "2020",
      "month": "4",
      "profit": 40000,
      "sales": 800000,
      "type": "A",
    },
    {
      "date": "2020",
      "month": "5",
      "profit": 50000,
      "sales": 1000000,
      "type": "A",
    },
    {
      "date": "2020",
      "month": "6",
      "profit": 10000,
      "sales": 300000,
      "type": "A",
    },
    {
      "date": "2020",
      "month": "1",
      "profit": 10000,
      "sales": 200000,
      "type": "B",
    },
    {
      "date": "2020",
      "month": "2",
      "profit": 20000,
      "sales": 400000,
      "type": "B",
    },
    {
      "date": "2020",
      "month": "3",
      "profit": 30000,
      "sales": 600000,
      "type": "B",
    },
    {
      "date": "2020",
      "month": "4",
      "profit": 40000,
      "sales": 800000,
      "type": "B",
    },
    {
      "date": "2020",
      "month": "5",
      "profit": 50000,
      "sales": 1000000,
      "type": "B",
    },
    {
      "date": "2020",
      "month": "6",
      "profit": 10000,
      "sales": 300000,
      "type": "B",
    },
  ],
  "showHeader": true,
  "theme": {
    "bodyStyle": {
      "bgColor": "transparent",
      "borderColor": "#e3e5eb",
      "borderLineWidth": 1,
      "color": "#141414",
      "fontSize": 12,
      "fontStyle": "normal",
      "fontVariant": "normal",
      "fontWeight": "normal",
      "hover": {
        "cellBgColor": "#bedaff",
        "inlineColumnBgColor": "#bedaff33",
        "inlineRowBgColor": "#bedaff33",
      },
      "lineHeight": 18,
      "padding": [
        8,
        12,
        8,
        12,
      ],
      "textAlign": "right",
    },
    "frameStyle": {
      "borderColor": "#e3e5eb",
      "borderLineWidth": 0,
      "cornerRadius": 4,
    },
    "headerStyle": {
      "bgColor": "#f6f7f9",
      "borderColor": "#e3e5eb",
      "borderLineWidth": 1,
      "color": "#21252c",
      "fontSize": 12,
      "fontStyle": "normal",
      "fontVariant": "normal",
      "fontWeight": "bold",
      "frameStyle": {
        "borderColor": [
          null,
          null,
          "#e3e5eb",
          null,
        ],
        "borderLineWidth": 1,
      },
      "hover": {
        "cellBgColor": "#D9DDE4",
        "inlineColumnBgColor": "#D9DDE455",
        "inlineRowBgColor": "#D9DDE455",
      },
      "lineHeight": 18,
      "padding": [
        8,
        12,
        8,
        12,
      ],
      "textAlign": "center",
    },
    "selectionStyle": {
      "cellBgColor": "#bedaff33",
      "cellBorderColor": "#4080ff",
      "cellBorderLineWidth": 2,
    },
    "underlayBackgroundColor": "transparent",
  },
  "tooltip": {
    "isShowOverflowTextTooltip": true,
  },
  "widthMode": "standard",
}
`;

exports[`pivotTable 3`] = `
{
  "advancedPipeline": [
    [Function],
    [Function],
    [Function],
    [Function],
    [Function],
    [Function],
  ],
  "colorIdMap": {},
  "colorItems": [],
  "hasTheme": true,
  "specPipeline": [
    [Function],
    [Function],
    [Function],
    [Function],
    [Function],
    [Function],
    [Function],
  ],
  "themeMapKeys": [
    "light",
    "dark",
  ],
}
`;
