// Vitest Snapshot v1, https://vitest.dev/guide/snapshot.html

exports[`1_meaColor 1`] = `
{
  "annotation": {},
  "chartType": "areaPercent",
  "config": {
    "areaPercent": {
      "backgroundColor": "transparent",
      "color": {
        "colorScheme": [
          "#8D72F6",
          "#5766EC",
          "#66A3FE",
          "#51D5E6",
          "#4EC0B3",
          "#F9DF90",
          "#F9AD71",
          "#ED8888",
          "#E9A0C3",
          "#D77DD3",
        ],
        "linearColorScheme": [
          "#C2CEFF",
          "#5766EC",
        ],
      },
      "crosshairLine": {
        "labelBackgroundColor": "#364159",
        "labelColor": "#ffffff",
        "labelVisible": true,
        "lineColor": "#3641594d",
        "visible": true,
      },
      "label": {
        "enable": true,
        "labelColorSmartInvert": false,
        "labelOverlap": true,
        "showValue": true,
        "showValuePercent": false,
        "wrap": true,
      },
      "legend": {
        "border": true,
        "enable": true,
        "labelColor": "#646A73",
        "labelFontSize": 12,
        "labelFontWeight": 400,
        "maxSize": 1,
        "position": "rt",
        "shapeType": "rectRound",
      },
      "pivotGrid": {
        "bodyFontColor": "#141414",
        "borderColor": "#e3e5eb",
        "headerBackgroundColor": "#f6f7f9",
        "headerFontColor": "#21252c",
        "hoverHeaderBackgroundColor": "#D9DDE4",
        "hoverHeaderInlineBackgroundColor": "#D9DDE455",
      },
      "tooltip": {
        "enable": true,
      },
      "xAxis": {
        "grid": {
          "gridColor": "#36415926",
          "gridWidth": 0.5,
          "visible": false,
        },
        "label": {
          "labelAngle": 0,
          "labelColor": "#797B85",
          "labelFontSize": 12,
          "labelFontWeight": 400,
          "visible": true,
        },
        "labelAutoHide": true,
        "labelAutoHideGap": 4,
        "labelAutoLimit": true,
        "labelAutoLimitLength": 80,
        "labelAutoRotate": false,
        "labelAutoRotateAngleRange": [
          0,
          -45,
          -90,
        ],
        "line": {
          "lineColor": "#3641594d",
          "lineWidth": 1,
          "visible": true,
        },
        "tick": {
          "tickColor": "#3641594d",
          "tickInside": false,
          "tickSize": 4,
          "visible": false,
        },
        "title": {
          "titleColor": "#646A73",
          "titleFontSize": 12,
          "titleFontWeight": 400,
          "titleText": "",
          "visible": false,
        },
      },
      "yAxis": {
        "grid": {
          "gridColor": "#36415926",
          "gridWidth": 0.5,
          "visible": true,
        },
        "inverse": false,
        "label": {
          "labelAngle": 0,
          "labelColor": "#797B85",
          "labelFontSize": 12,
          "labelFontWeight": 400,
          "visible": true,
        },
        "line": {
          "lineColor": "#3641594d",
          "lineWidth": 1,
          "visible": false,
        },
        "nice": true,
        "tick": {
          "tickColor": "#3641594d",
          "tickInside": false,
          "tickSize": 4,
          "visible": false,
        },
        "title": {
          "titleColor": "#646A73",
          "titleFontSize": 12,
          "titleFontWeight": 400,
          "titleText": "",
          "visible": false,
        },
        "zero": true,
      },
    },
  },
  "customTheme": {
    "config": {
      "areaPercent": {
        "backgroundColor": "transparent",
        "color": {
          "colorScheme": [
            "#8D72F6",
            "#5766EC",
            "#66A3FE",
            "#51D5E6",
            "#4EC0B3",
            "#F9DF90",
            "#F9AD71",
            "#ED8888",
            "#E9A0C3",
            "#D77DD3",
          ],
          "linearColorScheme": [
            "#C2CEFF",
            "#5766EC",
          ],
        },
        "crosshairLine": {
          "labelBackgroundColor": "#364159",
          "labelColor": "#ffffff",
          "labelVisible": true,
          "lineColor": "#3641594d",
          "visible": true,
        },
        "label": {
          "enable": true,
          "labelColorSmartInvert": false,
          "labelOverlap": true,
          "showValue": true,
          "showValuePercent": false,
          "wrap": true,
        },
        "legend": {
          "border": true,
          "enable": true,
          "labelColor": "#646A73",
          "labelFontSize": 12,
          "labelFontWeight": 400,
          "maxSize": 1,
          "position": "rt",
          "shapeType": "rectRound",
        },
        "pivotGrid": {
          "bodyFontColor": "#141414",
          "borderColor": "#e3e5eb",
          "headerBackgroundColor": "#f6f7f9",
          "headerFontColor": "#21252c",
          "hoverHeaderBackgroundColor": "#D9DDE4",
          "hoverHeaderInlineBackgroundColor": "#D9DDE455",
        },
        "tooltip": {
          "enable": true,
        },
        "xAxis": {
          "grid": {
            "gridColor": "#36415926",
            "gridWidth": 0.5,
            "visible": false,
          },
          "label": {
            "labelAngle": 0,
            "labelColor": "#797B85",
            "labelFontSize": 12,
            "labelFontWeight": 400,
            "visible": true,
          },
          "labelAutoHide": true,
          "labelAutoHideGap": 4,
          "labelAutoLimit": true,
          "labelAutoLimitLength": 80,
          "labelAutoRotate": false,
          "labelAutoRotateAngleRange": [
            0,
            -45,
            -90,
          ],
          "line": {
            "lineColor": "#3641594d",
            "lineWidth": 1,
            "visible": true,
          },
          "tick": {
            "tickColor": "#3641594d",
            "tickInside": false,
            "tickSize": 4,
            "visible": false,
          },
          "title": {
            "titleColor": "#646A73",
            "titleFontSize": 12,
            "titleFontWeight": 400,
            "titleText": "",
            "visible": false,
          },
        },
        "yAxis": {
          "grid": {
            "gridColor": "#36415926",
            "gridWidth": 0.5,
            "visible": true,
          },
          "inverse": false,
          "label": {
            "labelAngle": 0,
            "labelColor": "#797B85",
            "labelFontSize": 12,
            "labelFontWeight": 400,
            "visible": true,
          },
          "line": {
            "lineColor": "#3641594d",
            "lineWidth": 1,
            "visible": false,
          },
          "nice": true,
          "tick": {
            "tickColor": "#3641594d",
            "tickInside": false,
            "tickSize": 4,
            "visible": false,
          },
          "title": {
            "titleColor": "#646A73",
            "titleFontSize": 12,
            "titleFontWeight": 400,
            "titleText": "",
            "visible": false,
          },
          "zero": true,
        },
      },
    },
  },
  "dataset": [
    {
      "__Dim_ColorId__": "sales",
      "__Dim_Color__": 200000,
      "__Dim_Detail__": "利润",
      "__Dim_X__": "2019",
      "__MeaId__": "profit",
      "__MeaName__": "利润",
      "__MeaValue__": 10000,
      "__OriginalData__": {
        "date": "2019",
        "profit": 10000,
        "sales": 200000,
      },
      "date": "2019",
      "profit": 10000,
      "sales": 200000,
    },
    {
      "__Dim_ColorId__": "sales",
      "__Dim_Color__": 400000,
      "__Dim_Detail__": "利润",
      "__Dim_X__": "2020",
      "__MeaId__": "profit",
      "__MeaName__": "利润",
      "__MeaValue__": 20000,
      "__OriginalData__": {
        "date": "2020",
        "profit": 20000,
        "sales": 400000,
      },
      "date": "2020",
      "profit": 20000,
      "sales": 400000,
    },
    {
      "__Dim_ColorId__": "sales",
      "__Dim_Color__": 600000,
      "__Dim_Detail__": "利润",
      "__Dim_X__": "2021",
      "__MeaId__": "profit",
      "__MeaName__": "利润",
      "__MeaValue__": 30000,
      "__OriginalData__": {
        "date": "2021",
        "profit": 30000,
        "sales": 600000,
      },
      "date": "2021",
      "profit": 30000,
      "sales": 600000,
    },
    {
      "__Dim_ColorId__": "sales",
      "__Dim_Color__": 800000,
      "__Dim_Detail__": "利润",
      "__Dim_X__": "2022",
      "__MeaId__": "profit",
      "__MeaName__": "利润",
      "__MeaValue__": 40000,
      "__OriginalData__": {
        "date": "2022",
        "profit": 40000,
        "sales": 800000,
      },
      "date": "2022",
      "profit": 40000,
      "sales": 800000,
    },
    {
      "__Dim_ColorId__": "sales",
      "__Dim_Color__": 1000000,
      "__Dim_Detail__": "利润",
      "__Dim_X__": "2023",
      "__MeaId__": "profit",
      "__MeaName__": "利润",
      "__MeaValue__": 50000,
      "__OriginalData__": {
        "date": "2023",
        "profit": 50000,
        "sales": 1000000,
      },
      "date": "2023",
      "profit": 50000,
      "sales": 1000000,
    },
  ],
  "datasetReshapeInfo": [
    {
      "foldInfo": {
        "foldMap": {
          "profit": "利润",
        },
        "measureId": "__MeaId__",
        "measureName": "__MeaName__",
        "measureValue": "__MeaValue__",
        "statistics": {
          "colorMax": 1000000,
          "colorMin": 200000,
          "count": 5,
          "max": 50000,
          "min": 10000,
          "sum": 150000,
        },
      },
      "id": "areaPercent",
      "index": 0,
      "unfoldInfo": {
        "colorIdMap": {},
        "colorItems": [],
        "encodingAngle": "__Dim_Angle__",
        "encodingColor": "__Dim_Color__",
        "encodingColorId": "__Dim_ColorId__",
        "encodingDetail": "__Dim_Detail__",
        "encodingX": "__Dim_X__",
        "encodingY": "__Dim_Y__",
      },
    },
  ],
  "dimensions": [
    {
      "alias": "日期",
      "encoding": "xAxis",
      "id": "date",
    },
    {
      "alias": "指标名称",
      "id": "__MeaName__",
    },
  ],
  "encoding": {
    "color": [
      "sales",
    ],
    "detail": [
      "__MeaName__",
    ],
    "label": [],
    "tooltip": [
      "date",
    ],
    "x": [
      "date",
    ],
    "y": [
      "profit",
    ],
  },
  "locale": "zh-CN",
  "markStyle": {},
  "measures": [
    {
      "alias": "利润",
      "autoFormat": false,
      "encoding": "yAxis",
      "format": {
        "decimalPlaces": 0,
        "prefix": "利润",
        "ratio": 1000,
        "suffix": "$",
        "symbol": "千",
        "thousandSeparator": true,
        "type": "number",
      },
      "id": "profit",
    },
  ],
}
`;

exports[`1_meaColor 2`] = `
{
  "animation": true,
  "area": {
    "style": {
      "fill": {
        "field": "__Dim_Color__",
        "scale": "color",
      },
    },
    "visible": true,
  },
  "axes": [
    {
      "domainLine": {
        "style": {
          "lineWidth": 1,
          "stroke": "#3641594d",
        },
        "visible": true,
      },
      "grid": {
        "style": {
          "lineWidth": 0.5,
          "stroke": "#36415926",
        },
        "visible": false,
      },
      "hover": true,
      "label": {
        "autoHide": true,
        "autoHideMethod": "greedy",
        "autoHideSeparation": 4,
        "autoLimit": true,
        "autoRotate": false,
        "autoRotateAngle": [
          0,
          -45,
          -90,
        ],
        "flush": true,
        "lastVisible": true,
        "minGap": 4,
        "space": 8,
        "style": {
          "angle": 0,
          "fill": "#797B85",
          "fontSize": 12,
          "fontWeight": 400,
          "maxLineWidth": 80,
        },
        "visible": true,
      },
      "maxHeight": 140,
      "orient": "bottom",
      "paddingInner": [
        0.15,
        0.1,
      ],
      "paddingOuter": [
        0.075,
        0.1,
      ],
      "sampling": false,
      "tick": {
        "inside": false,
        "style": {
          "stroke": "#3641594d",
        },
        "tickSize": 4,
        "visible": false,
      },
      "title": {
        "style": {
          "fill": "#646A73",
          "fontSize": 12,
          "fontWeight": 400,
        },
        "text": "日期",
        "visible": false,
      },
      "type": "band",
      "visible": true,
    },
    {
      "base": 10,
      "domainLine": {
        "style": {
          "lineWidth": 1,
          "stroke": "#3641594d",
        },
        "visible": false,
      },
      "grid": {
        "style": {
          "lineWidth": 0.5,
          "stroke": "#36415926",
        },
        "visible": true,
      },
      "innerOffset": {
        "top": 7,
      },
      "inverse": false,
      "label": {
        "formatMethod": [Function],
        "style": {
          "angle": 0,
          "fill": "#797B85",
          "fontSize": 12,
          "fontWeight": 400,
        },
        "visible": true,
      },
      "max": undefined,
      "min": undefined,
      "nice": true,
      "orient": "left",
      "tick": {
        "inside": false,
        "style": {
          "stroke": "#3641594d",
        },
        "tickSize": 4,
        "visible": false,
      },
      "title": {
        "style": {
          "fill": "#646A73",
          "fontSize": 12,
          "fontWeight": 400,
        },
        "text": "利润",
        "visible": false,
      },
      "type": "linear",
      "visible": true,
      "zero": true,
    },
  ],
  "background": "transparent",
  "color": {
    "domain": [
      {
        "dataId": "areaPercent",
        "fields": [
          "__Dim_Color__",
        ],
      },
    ],
    "range": [
      "#C2CEFF",
      "#5766EC",
    ],
    "type": "linear",
  },
  "crosshair": {
    "xField": {
      "label": {
        "labelBackground": {
          "style": {
            "fill": "#364159",
          },
          "visible": true,
        },
        "style": {
          "fill": "#ffffff",
        },
        "visible": true,
      },
      "line": {
        "style": {
          "lineDash": [
            4,
            2,
          ],
          "lineWidth": 1,
          "opacity": 1,
          "stroke": "#3641594d",
        },
        "type": "line",
      },
      "visible": true,
    },
  },
  "data": {
    "fields": {
      "__Dim_Angle__": {
        "sortIndex": 0,
      },
      "__Dim_ColorId__": {
        "sortIndex": 0,
      },
      "__Dim_X__": {
        "sortIndex": 0,
      },
    },
    "id": "areaPercent",
    "values": [
      {
        "__Dim_ColorId__": "sales",
        "__Dim_Color__": 200000,
        "__Dim_Detail__": "利润",
        "__Dim_X__": "2019",
        "__MeaId__": "profit",
        "__MeaName__": "利润",
        "__MeaValue__": 10000,
        "__OriginalData__": {
          "date": "2019",
          "profit": 10000,
          "sales": 200000,
        },
        "date": "2019",
        "profit": 10000,
        "sales": 200000,
      },
      {
        "__Dim_ColorId__": "sales",
        "__Dim_Color__": 400000,
        "__Dim_Detail__": "利润",
        "__Dim_X__": "2020",
        "__MeaId__": "profit",
        "__MeaName__": "利润",
        "__MeaValue__": 20000,
        "__OriginalData__": {
          "date": "2020",
          "profit": 20000,
          "sales": 400000,
        },
        "date": "2020",
        "profit": 20000,
        "sales": 400000,
      },
      {
        "__Dim_ColorId__": "sales",
        "__Dim_Color__": 600000,
        "__Dim_Detail__": "利润",
        "__Dim_X__": "2021",
        "__MeaId__": "profit",
        "__MeaName__": "利润",
        "__MeaValue__": 30000,
        "__OriginalData__": {
          "date": "2021",
          "profit": 30000,
          "sales": 600000,
        },
        "date": "2021",
        "profit": 30000,
        "sales": 600000,
      },
      {
        "__Dim_ColorId__": "sales",
        "__Dim_Color__": 800000,
        "__Dim_Detail__": "利润",
        "__Dim_X__": "2022",
        "__MeaId__": "profit",
        "__MeaName__": "利润",
        "__MeaValue__": 40000,
        "__OriginalData__": {
          "date": "2022",
          "profit": 40000,
          "sales": 800000,
        },
        "date": "2022",
        "profit": 40000,
        "sales": 800000,
      },
      {
        "__Dim_ColorId__": "sales",
        "__Dim_Color__": 1000000,
        "__Dim_Detail__": "利润",
        "__Dim_X__": "2023",
        "__MeaId__": "profit",
        "__MeaName__": "利润",
        "__MeaValue__": 50000,
        "__OriginalData__": {
          "date": "2023",
          "profit": 50000,
          "sales": 1000000,
        },
        "date": "2023",
        "profit": 50000,
        "sales": 1000000,
      },
    ],
  },
  "direction": "vertical",
  "label": {
    "formatMethod": [Function],
    "overlap": {
      "clampForce": true,
      "hideOnHit": true,
    },
    "position": undefined,
    "smartInvert": false,
    "style": {
      "background": undefined,
      "fill": undefined,
      "fontSize": undefined,
      "fontWeight": undefined,
    },
    "visible": true,
  },
  "legends": {
    "field": "__Dim_Color__",
    "handlerText": {
      "style": {
        "fill": "#646A73",
        "fontSize": 12,
        "fontWeight": 400,
      },
      "visible": true,
    },
    "maxWidth": "30%",
    "orient": "right",
    "padding": 0,
    "position": "start",
    "type": "color",
    "visible": true,
  },
  "line": {
    "style": {
      "stroke": {
        "field": "__Dim_Color__",
        "scale": "color",
      },
    },
  },
  "padding": 0,
  "percent": true,
  "point": {
    "state": {
      "dimension_hover": {
        "outerBorder": {
          "distance": 2,
          "lineWidth": 4,
          "strokeOpacity": 0.25,
        },
        "scaleX": 1.4,
        "scaleY": 1.4,
      },
    },
    "style": {
      "fill": {
        "field": "__Dim_Color__",
        "scale": "color",
      },
    },
  },
  "region": [
    {
      "clip": true,
    },
  ],
  "seriesField": "__Dim_Detail__",
  "stackInverse": true,
  "tooltip": {
    "dimension": {
      "content": [
        {
          "hasShape": true,
          "key": [Function],
          "shapeType": "rectRound",
          "value": [Function],
          "visible": true,
        },
      ],
      "title": {
        "visible": true,
      },
    },
    "mark": {
      "content": [
        {
          "hasShape": true,
          "key": [Function],
          "shapeType": "rectRound",
          "value": [Function],
          "visible": true,
        },
        {
          "hasShape": true,
          "key": [Function],
          "shapeType": "rectRound",
          "value": [Function],
          "visible": true,
        },
      ],
      "title": {
        "visible": false,
      },
    },
    "visible": true,
  },
  "type": "area",
  "xField": "__Dim_X__",
  "yField": "__MeaValue__",
}
`;

exports[`1_meaColor 3`] = `
{
  "advancedPipeline": [
    [Function],
    [Function],
    [Function],
    [Function],
    [Function],
    [Function],
    [Function],
    [Function],
    [Function],
    [Function],
    [Function],
    [Function],
  ],
  "colorIdMap": {},
  "colorItems": [],
  "hasTheme": true,
  "specPipeline": [
    [Function],
  ],
  "themeMapKeys": [
    "light",
    "dark",
  ],
}
`;
