// Vitest Snapshot v1, https://vitest.dev/guide/snapshot.html

exports[`1_dimColor 1`] = `
{
  "annotation": {},
  "chartType": "scatter",
  "config": {
    "scatter": {
      "backgroundColor": "transparent",
      "color": {
        "colorScheme": [
          "#8D72F6",
          "#5766EC",
          "#66A3FE",
          "#51D5E6",
          "#4EC0B3",
          "#F9DF90",
          "#F9AD71",
          "#ED8888",
          "#E9A0C3",
          "#D77DD3",
        ],
        "linearColorScheme": [
          "#C2CEFF",
          "#5766EC",
        ],
      },
      "crosshairLine": {
        "labelBackgroundColor": "#364159",
        "labelColor": "#ffffff",
        "labelVisible": true,
        "lineColor": "#3641594d",
        "visible": true,
      },
      "label": {
        "enable": true,
      },
      "legend": {
        "border": true,
        "enable": true,
        "labelFontColor": "#646A73",
        "labelFontSize": 12,
        "labelFontWeight": 400,
        "maxSize": 1,
        "position": "rt",
        "shapeType": "rectRound",
      },
      "tooltip": {
        "enable": true,
      },
      "xAxis": {
        "grid": {
          "gridColor": "#36415926",
          "gridWidth": 0.5,
          "visible": true,
        },
        "inverse": false,
        "label": {
          "labelAngle": 0,
          "labelColor": "#797B85",
          "labelFontSize": 12,
          "labelFontWeight": 400,
          "visible": true,
        },
        "line": {
          "lineColor": "#3641594d",
          "lineWidth": 1,
          "visible": true,
        },
        "nice": true,
        "tick": {
          "tickColor": "#3641594d",
          "tickInside": false,
          "tickSize": 4,
          "visible": false,
        },
        "title": {
          "titleColor": "#646A73",
          "titleFontSize": 12,
          "titleFontWeight": 400,
          "titleText": "",
          "visible": false,
        },
        "zero": true,
      },
      "yAxis": {
        "grid": {
          "gridColor": "#36415926",
          "gridWidth": 0.5,
          "visible": true,
        },
        "inverse": false,
        "label": {
          "labelAngle": 0,
          "labelColor": "#797B85",
          "labelFontSize": 12,
          "labelFontWeight": 400,
          "visible": true,
        },
        "line": {
          "lineColor": "#3641594d",
          "lineWidth": 1,
          "visible": true,
        },
        "nice": true,
        "tick": {
          "tickColor": "#3641594d",
          "tickInside": false,
          "tickSize": 4,
          "visible": false,
        },
        "title": {
          "titleColor": "#646A73",
          "titleFontSize": 12,
          "titleFontWeight": 400,
          "titleText": "",
          "visible": false,
        },
        "zero": true,
      },
    },
  },
  "customTheme": {
    "config": {
      "scatter": {
        "backgroundColor": "transparent",
        "color": {
          "colorScheme": [
            "#8D72F6",
            "#5766EC",
            "#66A3FE",
            "#51D5E6",
            "#4EC0B3",
            "#F9DF90",
            "#F9AD71",
            "#ED8888",
            "#E9A0C3",
            "#D77DD3",
          ],
          "linearColorScheme": [
            "#C2CEFF",
            "#5766EC",
          ],
        },
        "crosshairLine": {
          "labelBackgroundColor": "#364159",
          "labelColor": "#ffffff",
          "labelVisible": true,
          "lineColor": "#3641594d",
          "visible": true,
        },
        "label": {
          "enable": true,
        },
        "legend": {
          "border": true,
          "enable": true,
          "labelFontColor": "#646A73",
          "labelFontSize": 12,
          "labelFontWeight": 400,
          "maxSize": 1,
          "position": "rt",
          "shapeType": "rectRound",
        },
        "tooltip": {
          "enable": true,
        },
        "xAxis": {
          "grid": {
            "gridColor": "#36415926",
            "gridWidth": 0.5,
            "visible": true,
          },
          "inverse": false,
          "label": {
            "labelAngle": 0,
            "labelColor": "#797B85",
            "labelFontSize": 12,
            "labelFontWeight": 400,
            "visible": true,
          },
          "line": {
            "lineColor": "#3641594d",
            "lineWidth": 1,
            "visible": true,
          },
          "nice": true,
          "tick": {
            "tickColor": "#3641594d",
            "tickInside": false,
            "tickSize": 4,
            "visible": false,
          },
          "title": {
            "titleColor": "#646A73",
            "titleFontSize": 12,
            "titleFontWeight": 400,
            "titleText": "",
            "visible": false,
          },
          "zero": true,
        },
        "yAxis": {
          "grid": {
            "gridColor": "#36415926",
            "gridWidth": 0.5,
            "visible": true,
          },
          "inverse": false,
          "label": {
            "labelAngle": 0,
            "labelColor": "#797B85",
            "labelFontSize": 12,
            "labelFontWeight": 400,
            "visible": true,
          },
          "line": {
            "lineColor": "#3641594d",
            "lineWidth": 1,
            "visible": true,
          },
          "nice": true,
          "tick": {
            "tickColor": "#3641594d",
            "tickInside": false,
            "tickSize": 4,
            "visible": false,
          },
          "title": {
            "titleColor": "#646A73",
            "titleFontSize": 12,
            "titleFontWeight": 400,
            "titleText": "",
            "visible": false,
          },
          "zero": true,
        },
      },
    },
  },
  "dataset": [
    {
      "__Dim_ColorId__": "A",
      "__Dim_Color__": "A",
      "__Dim_Detail__": "A",
      "__MeaId__": "sales",
      "__MeaName__": "销售额",
      "__MeaXValue__": 10,
      "__MeaYValue__": 20,
      "__OriginalData__": {
        "__Dim_ColorId__": "A",
        "__Dim_Color__": "A",
        "__Dim_Detail__": "A",
        "__MeaId__": "profit",
        "__MeaName__": "利润",
        "__MeaXValue__": 10,
        "__OriginalData__": {
          "date": "2019",
          "profit": 10,
          "profit2": 10,
          "sales": 20,
          "type": "A",
        },
        "date": "2019",
        "profit": 10,
        "profit2": 10,
        "sales": 20,
        "type": "A",
      },
      "date": "2019",
      "profit": 10,
      "profit2": 10,
      "sales": 20,
      "type": "A",
    },
    {
      "__Dim_ColorId__": "B",
      "__Dim_Color__": "B",
      "__Dim_Detail__": "B",
      "__MeaId__": "sales",
      "__MeaName__": "销售额",
      "__MeaXValue__": 30,
      "__MeaYValue__": 60,
      "__OriginalData__": {
        "__Dim_ColorId__": "B",
        "__Dim_Color__": "B",
        "__Dim_Detail__": "B",
        "__MeaId__": "profit",
        "__MeaName__": "利润",
        "__MeaXValue__": 30,
        "__OriginalData__": {
          "date": "2019",
          "profit": 30,
          "profit2": 10,
          "sales": 60,
          "type": "B",
        },
        "date": "2019",
        "profit": 30,
        "profit2": 10,
        "sales": 60,
        "type": "B",
      },
      "date": "2019",
      "profit": 30,
      "profit2": 10,
      "sales": 60,
      "type": "B",
    },
    {
      "__Dim_ColorId__": "C",
      "__Dim_Color__": "C",
      "__Dim_Detail__": "C",
      "__MeaId__": "sales",
      "__MeaName__": "销售额",
      "__MeaXValue__": 30,
      "__MeaYValue__": 60,
      "__OriginalData__": {
        "__Dim_ColorId__": "C",
        "__Dim_Color__": "C",
        "__Dim_Detail__": "C",
        "__MeaId__": "profit",
        "__MeaName__": "利润",
        "__MeaXValue__": 30,
        "__OriginalData__": {
          "date": "2019",
          "profit": 30,
          "profit2": 10,
          "sales": 60,
          "type": "C",
        },
        "date": "2019",
        "profit": 30,
        "profit2": 10,
        "sales": 60,
        "type": "C",
      },
      "date": "2019",
      "profit": 30,
      "profit2": 10,
      "sales": 60,
      "type": "C",
    },
    {
      "__Dim_ColorId__": "D",
      "__Dim_Color__": "D",
      "__Dim_Detail__": "D",
      "__MeaId__": "sales",
      "__MeaName__": "销售额",
      "__MeaXValue__": 50,
      "__MeaYValue__": 100,
      "__OriginalData__": {
        "__Dim_ColorId__": "D",
        "__Dim_Color__": "D",
        "__Dim_Detail__": "D",
        "__MeaId__": "profit",
        "__MeaName__": "利润",
        "__MeaXValue__": 50,
        "__OriginalData__": {
          "date": "2019",
          "profit": 50,
          "profit2": 10,
          "sales": 100,
          "type": "D",
        },
        "date": "2019",
        "profit": 50,
        "profit2": 10,
        "sales": 100,
        "type": "D",
      },
      "date": "2019",
      "profit": 50,
      "profit2": 10,
      "sales": 100,
      "type": "D",
    },
    {
      "__Dim_ColorId__": "E",
      "__Dim_Color__": "E",
      "__Dim_Detail__": "E",
      "__MeaId__": "sales",
      "__MeaName__": "销售额",
      "__MeaXValue__": 40,
      "__MeaYValue__": 80,
      "__OriginalData__": {
        "__Dim_ColorId__": "E",
        "__Dim_Color__": "E",
        "__Dim_Detail__": "E",
        "__MeaId__": "profit",
        "__MeaName__": "利润",
        "__MeaXValue__": 40,
        "__OriginalData__": {
          "date": "2019",
          "profit": 40,
          "profit2": 10,
          "sales": 80,
          "type": "E",
        },
        "date": "2019",
        "profit": 40,
        "profit2": 10,
        "sales": 80,
        "type": "E",
      },
      "date": "2019",
      "profit": 40,
      "profit2": 10,
      "sales": 80,
      "type": "E",
    },
    {
      "__Dim_ColorId__": "A",
      "__Dim_Color__": "A",
      "__Dim_Detail__": "A",
      "__MeaId__": "sales",
      "__MeaName__": "销售额",
      "__MeaXValue__": 10,
      "__MeaYValue__": 20,
      "__OriginalData__": {
        "__Dim_ColorId__": "A",
        "__Dim_Color__": "A",
        "__Dim_Detail__": "A",
        "__MeaId__": "profit",
        "__MeaName__": "利润",
        "__MeaXValue__": 10,
        "__OriginalData__": {
          "date": "2020",
          "profit": 10,
          "profit2": 10,
          "sales": 20,
          "type": "A",
        },
        "date": "2020",
        "profit": 10,
        "profit2": 10,
        "sales": 20,
        "type": "A",
      },
      "date": "2020",
      "profit": 10,
      "profit2": 10,
      "sales": 20,
      "type": "A",
    },
    {
      "__Dim_ColorId__": "B",
      "__Dim_Color__": "B",
      "__Dim_Detail__": "B",
      "__MeaId__": "sales",
      "__MeaName__": "销售额",
      "__MeaXValue__": 30,
      "__MeaYValue__": 60,
      "__OriginalData__": {
        "__Dim_ColorId__": "B",
        "__Dim_Color__": "B",
        "__Dim_Detail__": "B",
        "__MeaId__": "profit",
        "__MeaName__": "利润",
        "__MeaXValue__": 30,
        "__OriginalData__": {
          "date": "2020",
          "profit": 30,
          "profit2": 10,
          "sales": 60,
          "type": "B",
        },
        "date": "2020",
        "profit": 30,
        "profit2": 10,
        "sales": 60,
        "type": "B",
      },
      "date": "2020",
      "profit": 30,
      "profit2": 10,
      "sales": 60,
      "type": "B",
    },
    {
      "__Dim_ColorId__": "C",
      "__Dim_Color__": "C",
      "__Dim_Detail__": "C",
      "__MeaId__": "sales",
      "__MeaName__": "销售额",
      "__MeaXValue__": 30,
      "__MeaYValue__": 60,
      "__OriginalData__": {
        "__Dim_ColorId__": "C",
        "__Dim_Color__": "C",
        "__Dim_Detail__": "C",
        "__MeaId__": "profit",
        "__MeaName__": "利润",
        "__MeaXValue__": 30,
        "__OriginalData__": {
          "date": "2020",
          "profit": 30,
          "profit2": 10,
          "sales": 60,
          "type": "C",
        },
        "date": "2020",
        "profit": 30,
        "profit2": 10,
        "sales": 60,
        "type": "C",
      },
      "date": "2020",
      "profit": 30,
      "profit2": 10,
      "sales": 60,
      "type": "C",
    },
    {
      "__Dim_ColorId__": "D",
      "__Dim_Color__": "D",
      "__Dim_Detail__": "D",
      "__MeaId__": "sales",
      "__MeaName__": "销售额",
      "__MeaXValue__": 50,
      "__MeaYValue__": 100,
      "__OriginalData__": {
        "__Dim_ColorId__": "D",
        "__Dim_Color__": "D",
        "__Dim_Detail__": "D",
        "__MeaId__": "profit",
        "__MeaName__": "利润",
        "__MeaXValue__": 50,
        "__OriginalData__": {
          "date": "2020",
          "profit": 50,
          "profit2": 10,
          "sales": 100,
          "type": "D",
        },
        "date": "2020",
        "profit": 50,
        "profit2": 10,
        "sales": 100,
        "type": "D",
      },
      "date": "2020",
      "profit": 50,
      "profit2": 10,
      "sales": 100,
      "type": "D",
    },
    {
      "__Dim_ColorId__": "E",
      "__Dim_Color__": "E",
      "__Dim_Detail__": "E",
      "__MeaId__": "sales",
      "__MeaName__": "销售额",
      "__MeaXValue__": 40,
      "__MeaYValue__": 80,
      "__OriginalData__": {
        "__Dim_ColorId__": "E",
        "__Dim_Color__": "E",
        "__Dim_Detail__": "E",
        "__MeaId__": "profit",
        "__MeaName__": "利润",
        "__MeaXValue__": 40,
        "__OriginalData__": {
          "date": "2020",
          "profit": 40,
          "profit2": 10,
          "sales": 80,
          "type": "E",
        },
        "date": "2020",
        "profit": 40,
        "profit2": 10,
        "sales": 80,
        "type": "E",
      },
      "date": "2020",
      "profit": 40,
      "profit2": 10,
      "sales": 80,
      "type": "E",
    },
  ],
  "datasetReshapeInfo": [
    {
      "foldInfo": {
        "colorRange": [
          0,
          1,
        ],
        "foldMap": {
          "profit": "利润",
        },
        "measureId": "__MeaId__",
        "measureName": "__MeaName__",
        "measureRange": [
          10,
          50,
        ],
        "measureValue": "__MeaXValue__",
      },
      "foldInfoList": [
        {
          "colorRange": [
            0,
            1,
          ],
          "foldMap": {
            "profit": "利润",
          },
          "measureId": "__MeaId__",
          "measureName": "__MeaName__",
          "measureRange": [
            10,
            50,
          ],
          "measureValue": "__MeaXValue__",
        },
        {
          "colorRange": [
            0,
            1,
          ],
          "foldMap": {
            "sales": "销售额",
          },
          "measureId": "__MeaId__",
          "measureName": "__MeaName__",
          "measureRange": [
            20,
            100,
          ],
          "measureValue": "__MeaYValue__",
        },
      ],
      "id": "scatter",
      "index": 0,
      "unfoldInfo": {
        "colorIdMap": {
          "A": "A",
          "B": "B",
          "C": "C",
          "D": "D",
          "E": "E",
        },
        "colorItems": [
          "A",
          "B",
          "C",
          "D",
          "E",
          "A",
          "B",
          "C",
          "D",
          "E",
        ],
        "encodingAngle": "__Dim_Angle__",
        "encodingColor": "__Dim_Color__",
        "encodingColorId": "__Dim_ColorId__",
        "encodingDetail": "__Dim_Detail__",
        "encodingX": "__Dim_X__",
        "encodingY": "__Dim_Y__",
      },
    },
  ],
  "dimensions": [
    {
      "alias": "日期",
      "encoding": "yAxis",
      "id": "date",
    },
    {
      "alias": "类型",
      "encoding": "detail",
      "id": "type",
    },
    {
      "alias": "类型",
      "encoding": "color",
      "id": "type",
    },
    {
      "alias": "指标名称",
      "id": "__MeaName__",
    },
  ],
  "encoding": {
    "color": [
      "type",
    ],
    "detail": [
      "type",
    ],
    "tooltip": [
      "profit",
      "sales",
    ],
    "y": [
      "profit",
      "sales",
    ],
  },
  "locale": "zh-CN",
  "markStyle": {},
  "measures": [
    {
      "alias": "利润",
      "children": [
        {
          "alias": "利润",
          "encoding": "xAxis",
          "id": "profit",
          "parentId": "1",
        },
      ],
      "id": "0-x",
    },
    {
      "alias": "销售额",
      "children": [
        {
          "alias": "销售额",
          "encoding": "yAxis",
          "id": "sales",
          "parentId": "1",
        },
      ],
      "id": "0-y",
    },
  ],
}
`;

exports[`1_dimColor 2`] = `
{
  "animation": true,
  "axes": [
    {
      "base": 10,
      "domainLine": {
        "style": {
          "lineWidth": 1,
          "stroke": "#3641594d",
        },
        "visible": true,
      },
      "grid": {
        "style": {
          "lineWidth": 0.5,
          "stroke": "#36415926",
        },
        "visible": true,
      },
      "innerOffset": {
        "right": 7,
      },
      "inverse": false,
      "label": {
        "formatMethod": [Function],
        "style": {
          "angle": 0,
          "fill": "#797B85",
          "fontSize": 12,
          "fontWeight": 400,
        },
        "visible": true,
      },
      "max": undefined,
      "min": undefined,
      "nice": true,
      "orient": "bottom",
      "tick": {
        "inside": false,
        "style": {
          "stroke": "#3641594d",
        },
        "tickSize": 4,
        "visible": false,
      },
      "title": {
        "style": {
          "fill": "#646A73",
          "fontSize": 12,
          "fontWeight": 400,
        },
        "text": "",
        "visible": false,
      },
      "type": "linear",
      "visible": true,
      "zero": true,
    },
    {
      "base": 10,
      "domainLine": {
        "style": {
          "lineWidth": 1,
          "stroke": "#3641594d",
        },
        "visible": true,
      },
      "grid": {
        "style": {
          "lineWidth": 0.5,
          "stroke": "#36415926",
        },
        "visible": true,
      },
      "innerOffset": {
        "top": 7,
      },
      "inverse": false,
      "label": {
        "formatMethod": [Function],
        "style": {
          "angle": 0,
          "fill": "#797B85",
          "fontSize": 12,
          "fontWeight": 400,
        },
        "visible": true,
      },
      "max": undefined,
      "min": undefined,
      "nice": true,
      "orient": "left",
      "tick": {
        "inside": false,
        "style": {
          "stroke": "#3641594d",
        },
        "tickSize": 4,
        "visible": false,
      },
      "title": {
        "style": {
          "fill": "#646A73",
          "fontSize": 12,
          "fontWeight": 400,
        },
        "text": "",
        "visible": false,
      },
      "type": "linear",
      "visible": true,
      "zero": true,
    },
  ],
  "background": "transparent",
  "color": {
    "domain": [
      "A",
      "B",
      "C",
      "D",
      "E",
      "A",
      "B",
      "C",
      "D",
      "E",
    ],
    "range": [
      "#8D72F6",
      "#5766EC",
      "#66A3FE",
      "#51D5E6",
      "#4EC0B3",
      "#F9DF90",
      "#F9AD71",
      "#ED8888",
      "#E9A0C3",
      "#D77DD3",
    ],
    "specified": undefined,
    "type": "ordinal",
  },
  "crosshair": {
    "xField": {
      "label": {
        "labelBackground": {
          "style": {
            "fill": "#364159",
          },
          "visible": true,
        },
        "style": {
          "fill": "#ffffff",
        },
        "visible": true,
      },
      "line": {
        "style": {
          "lineDash": [
            4,
            2,
          ],
          "lineWidth": 1,
          "opacity": 1,
          "stroke": "#3641594d",
        },
        "type": "line",
      },
      "visible": true,
    },
    "yField": {
      "label": {
        "labelBackground": {
          "style": {
            "fill": "#364159",
          },
          "visible": true,
        },
        "style": {
          "fill": "#ffffff",
        },
        "visible": true,
      },
      "line": {
        "style": {
          "lineDash": [
            4,
            2,
          ],
          "lineWidth": 1,
          "opacity": 1,
          "stroke": "#3641594d",
        },
        "type": "line",
      },
      "visible": true,
    },
  },
  "data": {
    "fields": {},
    "id": "scatter",
    "values": [
      {
        "__Dim_ColorId__": "A",
        "__Dim_Color__": "A",
        "__Dim_Detail__": "A",
        "__MeaId__": "sales",
        "__MeaName__": "销售额",
        "__MeaXValue__": 10,
        "__MeaYValue__": 20,
        "__OriginalData__": {
          "__Dim_ColorId__": "A",
          "__Dim_Color__": "A",
          "__Dim_Detail__": "A",
          "__MeaId__": "profit",
          "__MeaName__": "利润",
          "__MeaXValue__": 10,
          "__OriginalData__": {
            "date": "2019",
            "profit": 10,
            "profit2": 10,
            "sales": 20,
            "type": "A",
          },
          "date": "2019",
          "profit": 10,
          "profit2": 10,
          "sales": 20,
          "type": "A",
        },
        "date": "2019",
        "profit": 10,
        "profit2": 10,
        "sales": 20,
        "type": "A",
      },
      {
        "__Dim_ColorId__": "B",
        "__Dim_Color__": "B",
        "__Dim_Detail__": "B",
        "__MeaId__": "sales",
        "__MeaName__": "销售额",
        "__MeaXValue__": 30,
        "__MeaYValue__": 60,
        "__OriginalData__": {
          "__Dim_ColorId__": "B",
          "__Dim_Color__": "B",
          "__Dim_Detail__": "B",
          "__MeaId__": "profit",
          "__MeaName__": "利润",
          "__MeaXValue__": 30,
          "__OriginalData__": {
            "date": "2019",
            "profit": 30,
            "profit2": 10,
            "sales": 60,
            "type": "B",
          },
          "date": "2019",
          "profit": 30,
          "profit2": 10,
          "sales": 60,
          "type": "B",
        },
        "date": "2019",
        "profit": 30,
        "profit2": 10,
        "sales": 60,
        "type": "B",
      },
      {
        "__Dim_ColorId__": "C",
        "__Dim_Color__": "C",
        "__Dim_Detail__": "C",
        "__MeaId__": "sales",
        "__MeaName__": "销售额",
        "__MeaXValue__": 30,
        "__MeaYValue__": 60,
        "__OriginalData__": {
          "__Dim_ColorId__": "C",
          "__Dim_Color__": "C",
          "__Dim_Detail__": "C",
          "__MeaId__": "profit",
          "__MeaName__": "利润",
          "__MeaXValue__": 30,
          "__OriginalData__": {
            "date": "2019",
            "profit": 30,
            "profit2": 10,
            "sales": 60,
            "type": "C",
          },
          "date": "2019",
          "profit": 30,
          "profit2": 10,
          "sales": 60,
          "type": "C",
        },
        "date": "2019",
        "profit": 30,
        "profit2": 10,
        "sales": 60,
        "type": "C",
      },
      {
        "__Dim_ColorId__": "D",
        "__Dim_Color__": "D",
        "__Dim_Detail__": "D",
        "__MeaId__": "sales",
        "__MeaName__": "销售额",
        "__MeaXValue__": 50,
        "__MeaYValue__": 100,
        "__OriginalData__": {
          "__Dim_ColorId__": "D",
          "__Dim_Color__": "D",
          "__Dim_Detail__": "D",
          "__MeaId__": "profit",
          "__MeaName__": "利润",
          "__MeaXValue__": 50,
          "__OriginalData__": {
            "date": "2019",
            "profit": 50,
            "profit2": 10,
            "sales": 100,
            "type": "D",
          },
          "date": "2019",
          "profit": 50,
          "profit2": 10,
          "sales": 100,
          "type": "D",
        },
        "date": "2019",
        "profit": 50,
        "profit2": 10,
        "sales": 100,
        "type": "D",
      },
      {
        "__Dim_ColorId__": "E",
        "__Dim_Color__": "E",
        "__Dim_Detail__": "E",
        "__MeaId__": "sales",
        "__MeaName__": "销售额",
        "__MeaXValue__": 40,
        "__MeaYValue__": 80,
        "__OriginalData__": {
          "__Dim_ColorId__": "E",
          "__Dim_Color__": "E",
          "__Dim_Detail__": "E",
          "__MeaId__": "profit",
          "__MeaName__": "利润",
          "__MeaXValue__": 40,
          "__OriginalData__": {
            "date": "2019",
            "profit": 40,
            "profit2": 10,
            "sales": 80,
            "type": "E",
          },
          "date": "2019",
          "profit": 40,
          "profit2": 10,
          "sales": 80,
          "type": "E",
        },
        "date": "2019",
        "profit": 40,
        "profit2": 10,
        "sales": 80,
        "type": "E",
      },
      {
        "__Dim_ColorId__": "A",
        "__Dim_Color__": "A",
        "__Dim_Detail__": "A",
        "__MeaId__": "sales",
        "__MeaName__": "销售额",
        "__MeaXValue__": 10,
        "__MeaYValue__": 20,
        "__OriginalData__": {
          "__Dim_ColorId__": "A",
          "__Dim_Color__": "A",
          "__Dim_Detail__": "A",
          "__MeaId__": "profit",
          "__MeaName__": "利润",
          "__MeaXValue__": 10,
          "__OriginalData__": {
            "date": "2020",
            "profit": 10,
            "profit2": 10,
            "sales": 20,
            "type": "A",
          },
          "date": "2020",
          "profit": 10,
          "profit2": 10,
          "sales": 20,
          "type": "A",
        },
        "date": "2020",
        "profit": 10,
        "profit2": 10,
        "sales": 20,
        "type": "A",
      },
      {
        "__Dim_ColorId__": "B",
        "__Dim_Color__": "B",
        "__Dim_Detail__": "B",
        "__MeaId__": "sales",
        "__MeaName__": "销售额",
        "__MeaXValue__": 30,
        "__MeaYValue__": 60,
        "__OriginalData__": {
          "__Dim_ColorId__": "B",
          "__Dim_Color__": "B",
          "__Dim_Detail__": "B",
          "__MeaId__": "profit",
          "__MeaName__": "利润",
          "__MeaXValue__": 30,
          "__OriginalData__": {
            "date": "2020",
            "profit": 30,
            "profit2": 10,
            "sales": 60,
            "type": "B",
          },
          "date": "2020",
          "profit": 30,
          "profit2": 10,
          "sales": 60,
          "type": "B",
        },
        "date": "2020",
        "profit": 30,
        "profit2": 10,
        "sales": 60,
        "type": "B",
      },
      {
        "__Dim_ColorId__": "C",
        "__Dim_Color__": "C",
        "__Dim_Detail__": "C",
        "__MeaId__": "sales",
        "__MeaName__": "销售额",
        "__MeaXValue__": 30,
        "__MeaYValue__": 60,
        "__OriginalData__": {
          "__Dim_ColorId__": "C",
          "__Dim_Color__": "C",
          "__Dim_Detail__": "C",
          "__MeaId__": "profit",
          "__MeaName__": "利润",
          "__MeaXValue__": 30,
          "__OriginalData__": {
            "date": "2020",
            "profit": 30,
            "profit2": 10,
            "sales": 60,
            "type": "C",
          },
          "date": "2020",
          "profit": 30,
          "profit2": 10,
          "sales": 60,
          "type": "C",
        },
        "date": "2020",
        "profit": 30,
        "profit2": 10,
        "sales": 60,
        "type": "C",
      },
      {
        "__Dim_ColorId__": "D",
        "__Dim_Color__": "D",
        "__Dim_Detail__": "D",
        "__MeaId__": "sales",
        "__MeaName__": "销售额",
        "__MeaXValue__": 50,
        "__MeaYValue__": 100,
        "__OriginalData__": {
          "__Dim_ColorId__": "D",
          "__Dim_Color__": "D",
          "__Dim_Detail__": "D",
          "__MeaId__": "profit",
          "__MeaName__": "利润",
          "__MeaXValue__": 50,
          "__OriginalData__": {
            "date": "2020",
            "profit": 50,
            "profit2": 10,
            "sales": 100,
            "type": "D",
          },
          "date": "2020",
          "profit": 50,
          "profit2": 10,
          "sales": 100,
          "type": "D",
        },
        "date": "2020",
        "profit": 50,
        "profit2": 10,
        "sales": 100,
        "type": "D",
      },
      {
        "__Dim_ColorId__": "E",
        "__Dim_Color__": "E",
        "__Dim_Detail__": "E",
        "__MeaId__": "sales",
        "__MeaName__": "销售额",
        "__MeaXValue__": 40,
        "__MeaYValue__": 80,
        "__OriginalData__": {
          "__Dim_ColorId__": "E",
          "__Dim_Color__": "E",
          "__Dim_Detail__": "E",
          "__MeaId__": "profit",
          "__MeaName__": "利润",
          "__MeaXValue__": 40,
          "__OriginalData__": {
            "date": "2020",
            "profit": 40,
            "profit2": 10,
            "sales": 80,
            "type": "E",
          },
          "date": "2020",
          "profit": 40,
          "profit2": 10,
          "sales": 80,
          "type": "E",
        },
        "date": "2020",
        "profit": 40,
        "profit2": 10,
        "sales": 80,
        "type": "E",
      },
    ],
  },
  "direction": "vertical",
  "label": {
    "formatMethod": [Function],
    "visible": true,
  },
  "legends": {
    "autoPage": true,
    "data": [Function],
    "item": {
      "background": {
        "state": {
          "selectedHover": {
            "fill": "#646A73",
            "fillOpacity": 0.05,
          },
        },
      },
      "focus": true,
      "focusIconStyle": {
        "fill": "#646A73",
        "fontWeight": 400,
        "size": 14,
      },
      "label": {
        "formatMethod": [Function],
        "style": {
          "fill": "#646A73",
          "fontSize": 12,
          "fontWeight": 400,
        },
      },
      "maxWidth": "30%",
      "shape": {
        "space": 6,
        "style": {
          "size": 8,
          "symbolType": "rectRound",
        },
      },
    },
    "maxCol": 1,
    "maxRow": 1,
    "orient": "right",
    "padding": 0,
    "position": "start",
    "type": "discrete",
    "visible": true,
  },
  "padding": 0,
  "point": {
    "state": {
      "hover": {
        "fillOpacity": 0.6,
        "lineWidth": 1,
        "scaleX": 1.4,
        "scaleY": 1.4,
        "stroke": [Function],
      },
    },
    "style": {},
  },
  "region": [
    {
      "clip": true,
    },
  ],
  "seriesField": "__Dim_ColorId__",
  "tooltip": {
    "dimension": {
      "content": [
        {
          "key": [Function],
          "shapeType": "rectRound",
          "value": [Function],
          "visible": true,
        },
      ],
    },
    "mark": {
      "content": [
        {
          "hasShape": true,
          "key": [Function],
          "shapeType": "rectRound",
          "value": [Function],
          "visible": true,
        },
        {
          "hasShape": true,
          "key": [Function],
          "shapeType": "rectRound",
          "value": [Function],
          "visible": true,
        },
        {
          "hasShape": true,
          "key": [Function],
          "shapeType": "rectRound",
          "value": [Function],
          "visible": true,
        },
        {
          "hasShape": true,
          "key": [Function],
          "shapeType": "rectRound",
          "value": [Function],
          "visible": true,
        },
        {
          "hasShape": true,
          "key": [Function],
          "value": [Function],
          "visible": true,
        },
      ],
      "title": {
        "visible": true,
      },
    },
    "visible": true,
  },
  "type": "scatter",
  "xField": "__MeaXValue__",
  "yField": "__MeaYValue__",
}
`;
