// Vitest Snapshot v1, https://vitest.dev/guide/snapshot.html

exports[`basicScatter 1`] = `
{
  "annotation": {},
  "chartType": "scatter",
  "config": {
    "scatter": {
      "backgroundColor": "transparent",
      "color": {
        "colorScheme": [
          "#8D72F6",
          "#5766EC",
          "#66A3FE",
          "#51D5E6",
          "#4EC0B3",
          "#F9DF90",
          "#F9AD71",
          "#ED8888",
          "#E9A0C3",
          "#D77DD3",
        ],
        "linearColorScheme": [
          "#C2CEFF",
          "#5766EC",
        ],
      },
      "crosshairLine": {
        "labelBackgroundColor": "#364159",
        "labelColor": "#ffffff",
        "labelVisible": true,
        "lineColor": "#3641594d",
        "visible": true,
      },
      "label": {
        "enable": true,
        "labelColorSmartInvert": false,
        "labelOverlap": true,
        "showValue": false,
        "showValuePercent": false,
        "wrap": true,
      },
      "legend": {
        "border": true,
        "enable": true,
        "labelColor": "#646A73",
        "labelFontSize": 12,
        "labelFontWeight": 400,
        "maxSize": 1,
        "position": "rt",
        "shapeType": "rectRound",
      },
      "pivotGrid": {
        "bodyFontColor": "#141414",
        "borderColor": "#e3e5eb",
        "headerBackgroundColor": "#f6f7f9",
        "headerFontColor": "#21252c",
        "hoverHeaderBackgroundColor": "#D9DDE4",
        "hoverHeaderInlineBackgroundColor": "#D9DDE455",
      },
      "sizeRange": [
        8,
        24,
      ],
      "tooltip": {
        "enable": true,
      },
      "xAxis": {
        "grid": {
          "gridColor": "#36415926",
          "gridWidth": 0.5,
          "visible": true,
        },
        "inverse": false,
        "label": {
          "labelAngle": 0,
          "labelColor": "#797B85",
          "labelFontSize": 12,
          "labelFontWeight": 400,
          "visible": true,
        },
        "line": {
          "lineColor": "#3641594d",
          "lineWidth": 1,
          "visible": true,
        },
        "nice": true,
        "tick": {
          "tickColor": "#3641594d",
          "tickInside": false,
          "tickSize": 4,
          "visible": false,
        },
        "title": {
          "titleColor": "#646A73",
          "titleFontSize": 12,
          "titleFontWeight": 400,
          "titleText": "",
          "visible": false,
        },
        "zero": true,
      },
      "yAxis": {
        "grid": {
          "gridColor": "#36415926",
          "gridWidth": 0.5,
          "visible": true,
        },
        "inverse": false,
        "label": {
          "labelAngle": 0,
          "labelColor": "#797B85",
          "labelFontSize": 12,
          "labelFontWeight": 400,
          "visible": true,
        },
        "line": {
          "lineColor": "#3641594d",
          "lineWidth": 1,
          "visible": true,
        },
        "nice": true,
        "tick": {
          "tickColor": "#3641594d",
          "tickInside": false,
          "tickSize": 4,
          "visible": false,
        },
        "title": {
          "titleColor": "#646A73",
          "titleFontSize": 12,
          "titleFontWeight": 400,
          "titleText": "",
          "visible": false,
        },
        "zero": true,
      },
    },
  },
  "customTheme": {
    "config": {
      "scatter": {
        "backgroundColor": "transparent",
        "color": {
          "colorScheme": [
            "#8D72F6",
            "#5766EC",
            "#66A3FE",
            "#51D5E6",
            "#4EC0B3",
            "#F9DF90",
            "#F9AD71",
            "#ED8888",
            "#E9A0C3",
            "#D77DD3",
          ],
          "linearColorScheme": [
            "#C2CEFF",
            "#5766EC",
          ],
        },
        "crosshairLine": {
          "labelBackgroundColor": "#364159",
          "labelColor": "#ffffff",
          "labelVisible": true,
          "lineColor": "#3641594d",
          "visible": true,
        },
        "label": {
          "enable": true,
          "labelColorSmartInvert": false,
          "labelOverlap": true,
          "showValue": false,
          "showValuePercent": false,
          "wrap": true,
        },
        "legend": {
          "border": true,
          "enable": true,
          "labelColor": "#646A73",
          "labelFontSize": 12,
          "labelFontWeight": 400,
          "maxSize": 1,
          "position": "rt",
          "shapeType": "rectRound",
        },
        "pivotGrid": {
          "bodyFontColor": "#141414",
          "borderColor": "#e3e5eb",
          "headerBackgroundColor": "#f6f7f9",
          "headerFontColor": "#21252c",
          "hoverHeaderBackgroundColor": "#D9DDE4",
          "hoverHeaderInlineBackgroundColor": "#D9DDE455",
        },
        "sizeRange": [
          8,
          24,
        ],
        "tooltip": {
          "enable": true,
        },
        "xAxis": {
          "grid": {
            "gridColor": "#36415926",
            "gridWidth": 0.5,
            "visible": true,
          },
          "inverse": false,
          "label": {
            "labelAngle": 0,
            "labelColor": "#797B85",
            "labelFontSize": 12,
            "labelFontWeight": 400,
            "visible": true,
          },
          "line": {
            "lineColor": "#3641594d",
            "lineWidth": 1,
            "visible": true,
          },
          "nice": true,
          "tick": {
            "tickColor": "#3641594d",
            "tickInside": false,
            "tickSize": 4,
            "visible": false,
          },
          "title": {
            "titleColor": "#646A73",
            "titleFontSize": 12,
            "titleFontWeight": 400,
            "titleText": "",
            "visible": false,
          },
          "zero": true,
        },
        "yAxis": {
          "grid": {
            "gridColor": "#36415926",
            "gridWidth": 0.5,
            "visible": true,
          },
          "inverse": false,
          "label": {
            "labelAngle": 0,
            "labelColor": "#797B85",
            "labelFontSize": 12,
            "labelFontWeight": 400,
            "visible": true,
          },
          "line": {
            "lineColor": "#3641594d",
            "lineWidth": 1,
            "visible": true,
          },
          "nice": true,
          "tick": {
            "tickColor": "#3641594d",
            "tickInside": false,
            "tickSize": 4,
            "visible": false,
          },
          "title": {
            "titleColor": "#646A73",
            "titleFontSize": 12,
            "titleFontWeight": 400,
            "titleText": "",
            "visible": false,
          },
          "zero": true,
        },
      },
    },
  },
  "dataset": [
    {
      "__Dim_ColorId__": "2019",
      "__Dim_Color__": "2019",
      "__Dim_Detail__": "2019",
      "__MeaName__": "利润",
      "__MeaXId__": "sales",
      "__MeaXValue__": 200000,
      "__MeaYId__": "profit",
      "__MeaYValue__": 10000,
      "__OriginalData__": {
        "__Dim_ColorId__": "2019",
        "__Dim_Color__": "2019",
        "__Dim_Detail__": "2019",
        "__MeaName__": "销售额",
        "__MeaXId__": "sales",
        "__MeaXValue__": 200000,
        "__OriginalData__": {
          "date": "2019",
          "profit": 10000,
          "sales": 200000,
        },
        "date": "2019",
        "profit": 10000,
        "sales": 200000,
      },
      "date": "2019",
      "profit": 10000,
      "sales": 200000,
    },
    {
      "__Dim_ColorId__": "2020",
      "__Dim_Color__": "2020",
      "__Dim_Detail__": "2020",
      "__MeaName__": "利润",
      "__MeaXId__": "sales",
      "__MeaXValue__": 400000,
      "__MeaYId__": "profit",
      "__MeaYValue__": 20000,
      "__OriginalData__": {
        "__Dim_ColorId__": "2020",
        "__Dim_Color__": "2020",
        "__Dim_Detail__": "2020",
        "__MeaName__": "销售额",
        "__MeaXId__": "sales",
        "__MeaXValue__": 400000,
        "__OriginalData__": {
          "date": "2020",
          "profit": 20000,
          "sales": 400000,
        },
        "date": "2020",
        "profit": 20000,
        "sales": 400000,
      },
      "date": "2020",
      "profit": 20000,
      "sales": 400000,
    },
    {
      "__Dim_ColorId__": "2021",
      "__Dim_Color__": "2021",
      "__Dim_Detail__": "2021",
      "__MeaName__": "利润",
      "__MeaXId__": "sales",
      "__MeaXValue__": 600000,
      "__MeaYId__": "profit",
      "__MeaYValue__": 30000,
      "__OriginalData__": {
        "__Dim_ColorId__": "2021",
        "__Dim_Color__": "2021",
        "__Dim_Detail__": "2021",
        "__MeaName__": "销售额",
        "__MeaXId__": "sales",
        "__MeaXValue__": 600000,
        "__OriginalData__": {
          "date": "2021",
          "profit": 30000,
          "sales": 600000,
        },
        "date": "2021",
        "profit": 30000,
        "sales": 600000,
      },
      "date": "2021",
      "profit": 30000,
      "sales": 600000,
    },
    {
      "__Dim_ColorId__": "2022",
      "__Dim_Color__": "2022",
      "__Dim_Detail__": "2022",
      "__MeaName__": "利润",
      "__MeaXId__": "sales",
      "__MeaXValue__": 800000,
      "__MeaYId__": "profit",
      "__MeaYValue__": 40000,
      "__OriginalData__": {
        "__Dim_ColorId__": "2022",
        "__Dim_Color__": "2022",
        "__Dim_Detail__": "2022",
        "__MeaName__": "销售额",
        "__MeaXId__": "sales",
        "__MeaXValue__": 800000,
        "__OriginalData__": {
          "date": "2022",
          "profit": 40000,
          "sales": 800000,
        },
        "date": "2022",
        "profit": 40000,
        "sales": 800000,
      },
      "date": "2022",
      "profit": 40000,
      "sales": 800000,
    },
    {
      "__Dim_ColorId__": "2023",
      "__Dim_Color__": "2023",
      "__Dim_Detail__": "2023",
      "__MeaName__": "利润",
      "__MeaXId__": "sales",
      "__MeaXValue__": 1000000,
      "__MeaYId__": "profit",
      "__MeaYValue__": 50000,
      "__OriginalData__": {
        "__Dim_ColorId__": "2023",
        "__Dim_Color__": "2023",
        "__Dim_Detail__": "2023",
        "__MeaName__": "销售额",
        "__MeaXId__": "sales",
        "__MeaXValue__": 1000000,
        "__OriginalData__": {
          "date": "2023",
          "profit": 50000,
          "sales": 1000000,
        },
        "date": "2023",
        "profit": 50000,
        "sales": 1000000,
      },
      "date": "2023",
      "profit": 50000,
      "sales": 1000000,
    },
  ],
  "datasetReshapeInfo": [
    {
      "foldInfo": {
        "foldMap": {
          "sales": "销售额",
        },
        "measureId": "__MeaXId__",
        "measureName": "__MeaName__",
        "measureValue": "__MeaXValue__",
        "statistics": {
          "colorMax": -Infinity,
          "colorMin": Infinity,
          "count": 5,
          "max": 1000000,
          "min": 200000,
          "sum": 3000000,
        },
      },
      "foldInfoList": [
        {
          "foldMap": {
            "sales": "销售额",
          },
          "measureId": "__MeaXId__",
          "measureName": "__MeaName__",
          "measureValue": "__MeaXValue__",
          "statistics": {
            "colorMax": -Infinity,
            "colorMin": Infinity,
            "count": 5,
            "max": 1000000,
            "min": 200000,
            "sum": 3000000,
          },
        },
        {
          "foldMap": {
            "profit": "利润",
          },
          "measureId": "__MeaYId__",
          "measureName": "__MeaName__",
          "measureValue": "__MeaYValue__",
          "statistics": {
            "colorMax": -Infinity,
            "colorMin": Infinity,
            "count": 5,
            "max": 50000,
            "min": 10000,
            "sum": 150000,
          },
        },
      ],
      "id": "scatter",
      "index": 0,
      "unfoldInfo": {
        "colorIdMap": {
          "2019": "2019",
          "2020": "2020",
          "2021": "2021",
          "2022": "2022",
          "2023": "2023",
        },
        "colorItems": [
          "2019",
          "2020",
          "2021",
          "2022",
          "2023",
          "2019",
          "2020",
          "2021",
          "2022",
          "2023",
        ],
        "encodingAngle": "__Dim_Angle__",
        "encodingColor": "__Dim_Color__",
        "encodingColorId": "__Dim_ColorId__",
        "encodingDetail": "__Dim_Detail__",
        "encodingX": "__Dim_X__",
        "encodingY": "__Dim_Y__",
      },
    },
  ],
  "dimensions": [
    {
      "alias": "日期",
      "id": "date",
    },
    {
      "alias": "指标名称",
      "id": "__MeaName__",
    },
  ],
  "encoding": {
    "color": [
      "date",
    ],
    "column": [],
    "detail": [
      "date",
    ],
    "label": [],
    "row": [],
    "tooltip": [
      "date",
    ],
    "y": [
      "sales",
      "profit",
    ],
  },
  "locale": "zh-CN",
  "markStyle": {},
  "measures": [
    {
      "alias": "销售额",
      "children": [
        {
          "alias": "销售额",
          "autoFormat": true,
          "id": "sales",
        },
      ],
      "id": "0-x",
    },
    {
      "alias": "利润",
      "children": [
        {
          "alias": "利润",
          "autoFormat": false,
          "format": {
            "decimalPlaces": 0,
            "prefix": "利润",
            "ratio": 1000,
            "suffix": "$",
            "symbol": "千",
            "thousandSeparator": true,
            "type": "number",
          },
          "id": "profit",
        },
      ],
      "id": "0-y",
    },
  ],
}
`;

exports[`basicScatter 2`] = `
{
  "animation": true,
  "axes": [
    {
      "base": 10,
      "domainLine": {
        "style": {
          "lineWidth": 1,
          "stroke": "#3641594d",
        },
        "visible": true,
      },
      "grid": {
        "style": {
          "lineWidth": 0.5,
          "stroke": "#36415926",
        },
        "visible": true,
      },
      "innerOffset": {
        "right": 7,
      },
      "inverse": false,
      "label": {
        "formatMethod": [Function],
        "style": {
          "angle": 0,
          "fill": "#797B85",
          "fontSize": 12,
          "fontWeight": 400,
        },
        "visible": true,
      },
      "max": undefined,
      "min": undefined,
      "nice": true,
      "orient": "bottom",
      "tick": {
        "inside": false,
        "style": {
          "stroke": "#3641594d",
        },
        "tickSize": 4,
        "visible": false,
      },
      "title": {
        "style": {
          "fill": "#646A73",
          "fontSize": 12,
          "fontWeight": 400,
        },
        "text": "",
        "visible": false,
      },
      "type": "linear",
      "visible": true,
      "zero": true,
    },
    {
      "base": 10,
      "domainLine": {
        "style": {
          "lineWidth": 1,
          "stroke": "#3641594d",
        },
        "visible": true,
      },
      "grid": {
        "style": {
          "lineWidth": 0.5,
          "stroke": "#36415926",
        },
        "visible": true,
      },
      "innerOffset": {
        "top": 7,
      },
      "inverse": false,
      "label": {
        "formatMethod": [Function],
        "style": {
          "angle": 0,
          "fill": "#797B85",
          "fontSize": 12,
          "fontWeight": 400,
        },
        "visible": true,
      },
      "max": undefined,
      "min": undefined,
      "nice": true,
      "orient": "left",
      "tick": {
        "inside": false,
        "style": {
          "stroke": "#3641594d",
        },
        "tickSize": 4,
        "visible": false,
      },
      "title": {
        "style": {
          "fill": "#646A73",
          "fontSize": 12,
          "fontWeight": 400,
        },
        "text": "销售额 & 利润",
        "visible": false,
      },
      "type": "linear",
      "visible": true,
      "zero": true,
    },
  ],
  "background": "transparent",
  "color": {
    "domain": [
      "2019",
      "2020",
      "2021",
      "2022",
      "2023",
      "2019",
      "2020",
      "2021",
      "2022",
      "2023",
    ],
    "range": [
      "#8D72F6",
      "#5766EC",
      "#66A3FE",
      "#51D5E6",
      "#4EC0B3",
      "#F9DF90",
      "#F9AD71",
      "#ED8888",
      "#E9A0C3",
      "#D77DD3",
    ],
    "specified": undefined,
    "type": "ordinal",
  },
  "crosshair": {
    "xField": {
      "label": {
        "labelBackground": {
          "style": {
            "fill": "#364159",
          },
          "visible": true,
        },
        "style": {
          "fill": "#ffffff",
        },
        "visible": true,
      },
      "line": {
        "style": {
          "lineDash": [
            4,
            2,
          ],
          "lineWidth": 1,
          "opacity": 1,
          "stroke": "#3641594d",
        },
        "type": "line",
      },
      "visible": true,
    },
    "yField": {
      "label": {
        "labelBackground": {
          "style": {
            "fill": "#364159",
          },
          "visible": true,
        },
        "style": {
          "fill": "#ffffff",
        },
        "visible": true,
      },
      "line": {
        "style": {
          "lineDash": [
            4,
            2,
          ],
          "lineWidth": 1,
          "opacity": 1,
          "stroke": "#3641594d",
        },
        "type": "line",
      },
      "visible": true,
    },
  },
  "data": {
    "fields": {},
    "id": "scatter",
    "values": [
      {
        "__Dim_ColorId__": "2019",
        "__Dim_Color__": "2019",
        "__Dim_Detail__": "2019",
        "__MeaName__": "利润",
        "__MeaXId__": "sales",
        "__MeaXValue__": 200000,
        "__MeaYId__": "profit",
        "__MeaYValue__": 10000,
        "__OriginalData__": {
          "__Dim_ColorId__": "2019",
          "__Dim_Color__": "2019",
          "__Dim_Detail__": "2019",
          "__MeaName__": "销售额",
          "__MeaXId__": "sales",
          "__MeaXValue__": 200000,
          "__OriginalData__": {
            "date": "2019",
            "profit": 10000,
            "sales": 200000,
          },
          "date": "2019",
          "profit": 10000,
          "sales": 200000,
        },
        "date": "2019",
        "profit": 10000,
        "sales": 200000,
      },
      {
        "__Dim_ColorId__": "2020",
        "__Dim_Color__": "2020",
        "__Dim_Detail__": "2020",
        "__MeaName__": "利润",
        "__MeaXId__": "sales",
        "__MeaXValue__": 400000,
        "__MeaYId__": "profit",
        "__MeaYValue__": 20000,
        "__OriginalData__": {
          "__Dim_ColorId__": "2020",
          "__Dim_Color__": "2020",
          "__Dim_Detail__": "2020",
          "__MeaName__": "销售额",
          "__MeaXId__": "sales",
          "__MeaXValue__": 400000,
          "__OriginalData__": {
            "date": "2020",
            "profit": 20000,
            "sales": 400000,
          },
          "date": "2020",
          "profit": 20000,
          "sales": 400000,
        },
        "date": "2020",
        "profit": 20000,
        "sales": 400000,
      },
      {
        "__Dim_ColorId__": "2021",
        "__Dim_Color__": "2021",
        "__Dim_Detail__": "2021",
        "__MeaName__": "利润",
        "__MeaXId__": "sales",
        "__MeaXValue__": 600000,
        "__MeaYId__": "profit",
        "__MeaYValue__": 30000,
        "__OriginalData__": {
          "__Dim_ColorId__": "2021",
          "__Dim_Color__": "2021",
          "__Dim_Detail__": "2021",
          "__MeaName__": "销售额",
          "__MeaXId__": "sales",
          "__MeaXValue__": 600000,
          "__OriginalData__": {
            "date": "2021",
            "profit": 30000,
            "sales": 600000,
          },
          "date": "2021",
          "profit": 30000,
          "sales": 600000,
        },
        "date": "2021",
        "profit": 30000,
        "sales": 600000,
      },
      {
        "__Dim_ColorId__": "2022",
        "__Dim_Color__": "2022",
        "__Dim_Detail__": "2022",
        "__MeaName__": "利润",
        "__MeaXId__": "sales",
        "__MeaXValue__": 800000,
        "__MeaYId__": "profit",
        "__MeaYValue__": 40000,
        "__OriginalData__": {
          "__Dim_ColorId__": "2022",
          "__Dim_Color__": "2022",
          "__Dim_Detail__": "2022",
          "__MeaName__": "销售额",
          "__MeaXId__": "sales",
          "__MeaXValue__": 800000,
          "__OriginalData__": {
            "date": "2022",
            "profit": 40000,
            "sales": 800000,
          },
          "date": "2022",
          "profit": 40000,
          "sales": 800000,
        },
        "date": "2022",
        "profit": 40000,
        "sales": 800000,
      },
      {
        "__Dim_ColorId__": "2023",
        "__Dim_Color__": "2023",
        "__Dim_Detail__": "2023",
        "__MeaName__": "利润",
        "__MeaXId__": "sales",
        "__MeaXValue__": 1000000,
        "__MeaYId__": "profit",
        "__MeaYValue__": 50000,
        "__OriginalData__": {
          "__Dim_ColorId__": "2023",
          "__Dim_Color__": "2023",
          "__Dim_Detail__": "2023",
          "__MeaName__": "销售额",
          "__MeaXId__": "sales",
          "__MeaXValue__": 1000000,
          "__OriginalData__": {
            "date": "2023",
            "profit": 50000,
            "sales": 1000000,
          },
          "date": "2023",
          "profit": 50000,
          "sales": 1000000,
        },
        "date": "2023",
        "profit": 50000,
        "sales": 1000000,
      },
    ],
  },
  "direction": "vertical",
  "label": {
    "formatMethod": [Function],
    "overlap": {
      "clampForce": true,
      "hideOnHit": true,
    },
    "position": undefined,
    "smartInvert": false,
    "style": {
      "background": undefined,
      "fill": undefined,
      "fontSize": undefined,
      "fontWeight": undefined,
    },
    "visible": true,
  },
  "legends": {
    "autoPage": true,
    "data": [Function],
    "item": {
      "background": {
        "state": {
          "selectedHover": {
            "fill": "#646A73",
            "fillOpacity": 0.05,
          },
        },
      },
      "focus": true,
      "focusIconStyle": {
        "fill": "#646A73",
        "fontWeight": 400,
        "size": 14,
      },
      "label": {
        "formatMethod": [Function],
        "style": {
          "fill": "#646A73",
          "fontSize": 12,
          "fontWeight": 400,
        },
      },
      "maxWidth": "30%",
      "shape": {
        "space": 6,
        "style": {
          "size": 8,
          "symbolType": "rectRound",
        },
      },
    },
    "maxCol": 1,
    "maxRow": 1,
    "orient": "right",
    "padding": 0,
    "position": "start",
    "type": "discrete",
    "visible": true,
  },
  "padding": 0,
  "point": {
    "state": {
      "hover": {
        "fillOpacity": 0.6,
        "lineWidth": 1,
        "scaleX": 1.4,
        "scaleY": 1.4,
        "stroke": [Function],
      },
    },
    "style": {},
  },
  "region": [
    {
      "clip": true,
    },
  ],
  "seriesField": "__Dim_ColorId__",
  "tooltip": {
    "dimension": {
      "visible": false,
    },
    "mark": {
      "content": [
        {
          "hasShape": true,
          "key": [Function],
          "shapeType": "rectRound",
          "value": [Function],
          "visible": true,
        },
        {
          "hasShape": true,
          "key": [Function],
          "shapeType": "rectRound",
          "value": [Function],
          "visible": true,
        },
        {
          "hasShape": true,
          "key": [Function],
          "shapeType": "rectRound",
          "value": [Function],
          "visible": true,
        },
      ],
      "title": {
        "visible": false,
      },
    },
    "visible": true,
  },
  "type": "scatter",
  "xField": "__MeaXValue__",
  "yField": "__MeaYValue__",
}
`;

exports[`basicScatter 3`] = `
{
  "advancedPipeline": [
    [Function],
    [Function],
    [Function],
    [Function],
    [Function],
    [Function],
    [Function],
    [Function],
    [Function],
    [Function],
  ],
  "colorIdMap": {
    "2019": "2019",
    "2020": "2020",
    "2021": "2021",
    "2022": "2022",
    "2023": "2023",
  },
  "colorItems": [
    {
      "alias": "2019",
      "id": "2019",
    },
    {
      "alias": "2020",
      "id": "2020",
    },
    {
      "alias": "2021",
      "id": "2021",
    },
    {
      "alias": "2022",
      "id": "2022",
    },
    {
      "alias": "2023",
      "id": "2023",
    },
  ],
  "hasTheme": true,
  "specPipeline": [
    [Function],
  ],
  "themeMapKeys": [
    "light",
    "dark",
  ],
}
`;
