// Vitest Snapshot v1, https://vitest.dev/guide/snapshot.html

exports[`2_meaColor 1`] = `
{
  "annotation": {},
  "chartType": "radar",
  "config": {
    "radar": {
      "backgroundColor": "transparent",
      "color": {
        "colorScheme": [
          "#8D72F6",
          "#5766EC",
          "#66A3FE",
          "#51D5E6",
          "#4EC0B3",
          "#F9DF90",
          "#F9AD71",
          "#ED8888",
          "#E9A0C3",
          "#D77DD3",
        ],
        "linearColorScheme": [
          "#C2CEFF",
          "#5766EC",
        ],
      },
      "label": {
        "enable": true,
        "labelColorSmartInvert": false,
        "labelOverlap": true,
        "showValue": true,
        "showValuePercent": false,
        "wrap": true,
      },
      "legend": {
        "border": true,
        "enable": true,
        "labelColor": "#646A73",
        "labelFontSize": 12,
        "labelFontWeight": 400,
        "maxSize": 1,
        "position": "rt",
        "shapeType": "rectRound",
      },
      "pivotGrid": {
        "bodyFontColor": "#141414",
        "borderColor": "#e3e5eb",
        "headerBackgroundColor": "#f6f7f9",
        "headerFontColor": "#21252c",
        "hoverHeaderBackgroundColor": "#D9DDE4",
        "hoverHeaderInlineBackgroundColor": "#D9DDE455",
      },
      "tooltip": {
        "enable": true,
      },
    },
  },
  "customTheme": {
    "config": {
      "radar": {
        "backgroundColor": "transparent",
        "color": {
          "colorScheme": [
            "#8D72F6",
            "#5766EC",
            "#66A3FE",
            "#51D5E6",
            "#4EC0B3",
            "#F9DF90",
            "#F9AD71",
            "#ED8888",
            "#E9A0C3",
            "#D77DD3",
          ],
          "linearColorScheme": [
            "#C2CEFF",
            "#5766EC",
          ],
        },
        "label": {
          "enable": true,
          "labelColorSmartInvert": false,
          "labelOverlap": true,
          "showValue": true,
          "showValuePercent": false,
          "wrap": true,
        },
        "legend": {
          "border": true,
          "enable": true,
          "labelColor": "#646A73",
          "labelFontSize": 12,
          "labelFontWeight": 400,
          "maxSize": 1,
          "position": "rt",
          "shapeType": "rectRound",
        },
        "pivotGrid": {
          "bodyFontColor": "#141414",
          "borderColor": "#e3e5eb",
          "headerBackgroundColor": "#f6f7f9",
          "headerFontColor": "#21252c",
          "hoverHeaderBackgroundColor": "#D9DDE4",
          "hoverHeaderInlineBackgroundColor": "#D9DDE455",
        },
        "tooltip": {
          "enable": true,
        },
      },
    },
  },
  "dataset": [
    {
      "__Dim_Angle__": "A",
      "__Dim_ColorId__": "sales",
      "__Dim_Color__": 20,
      "__Dim_Detail__": "利润",
      "__MeaId__": "profit",
      "__MeaName__": "利润",
      "__MeaValue__": 10,
      "__OriginalData__": {
        "date": "2019",
        "profit": 10,
        "profit2": 10,
        "sales": 20,
        "type": "A",
      },
      "date": "2019",
      "profit": 10,
      "profit2": 10,
      "sales": 20,
      "type": "A",
    },
    {
      "__Dim_Angle__": "B",
      "__Dim_ColorId__": "sales",
      "__Dim_Color__": 60,
      "__Dim_Detail__": "利润",
      "__MeaId__": "profit",
      "__MeaName__": "利润",
      "__MeaValue__": 30,
      "__OriginalData__": {
        "date": "2019",
        "profit": 30,
        "profit2": 10,
        "sales": 60,
        "type": "B",
      },
      "date": "2019",
      "profit": 30,
      "profit2": 10,
      "sales": 60,
      "type": "B",
    },
    {
      "__Dim_Angle__": "C",
      "__Dim_ColorId__": "sales",
      "__Dim_Color__": 60,
      "__Dim_Detail__": "利润",
      "__MeaId__": "profit",
      "__MeaName__": "利润",
      "__MeaValue__": 30,
      "__OriginalData__": {
        "date": "2019",
        "profit": 30,
        "profit2": 10,
        "sales": 60,
        "type": "C",
      },
      "date": "2019",
      "profit": 30,
      "profit2": 10,
      "sales": 60,
      "type": "C",
    },
    {
      "__Dim_Angle__": "D",
      "__Dim_ColorId__": "sales",
      "__Dim_Color__": 100,
      "__Dim_Detail__": "利润",
      "__MeaId__": "profit",
      "__MeaName__": "利润",
      "__MeaValue__": 50,
      "__OriginalData__": {
        "date": "2019",
        "profit": 50,
        "profit2": 10,
        "sales": 100,
        "type": "D",
      },
      "date": "2019",
      "profit": 50,
      "profit2": 10,
      "sales": 100,
      "type": "D",
    },
    {
      "__Dim_Angle__": "E",
      "__Dim_ColorId__": "sales",
      "__Dim_Color__": 80,
      "__Dim_Detail__": "利润",
      "__MeaId__": "profit",
      "__MeaName__": "利润",
      "__MeaValue__": 40,
      "__OriginalData__": {
        "date": "2019",
        "profit": 40,
        "profit2": 10,
        "sales": 80,
        "type": "E",
      },
      "date": "2019",
      "profit": 40,
      "profit2": 10,
      "sales": 80,
      "type": "E",
    },
    {
      "__Dim_Angle__": "A",
      "__Dim_ColorId__": "sales",
      "__Dim_Color__": 20,
      "__Dim_Detail__": "利润",
      "__MeaId__": "profit",
      "__MeaName__": "利润",
      "__MeaValue__": 10,
      "__OriginalData__": {
        "date": "2020",
        "profit": 10,
        "profit2": 10,
        "sales": 20,
        "type": "A",
      },
      "date": "2020",
      "profit": 10,
      "profit2": 10,
      "sales": 20,
      "type": "A",
    },
    {
      "__Dim_Angle__": "B",
      "__Dim_ColorId__": "sales",
      "__Dim_Color__": 60,
      "__Dim_Detail__": "利润",
      "__MeaId__": "profit",
      "__MeaName__": "利润",
      "__MeaValue__": 30,
      "__OriginalData__": {
        "date": "2020",
        "profit": 30,
        "profit2": 10,
        "sales": 60,
        "type": "B",
      },
      "date": "2020",
      "profit": 30,
      "profit2": 10,
      "sales": 60,
      "type": "B",
    },
    {
      "__Dim_Angle__": "C",
      "__Dim_ColorId__": "sales",
      "__Dim_Color__": 60,
      "__Dim_Detail__": "利润",
      "__MeaId__": "profit",
      "__MeaName__": "利润",
      "__MeaValue__": 30,
      "__OriginalData__": {
        "date": "2020",
        "profit": 30,
        "profit2": 10,
        "sales": 60,
        "type": "C",
      },
      "date": "2020",
      "profit": 30,
      "profit2": 10,
      "sales": 60,
      "type": "C",
    },
    {
      "__Dim_Angle__": "D",
      "__Dim_ColorId__": "sales",
      "__Dim_Color__": 100,
      "__Dim_Detail__": "利润",
      "__MeaId__": "profit",
      "__MeaName__": "利润",
      "__MeaValue__": 50,
      "__OriginalData__": {
        "date": "2020",
        "profit": 50,
        "profit2": 10,
        "sales": 100,
        "type": "D",
      },
      "date": "2020",
      "profit": 50,
      "profit2": 10,
      "sales": 100,
      "type": "D",
    },
    {
      "__Dim_Angle__": "E",
      "__Dim_ColorId__": "sales",
      "__Dim_Color__": 80,
      "__Dim_Detail__": "利润",
      "__MeaId__": "profit",
      "__MeaName__": "利润",
      "__MeaValue__": 40,
      "__OriginalData__": {
        "date": "2020",
        "profit": 40,
        "profit2": 10,
        "sales": 80,
        "type": "E",
      },
      "date": "2020",
      "profit": 40,
      "profit2": 10,
      "sales": 80,
      "type": "E",
    },
  ],
  "datasetReshapeInfo": [
    {
      "foldInfo": {
        "foldMap": {
          "profit": "利润",
        },
        "measureId": "__MeaId__",
        "measureName": "__MeaName__",
        "measureValue": "__MeaValue__",
        "statistics": {
          "colorMax": 100,
          "colorMin": 20,
          "count": 10,
          "max": 50,
          "min": 10,
          "sum": 320,
        },
      },
      "id": "radar",
      "index": 0,
      "unfoldInfo": {
        "colorIdMap": {},
        "colorItems": [],
        "encodingAngle": "__Dim_Angle__",
        "encodingColor": "__Dim_Color__",
        "encodingColorId": "__Dim_ColorId__",
        "encodingDetail": "__Dim_Detail__",
        "encodingX": "__Dim_X__",
        "encodingY": "__Dim_Y__",
      },
    },
  ],
  "dimensions": [
    {
      "alias": "类型",
      "encoding": "angle",
      "id": "type",
    },
    {
      "alias": "日期",
      "encoding": "color",
      "id": "date",
    },
    {
      "alias": "指标名称",
      "id": "__MeaName__",
    },
  ],
  "encoding": {
    "angle": [
      "type",
    ],
    "color": [
      "sales",
    ],
    "detail": [
      "__MeaName__",
    ],
    "label": [],
    "radius": [
      "profit",
    ],
    "tooltip": [
      "type",
      "date",
    ],
  },
  "locale": "zh-CN",
  "markStyle": {},
  "measures": [
    {
      "children": [
        {
          "alias": "利润",
          "encoding": "radius",
          "id": "profit",
          "parentId": "1",
        },
      ],
      "id": "1",
    },
  ],
}
`;

exports[`2_meaColor 2`] = `
{
  "angleField": "__Dim_Angle__",
  "animation": true,
  "area": {
    "style": {
      "fill": {
        "field": "__Dim_Color__",
        "scale": "color",
      },
    },
    "visible": true,
  },
  "axes": [
    {
      "domainLine": {
        "visible": true,
      },
      "grid": {
        "visible": true,
      },
      "nice": true,
      "orient": "angle",
      "tick": {
        "visible": true,
      },
      "visible": true,
      "zero": true,
    },
    {
      "domainLine": {
        "visible": true,
      },
      "grid": {
        "visible": true,
      },
      "label": {
        "visible": true,
      },
      "nice": true,
      "orient": "radius",
      "tick": {
        "visible": true,
      },
      "visible": true,
      "zero": true,
    },
  ],
  "background": "transparent",
  "color": {
    "domain": [
      {
        "dataId": "radar",
        "fields": [
          "__Dim_Color__",
        ],
      },
    ],
    "range": [
      "#C2CEFF",
      "#5766EC",
    ],
    "type": "linear",
  },
  "data": {
    "fields": {
      "__Dim_Angle__": {
        "sortIndex": 0,
      },
      "__Dim_ColorId__": {
        "sortIndex": 0,
      },
      "__Dim_X__": {
        "sortIndex": 0,
      },
    },
    "id": "radar",
    "values": [
      {
        "__Dim_Angle__": "A",
        "__Dim_ColorId__": "sales",
        "__Dim_Color__": 20,
        "__Dim_Detail__": "利润",
        "__MeaId__": "profit",
        "__MeaName__": "利润",
        "__MeaValue__": 10,
        "__OriginalData__": {
          "date": "2019",
          "profit": 10,
          "profit2": 10,
          "sales": 20,
          "type": "A",
        },
        "date": "2019",
        "profit": 10,
        "profit2": 10,
        "sales": 20,
        "type": "A",
      },
      {
        "__Dim_Angle__": "B",
        "__Dim_ColorId__": "sales",
        "__Dim_Color__": 60,
        "__Dim_Detail__": "利润",
        "__MeaId__": "profit",
        "__MeaName__": "利润",
        "__MeaValue__": 30,
        "__OriginalData__": {
          "date": "2019",
          "profit": 30,
          "profit2": 10,
          "sales": 60,
          "type": "B",
        },
        "date": "2019",
        "profit": 30,
        "profit2": 10,
        "sales": 60,
        "type": "B",
      },
      {
        "__Dim_Angle__": "C",
        "__Dim_ColorId__": "sales",
        "__Dim_Color__": 60,
        "__Dim_Detail__": "利润",
        "__MeaId__": "profit",
        "__MeaName__": "利润",
        "__MeaValue__": 30,
        "__OriginalData__": {
          "date": "2019",
          "profit": 30,
          "profit2": 10,
          "sales": 60,
          "type": "C",
        },
        "date": "2019",
        "profit": 30,
        "profit2": 10,
        "sales": 60,
        "type": "C",
      },
      {
        "__Dim_Angle__": "D",
        "__Dim_ColorId__": "sales",
        "__Dim_Color__": 100,
        "__Dim_Detail__": "利润",
        "__MeaId__": "profit",
        "__MeaName__": "利润",
        "__MeaValue__": 50,
        "__OriginalData__": {
          "date": "2019",
          "profit": 50,
          "profit2": 10,
          "sales": 100,
          "type": "D",
        },
        "date": "2019",
        "profit": 50,
        "profit2": 10,
        "sales": 100,
        "type": "D",
      },
      {
        "__Dim_Angle__": "E",
        "__Dim_ColorId__": "sales",
        "__Dim_Color__": 80,
        "__Dim_Detail__": "利润",
        "__MeaId__": "profit",
        "__MeaName__": "利润",
        "__MeaValue__": 40,
        "__OriginalData__": {
          "date": "2019",
          "profit": 40,
          "profit2": 10,
          "sales": 80,
          "type": "E",
        },
        "date": "2019",
        "profit": 40,
        "profit2": 10,
        "sales": 80,
        "type": "E",
      },
      {
        "__Dim_Angle__": "A",
        "__Dim_ColorId__": "sales",
        "__Dim_Color__": 20,
        "__Dim_Detail__": "利润",
        "__MeaId__": "profit",
        "__MeaName__": "利润",
        "__MeaValue__": 10,
        "__OriginalData__": {
          "date": "2020",
          "profit": 10,
          "profit2": 10,
          "sales": 20,
          "type": "A",
        },
        "date": "2020",
        "profit": 10,
        "profit2": 10,
        "sales": 20,
        "type": "A",
      },
      {
        "__Dim_Angle__": "B",
        "__Dim_ColorId__": "sales",
        "__Dim_Color__": 60,
        "__Dim_Detail__": "利润",
        "__MeaId__": "profit",
        "__MeaName__": "利润",
        "__MeaValue__": 30,
        "__OriginalData__": {
          "date": "2020",
          "profit": 30,
          "profit2": 10,
          "sales": 60,
          "type": "B",
        },
        "date": "2020",
        "profit": 30,
        "profit2": 10,
        "sales": 60,
        "type": "B",
      },
      {
        "__Dim_Angle__": "C",
        "__Dim_ColorId__": "sales",
        "__Dim_Color__": 60,
        "__Dim_Detail__": "利润",
        "__MeaId__": "profit",
        "__MeaName__": "利润",
        "__MeaValue__": 30,
        "__OriginalData__": {
          "date": "2020",
          "profit": 30,
          "profit2": 10,
          "sales": 60,
          "type": "C",
        },
        "date": "2020",
        "profit": 30,
        "profit2": 10,
        "sales": 60,
        "type": "C",
      },
      {
        "__Dim_Angle__": "D",
        "__Dim_ColorId__": "sales",
        "__Dim_Color__": 100,
        "__Dim_Detail__": "利润",
        "__MeaId__": "profit",
        "__MeaName__": "利润",
        "__MeaValue__": 50,
        "__OriginalData__": {
          "date": "2020",
          "profit": 50,
          "profit2": 10,
          "sales": 100,
          "type": "D",
        },
        "date": "2020",
        "profit": 50,
        "profit2": 10,
        "sales": 100,
        "type": "D",
      },
      {
        "__Dim_Angle__": "E",
        "__Dim_ColorId__": "sales",
        "__Dim_Color__": 80,
        "__Dim_Detail__": "利润",
        "__MeaId__": "profit",
        "__MeaName__": "利润",
        "__MeaValue__": 40,
        "__OriginalData__": {
          "date": "2020",
          "profit": 40,
          "profit2": 10,
          "sales": 80,
          "type": "E",
        },
        "date": "2020",
        "profit": 40,
        "profit2": 10,
        "sales": 80,
        "type": "E",
      },
    ],
  },
  "label": {
    "formatMethod": [Function],
    "overlap": {
      "clampForce": true,
      "hideOnHit": true,
    },
    "position": undefined,
    "smartInvert": false,
    "style": {
      "background": undefined,
      "fill": undefined,
      "fontSize": undefined,
      "fontWeight": undefined,
    },
    "visible": true,
  },
  "legends": {
    "field": "__Dim_Color__",
    "handlerText": {
      "style": {
        "fill": "#646A73",
        "fontSize": 12,
        "fontWeight": 400,
      },
      "visible": true,
    },
    "maxWidth": "30%",
    "orient": "right",
    "padding": 0,
    "position": "start",
    "type": "color",
    "visible": true,
  },
  "line": {
    "style": {
      "stroke": {
        "field": "__Dim_Color__",
        "scale": "color",
      },
    },
  },
  "padding": 0,
  "point": {
    "state": {
      "dimension_hover": {
        "outerBorder": {
          "distance": 2,
          "lineWidth": 4,
          "strokeOpacity": 0.25,
        },
        "scaleX": 1.4,
        "scaleY": 1.4,
      },
    },
    "style": {
      "fill": {
        "field": "__Dim_Color__",
        "scale": "color",
      },
    },
  },
  "radiusField": "__MeaValue__",
  "region": [
    {
      "clip": true,
    },
  ],
  "seriesField": "__Dim_Detail__",
  "tooltip": {
    "dimension": {
      "content": [
        {
          "hasShape": true,
          "key": [Function],
          "shapeType": "rectRound",
          "value": [Function],
          "visible": true,
        },
      ],
      "title": {
        "visible": true,
      },
    },
    "mark": {
      "content": [
        {
          "hasShape": true,
          "key": [Function],
          "shapeType": "rectRound",
          "value": [Function],
          "visible": true,
        },
        {
          "hasShape": true,
          "key": [Function],
          "shapeType": "rectRound",
          "value": [Function],
          "visible": true,
        },
        {
          "hasShape": true,
          "key": [Function],
          "shapeType": "rectRound",
          "value": [Function],
          "visible": true,
        },
      ],
      "title": {
        "visible": false,
      },
    },
    "visible": true,
  },
  "type": "radar",
}
`;

exports[`2_meaColor 3`] = `
{
  "advancedPipeline": [
    [Function],
    [Function],
    [Function],
    [Function],
    [Function],
    [Function],
    [Function],
    [Function],
    [Function],
    [Function],
    [Function],
  ],
  "colorIdMap": {},
  "colorItems": [],
  "hasTheme": true,
  "specPipeline": [
    [Function],
  ],
  "themeMapKeys": [
    "light",
    "dark",
  ],
}
`;
