// Vitest Snapshot v1, https://vitest.dev/guide/snapshot.html

exports[`heatmap 1`] = `
{
  "annotation": {},
  "chartType": "heatmap",
  "config": {
    "heatmap": {
      "backgroundColor": "transparent",
      "color": {
        "colorScheme": [
          "#8D72F6",
          "#5766EC",
          "#66A3FE",
          "#51D5E6",
          "#4EC0B3",
          "#F9DF90",
          "#F9AD71",
          "#ED8888",
          "#E9A0C3",
          "#D77DD3",
        ],
        "linearColorScheme": [
          "#C2CEFF",
          "#5766EC",
        ],
      },
      "label": {
        "enable": true,
        "labelColorSmartInvert": true,
        "labelOverlap": true,
        "showValue": true,
        "showValuePercent": false,
        "wrap": true,
      },
      "legend": {
        "border": true,
        "enable": true,
        "labelColor": "#646A73",
        "labelFontSize": 12,
        "labelFontWeight": 400,
        "maxSize": 1,
        "position": "rt",
        "shapeType": "rectRound",
      },
      "tooltip": {
        "enable": true,
      },
    },
  },
  "customTheme": {
    "config": {
      "heatmap": {
        "backgroundColor": "transparent",
        "color": {
          "colorScheme": [
            "#8D72F6",
            "#5766EC",
            "#66A3FE",
            "#51D5E6",
            "#4EC0B3",
            "#F9DF90",
            "#F9AD71",
            "#ED8888",
            "#E9A0C3",
            "#D77DD3",
          ],
          "linearColorScheme": [
            "#C2CEFF",
            "#5766EC",
          ],
        },
        "label": {
          "enable": true,
          "labelColorSmartInvert": true,
          "labelOverlap": true,
          "showValue": true,
          "showValuePercent": false,
          "wrap": true,
        },
        "legend": {
          "border": true,
          "enable": true,
          "labelColor": "#646A73",
          "labelFontSize": 12,
          "labelFontWeight": 400,
          "maxSize": 1,
          "position": "rt",
          "shapeType": "rectRound",
        },
        "tooltip": {
          "enable": true,
        },
      },
    },
  },
  "dataset": [
    {
      "__Dim_ColorId__": "sales",
      "__Dim_Color__": 200,
      "__Dim_Detail__": "利润",
      "__Dim_X__": "2019",
      "__Dim_Y__": "利润",
      "__MeaId__": "profit",
      "__MeaName__": "利润",
      "__MeaValue__": 100,
      "__OriginalData__": {
        "count": 500,
        "date": "2019",
        "profit": 100,
        "sales": 200,
      },
      "count": 500,
      "date": "2019",
      "profit": 100,
      "sales": 200,
    },
    {
      "__Dim_ColorId__": "sales",
      "__Dim_Color__": 60,
      "__Dim_Detail__": "利润",
      "__Dim_X__": "2020",
      "__Dim_Y__": "利润",
      "__MeaId__": "profit",
      "__MeaName__": "利润",
      "__MeaValue__": 310,
      "__OriginalData__": {
        "count": 50,
        "date": "2020",
        "profit": 310,
        "sales": 60,
      },
      "count": 50,
      "date": "2020",
      "profit": 310,
      "sales": 60,
    },
    {
      "__Dim_ColorId__": "sales",
      "__Dim_Color__": 60,
      "__Dim_Detail__": "利润",
      "__Dim_X__": "2021",
      "__Dim_Y__": "利润",
      "__MeaId__": "profit",
      "__MeaName__": "利润",
      "__MeaValue__": 30,
      "__OriginalData__": {
        "count": 50,
        "date": "2021",
        "profit": 30,
        "sales": 60,
      },
      "count": 50,
      "date": "2021",
      "profit": 30,
      "sales": 60,
    },
    {
      "__Dim_ColorId__": "sales",
      "__Dim_Color__": 100,
      "__Dim_Detail__": "利润",
      "__Dim_X__": "2022",
      "__Dim_Y__": "利润",
      "__MeaId__": "profit",
      "__MeaName__": "利润",
      "__MeaValue__": 50,
      "__OriginalData__": {
        "count": 50,
        "date": "2022",
        "profit": 50,
        "sales": 100,
      },
      "count": 50,
      "date": "2022",
      "profit": 50,
      "sales": 100,
    },
    {
      "__Dim_ColorId__": "sales",
      "__Dim_Color__": 80,
      "__Dim_Detail__": "利润",
      "__Dim_X__": "2023",
      "__Dim_Y__": "利润",
      "__MeaId__": "profit",
      "__MeaName__": "利润",
      "__MeaValue__": 40,
      "__OriginalData__": {
        "count": 50,
        "date": "2023",
        "profit": 40,
        "sales": 80,
      },
      "count": 50,
      "date": "2023",
      "profit": 40,
      "sales": 80,
    },
  ],
  "datasetReshapeInfo": [
    {
      "foldInfo": {
        "foldMap": {
          "profit": "利润",
        },
        "measureId": "__MeaId__",
        "measureName": "__MeaName__",
        "measureValue": "__MeaValue__",
        "statistics": {
          "colorMax": 200,
          "colorMin": 60,
          "count": 5,
          "max": 310,
          "min": 30,
          "sum": 530,
        },
      },
      "id": "heatmap",
      "index": 0,
      "unfoldInfo": {
        "colorIdMap": {},
        "colorItems": [],
        "encodingAngle": "__Dim_Angle__",
        "encodingColor": "__Dim_Color__",
        "encodingColorId": "__Dim_ColorId__",
        "encodingDetail": "__Dim_Detail__",
        "encodingX": "__Dim_X__",
        "encodingY": "__Dim_Y__",
      },
    },
  ],
  "dimensions": [
    {
      "alias": "日期",
      "id": "date",
    },
    {
      "alias": "指标名称",
      "id": "__MeaName__",
    },
  ],
  "encoding": {
    "color": [
      "sales",
    ],
    "column": [],
    "detail": [
      "__MeaName__",
    ],
    "label": [],
    "row": [],
    "tooltip": [
      "date",
      "count",
    ],
    "x": [
      "date",
    ],
    "y": [
      "__MeaName__",
    ],
  },
  "locale": "zh-CN",
  "markStyle": {},
  "measures": [
    {
      "alias": "利润",
      "encoding": "detail",
      "id": "profit",
    },
  ],
}
`;

exports[`heatmap 2`] = `
{
  "animation": true,
  "axes": [
    {
      "bandPadding": 0,
      "orient": "left",
      "type": "band",
    },
    {
      "bandPadding": 0,
      "orient": "bottom",
      "type": "band",
    },
  ],
  "background": "transparent",
  "cell": {
    "style": {
      "fill": {
        "field": "__Dim_Color__",
        "scale": "color",
      },
      "lineWidth": 1,
      "shape": "rect",
      "stroke": "#ffffff",
    },
  },
  "color": {
    "domain": [
      {
        "dataId": "heatmap",
        "fields": [
          "__Dim_Color__",
        ],
      },
    ],
    "range": [
      "#C2CEFF",
      "#5766EC",
    ],
    "type": "linear",
  },
  "data": {
    "fields": {
      "__Dim_Angle__": {
        "sortIndex": 0,
      },
      "__Dim_ColorId__": {
        "sortIndex": 0,
      },
      "__Dim_X__": {
        "sortIndex": 0,
      },
    },
    "id": "heatmap",
    "values": [
      {
        "__Dim_ColorId__": "sales",
        "__Dim_Color__": 200,
        "__Dim_Detail__": "利润",
        "__Dim_X__": "2019",
        "__Dim_Y__": "利润",
        "__MeaId__": "profit",
        "__MeaName__": "利润",
        "__MeaValue__": 100,
        "__OriginalData__": {
          "count": 500,
          "date": "2019",
          "profit": 100,
          "sales": 200,
        },
        "count": 500,
        "date": "2019",
        "profit": 100,
        "sales": 200,
      },
      {
        "__Dim_ColorId__": "sales",
        "__Dim_Color__": 60,
        "__Dim_Detail__": "利润",
        "__Dim_X__": "2020",
        "__Dim_Y__": "利润",
        "__MeaId__": "profit",
        "__MeaName__": "利润",
        "__MeaValue__": 310,
        "__OriginalData__": {
          "count": 50,
          "date": "2020",
          "profit": 310,
          "sales": 60,
        },
        "count": 50,
        "date": "2020",
        "profit": 310,
        "sales": 60,
      },
      {
        "__Dim_ColorId__": "sales",
        "__Dim_Color__": 60,
        "__Dim_Detail__": "利润",
        "__Dim_X__": "2021",
        "__Dim_Y__": "利润",
        "__MeaId__": "profit",
        "__MeaName__": "利润",
        "__MeaValue__": 30,
        "__OriginalData__": {
          "count": 50,
          "date": "2021",
          "profit": 30,
          "sales": 60,
        },
        "count": 50,
        "date": "2021",
        "profit": 30,
        "sales": 60,
      },
      {
        "__Dim_ColorId__": "sales",
        "__Dim_Color__": 100,
        "__Dim_Detail__": "利润",
        "__Dim_X__": "2022",
        "__Dim_Y__": "利润",
        "__MeaId__": "profit",
        "__MeaName__": "利润",
        "__MeaValue__": 50,
        "__OriginalData__": {
          "count": 50,
          "date": "2022",
          "profit": 50,
          "sales": 100,
        },
        "count": 50,
        "date": "2022",
        "profit": 50,
        "sales": 100,
      },
      {
        "__Dim_ColorId__": "sales",
        "__Dim_Color__": 80,
        "__Dim_Detail__": "利润",
        "__Dim_X__": "2023",
        "__Dim_Y__": "利润",
        "__MeaId__": "profit",
        "__MeaName__": "利润",
        "__MeaValue__": 40,
        "__OriginalData__": {
          "count": 50,
          "date": "2023",
          "profit": 40,
          "sales": 80,
        },
        "count": 50,
        "date": "2023",
        "profit": 40,
        "sales": 80,
      },
    ],
  },
  "direction": "vertical",
  "label": {
    "formatMethod": [Function],
    "overlap": {
      "clampForce": true,
      "hideOnHit": true,
    },
    "position": undefined,
    "smartInvert": true,
    "style": {
      "background": undefined,
      "fill": undefined,
      "fontSize": undefined,
      "fontWeight": undefined,
    },
    "visible": true,
  },
  "legends": {
    "field": "__Dim_Color__",
    "handlerText": {
      "style": {
        "fill": "#646A73",
        "fontSize": 12,
        "fontWeight": 400,
      },
      "visible": true,
    },
    "maxWidth": "30%",
    "orient": "right",
    "padding": 0,
    "position": "start",
    "type": "color",
    "visible": true,
  },
  "padding": 0,
  "region": [
    {
      "clip": true,
    },
  ],
  "seriesField": "__Dim_ColorId__",
  "tooltip": {
    "dimension": {
      "visible": false,
    },
    "mark": {
      "content": [
        {
          "hasShape": true,
          "key": [Function],
          "shapeType": "rectRound",
          "value": [Function],
          "visible": true,
        },
        {
          "hasShape": true,
          "key": [Function],
          "shapeType": "rectRound",
          "value": [Function],
          "visible": true,
        },
        {
          "hasShape": true,
          "key": "数量",
          "shapeType": "rectRound",
          "value": [Function],
          "visible": true,
        },
      ],
      "title": {
        "visible": false,
      },
    },
    "visible": true,
  },
  "type": "heatmap",
  "valueField": "__MeaValue__",
  "xField": "__Dim_X__",
  "yField": "__Dim_Y__",
}
`;

exports[`heatmap 3`] = `
{
  "advancedPipeline": [
    [Function],
    [Function],
    [Function],
    [Function],
    [Function],
    [Function],
    [Function],
    [Function],
    [Function],
    [Function],
    [Function],
  ],
  "colorIdMap": {},
  "colorItems": [],
  "hasTheme": true,
  "specPipeline": [
    [Function],
  ],
  "themeMapKeys": [
    "light",
    "dark",
  ],
}
`;
