// Vitest Snapshot v1, https://vitest.dev/guide/snapshot.html

exports[`measureCondition 1`] = `
{
  "annotation": {},
  "chartType": "areaPercent",
  "config": {
    "areaPercent": {
      "backgroundColor": "transparent",
      "color": {
        "colorScheme": [
          "#8D72F6",
          "#5766EC",
          "#66A3FE",
          "#51D5E6",
          "#4EC0B3",
          "#F9DF90",
          "#F9AD71",
          "#ED8888",
          "#E9A0C3",
          "#D77DD3",
        ],
        "linearColorScheme": [
          "#C2CEFF",
          "#5766EC",
        ],
      },
      "crosshairLine": {
        "labelBackgroundColor": "#364159",
        "labelColor": "#ffffff",
        "labelVisible": true,
        "lineColor": "#3641594d",
        "visible": true,
      },
      "label": {
        "enable": true,
      },
      "legend": {
        "border": true,
        "enable": true,
        "labelFontColor": "#646A73",
        "labelFontSize": 12,
        "labelFontWeight": 400,
        "maxSize": 1,
        "position": "rt",
        "shapeType": "rectRound",
      },
      "tooltip": {
        "enable": true,
      },
      "xAxis": {
        "grid": {
          "gridColor": "#36415926",
          "gridWidth": 0.5,
          "visible": false,
        },
        "label": {
          "labelAngle": 0,
          "labelColor": "#797B85",
          "labelFontSize": 12,
          "labelFontWeight": 400,
          "visible": true,
        },
        "labelAutoHide": true,
        "labelAutoHideGap": 4,
        "labelAutoLimit": true,
        "labelAutoLimitLength": 80,
        "labelAutoRotate": false,
        "labelAutoRotateAngleRange": [
          0,
          -45,
          -90,
        ],
        "line": {
          "lineColor": "#3641594d",
          "lineWidth": 1,
          "visible": true,
        },
        "tick": {
          "tickColor": "#3641594d",
          "tickInside": false,
          "tickSize": 4,
          "visible": false,
        },
        "title": {
          "titleColor": "#646A73",
          "titleFontSize": 12,
          "titleFontWeight": 400,
          "titleText": "",
          "visible": false,
        },
      },
      "yAxis": {
        "grid": {
          "gridColor": "#36415926",
          "gridWidth": 0.5,
          "visible": true,
        },
        "inverse": false,
        "label": {
          "labelAngle": 0,
          "labelColor": "#797B85",
          "labelFontSize": 12,
          "labelFontWeight": 400,
          "visible": true,
        },
        "line": {
          "lineColor": "#3641594d",
          "lineWidth": 1,
          "visible": false,
        },
        "nice": true,
        "tick": {
          "tickColor": "#3641594d",
          "tickInside": false,
          "tickSize": 4,
          "visible": false,
        },
        "title": {
          "titleColor": "#646A73",
          "titleFontSize": 12,
          "titleFontWeight": 400,
          "titleText": "",
          "visible": false,
        },
        "zero": true,
      },
    },
  },
  "customTheme": {
    "config": {
      "areaPercent": {
        "backgroundColor": "transparent",
        "color": {
          "colorScheme": [
            "#8D72F6",
            "#5766EC",
            "#66A3FE",
            "#51D5E6",
            "#4EC0B3",
            "#F9DF90",
            "#F9AD71",
            "#ED8888",
            "#E9A0C3",
            "#D77DD3",
          ],
          "linearColorScheme": [
            "#C2CEFF",
            "#5766EC",
          ],
        },
        "crosshairLine": {
          "labelBackgroundColor": "#364159",
          "labelColor": "#ffffff",
          "labelVisible": true,
          "lineColor": "#3641594d",
          "visible": true,
        },
        "label": {
          "enable": true,
        },
        "legend": {
          "border": true,
          "enable": true,
          "labelFontColor": "#646A73",
          "labelFontSize": 12,
          "labelFontWeight": 400,
          "maxSize": 1,
          "position": "rt",
          "shapeType": "rectRound",
        },
        "tooltip": {
          "enable": true,
        },
        "xAxis": {
          "grid": {
            "gridColor": "#36415926",
            "gridWidth": 0.5,
            "visible": false,
          },
          "label": {
            "labelAngle": 0,
            "labelColor": "#797B85",
            "labelFontSize": 12,
            "labelFontWeight": 400,
            "visible": true,
          },
          "labelAutoHide": true,
          "labelAutoHideGap": 4,
          "labelAutoLimit": true,
          "labelAutoLimitLength": 80,
          "labelAutoRotate": false,
          "labelAutoRotateAngleRange": [
            0,
            -45,
            -90,
          ],
          "line": {
            "lineColor": "#3641594d",
            "lineWidth": 1,
            "visible": true,
          },
          "tick": {
            "tickColor": "#3641594d",
            "tickInside": false,
            "tickSize": 4,
            "visible": false,
          },
          "title": {
            "titleColor": "#646A73",
            "titleFontSize": 12,
            "titleFontWeight": 400,
            "titleText": "",
            "visible": false,
          },
        },
        "yAxis": {
          "grid": {
            "gridColor": "#36415926",
            "gridWidth": 0.5,
            "visible": true,
          },
          "inverse": false,
          "label": {
            "labelAngle": 0,
            "labelColor": "#797B85",
            "labelFontSize": 12,
            "labelFontWeight": 400,
            "visible": true,
          },
          "line": {
            "lineColor": "#3641594d",
            "lineWidth": 1,
            "visible": false,
          },
          "nice": true,
          "tick": {
            "tickColor": "#3641594d",
            "tickInside": false,
            "tickSize": 4,
            "visible": false,
          },
          "title": {
            "titleColor": "#646A73",
            "titleFontSize": 12,
            "titleFontWeight": 400,
            "titleText": "",
            "visible": false,
          },
          "zero": true,
        },
      },
    },
  },
  "dataset": [
    {
      "__Dim_ColorId__": "利润-profit",
      "__Dim_Color__": "利润",
      "__Dim_X__": "2019",
      "__MeaId__": "profit",
      "__MeaName__": "利润",
      "__MeaValue__": 10,
      "__OriginalData__": {
        "count": 50,
        "date": "2019",
        "profit": 10,
        "sales": 20,
      },
      "date": "2019",
      "profit": 10,
    },
    {
      "__Dim_ColorId__": "销售额-sales",
      "__Dim_Color__": "销售额",
      "__Dim_X__": "2019",
      "__MeaId__": "sales",
      "__MeaName__": "销售额",
      "__MeaValue__": 20,
      "__OriginalData__": {
        "count": 50,
        "date": "2019",
        "profit": 10,
        "sales": 20,
      },
      "date": "2019",
      "sales": 20,
    },
    {
      "__Dim_ColorId__": "数量-count",
      "__Dim_Color__": "数量",
      "__Dim_X__": "2019",
      "__MeaId__": "count",
      "__MeaName__": "数量",
      "__MeaValue__": 50,
      "__OriginalData__": {
        "count": 50,
        "date": "2019",
        "profit": 10,
        "sales": 20,
      },
      "count": 50,
      "date": "2019",
    },
    {
      "__Dim_ColorId__": "利润-profit",
      "__Dim_Color__": "利润",
      "__Dim_X__": "2020",
      "__MeaId__": "profit",
      "__MeaName__": "利润",
      "__MeaValue__": 30,
      "__OriginalData__": {
        "count": 50,
        "date": "2020",
        "profit": 30,
        "sales": 60,
      },
      "date": "2020",
      "profit": 30,
    },
    {
      "__Dim_ColorId__": "销售额-sales",
      "__Dim_Color__": "销售额",
      "__Dim_X__": "2020",
      "__MeaId__": "sales",
      "__MeaName__": "销售额",
      "__MeaValue__": 60,
      "__OriginalData__": {
        "count": 50,
        "date": "2020",
        "profit": 30,
        "sales": 60,
      },
      "date": "2020",
      "sales": 60,
    },
    {
      "__Dim_ColorId__": "数量-count",
      "__Dim_Color__": "数量",
      "__Dim_X__": "2020",
      "__MeaId__": "count",
      "__MeaName__": "数量",
      "__MeaValue__": 50,
      "__OriginalData__": {
        "count": 50,
        "date": "2020",
        "profit": 30,
        "sales": 60,
      },
      "count": 50,
      "date": "2020",
    },
    {
      "__Dim_ColorId__": "利润-profit",
      "__Dim_Color__": "利润",
      "__Dim_X__": "2021",
      "__MeaId__": "profit",
      "__MeaName__": "利润",
      "__MeaValue__": 30,
      "__OriginalData__": {
        "count": 50,
        "date": "2021",
        "profit": 30,
        "sales": 60,
      },
      "date": "2021",
      "profit": 30,
    },
    {
      "__Dim_ColorId__": "销售额-sales",
      "__Dim_Color__": "销售额",
      "__Dim_X__": "2021",
      "__MeaId__": "sales",
      "__MeaName__": "销售额",
      "__MeaValue__": 60,
      "__OriginalData__": {
        "count": 50,
        "date": "2021",
        "profit": 30,
        "sales": 60,
      },
      "date": "2021",
      "sales": 60,
    },
    {
      "__Dim_ColorId__": "数量-count",
      "__Dim_Color__": "数量",
      "__Dim_X__": "2021",
      "__MeaId__": "count",
      "__MeaName__": "数量",
      "__MeaValue__": 50,
      "__OriginalData__": {
        "count": 50,
        "date": "2021",
        "profit": 30,
        "sales": 60,
      },
      "count": 50,
      "date": "2021",
    },
    {
      "__Dim_ColorId__": "利润-profit",
      "__Dim_Color__": "利润",
      "__Dim_X__": "2022",
      "__MeaId__": "profit",
      "__MeaName__": "利润",
      "__MeaValue__": 50,
      "__OriginalData__": {
        "count": 50,
        "date": "2022",
        "profit": 50,
        "sales": 100,
      },
      "date": "2022",
      "profit": 50,
    },
    {
      "__Dim_ColorId__": "销售额-sales",
      "__Dim_Color__": "销售额",
      "__Dim_X__": "2022",
      "__MeaId__": "sales",
      "__MeaName__": "销售额",
      "__MeaValue__": 100,
      "__OriginalData__": {
        "count": 50,
        "date": "2022",
        "profit": 50,
        "sales": 100,
      },
      "date": "2022",
      "sales": 100,
    },
    {
      "__Dim_ColorId__": "数量-count",
      "__Dim_Color__": "数量",
      "__Dim_X__": "2022",
      "__MeaId__": "count",
      "__MeaName__": "数量",
      "__MeaValue__": 50,
      "__OriginalData__": {
        "count": 50,
        "date": "2022",
        "profit": 50,
        "sales": 100,
      },
      "count": 50,
      "date": "2022",
    },
    {
      "__Dim_ColorId__": "利润-profit",
      "__Dim_Color__": "利润",
      "__Dim_X__": "2023",
      "__MeaId__": "profit",
      "__MeaName__": "利润",
      "__MeaValue__": 40,
      "__OriginalData__": {
        "count": 50,
        "date": "2023",
        "profit": 40,
        "sales": 80,
      },
      "date": "2023",
      "profit": 40,
    },
    {
      "__Dim_ColorId__": "销售额-sales",
      "__Dim_Color__": "销售额",
      "__Dim_X__": "2023",
      "__MeaId__": "sales",
      "__MeaName__": "销售额",
      "__MeaValue__": 80,
      "__OriginalData__": {
        "count": 50,
        "date": "2023",
        "profit": 40,
        "sales": 80,
      },
      "date": "2023",
      "sales": 80,
    },
    {
      "__Dim_ColorId__": "数量-count",
      "__Dim_Color__": "数量",
      "__Dim_X__": "2023",
      "__MeaId__": "count",
      "__MeaName__": "数量",
      "__MeaValue__": 50,
      "__OriginalData__": {
        "count": 50,
        "date": "2023",
        "profit": 40,
        "sales": 80,
      },
      "count": 50,
      "date": "2023",
    },
  ],
  "datasetReshapeInfo": [
    {
      "foldInfo": {
        "colorRange": [
          0,
          1,
        ],
        "foldMap": {
          "count": "数量",
          "profit": "利润",
          "sales": "销售额",
        },
        "measureId": "__MeaId__",
        "measureName": "__MeaName__",
        "measureRange": [
          10,
          100,
        ],
        "measureValue": "__MeaValue__",
      },
      "id": "areaPercent",
      "index": 0,
      "unfoldInfo": {
        "colorIdMap": {
          "利润-profit": "利润",
          "数量-count": "数量",
          "销售额-sales": "销售额",
        },
        "colorItems": [
          "利润-profit",
          "销售额-sales",
          "数量-count",
        ],
        "encodingAngle": "__Dim_Angle__",
        "encodingColor": "__Dim_Color__",
        "encodingColorId": "__Dim_ColorId__",
        "encodingDetail": "__Dim_Detail__",
        "encodingX": "__Dim_X__",
        "encodingY": "__Dim_Y__",
      },
    },
  ],
  "dimensions": [
    {
      "alias": "日期",
      "id": "date",
    },
    {
      "alias": "指标名称",
      "id": "__MeaName__",
    },
  ],
  "encoding": {
    "color": [
      "__MeaName__",
    ],
    "column": [],
    "detail": [],
    "label": [],
    "row": [],
    "tooltip": [
      "date",
    ],
    "x": [
      "date",
    ],
    "y": [
      "profit",
      "sales",
      "count",
    ],
  },
  "locale": "zh-CN",
  "markStyle": {
    "pointStyle": {
      "pointBorderColor": "#000000",
      "pointBorderStyle": "dashed",
      "pointBorderWidth": 1,
      "pointColor": "lightgreen",
      "pointColorOpacity": 0.8,
      "pointSize": 20,
      "selector": {
        "field": "profit",
        "operator": "between",
        "value": [
          20,
          40,
        ],
      },
    },
  },
  "measures": [
    {
      "alias": "利润",
      "id": "profit",
    },
    {
      "alias": "销售额",
      "id": "sales",
    },
    {
      "alias": "数量",
      "id": "count",
    },
  ],
}
`;

exports[`measureCondition 2`] = `
{
  "animation": true,
  "area": {
    "style": {},
    "visible": true,
  },
  "axes": [
    {
      "domainLine": {
        "style": {
          "lineWidth": 1,
          "stroke": "#3641594d",
        },
        "visible": true,
      },
      "grid": {
        "style": {
          "lineWidth": 0.5,
          "stroke": "#36415926",
        },
        "visible": false,
      },
      "hover": true,
      "label": {
        "autoHide": true,
        "autoHideMethod": "greedy",
        "autoHideSeparation": 4,
        "autoLimit": true,
        "autoRotate": false,
        "autoRotateAngle": [
          0,
          -45,
          -90,
        ],
        "flush": true,
        "lastVisible": true,
        "minGap": 4,
        "space": 8,
        "style": {
          "angle": 0,
          "fill": "#797B85",
          "fontSize": 12,
          "fontWeight": 400,
          "maxLineWidth": 80,
        },
        "visible": true,
      },
      "maxHeight": 140,
      "orient": "bottom",
      "paddingInner": [
        0.15,
        0.1,
      ],
      "paddingOuter": [
        0.075,
        0.1,
      ],
      "sampling": false,
      "tick": {
        "inside": false,
        "style": {
          "stroke": "#3641594d",
        },
        "tickSize": 4,
        "visible": false,
      },
      "title": {
        "style": {
          "fill": "#646A73",
          "fontSize": 12,
          "fontWeight": 400,
        },
        "text": "",
        "visible": false,
      },
      "type": "band",
      "visible": true,
    },
    {
      "base": 10,
      "domainLine": {
        "style": {
          "lineWidth": 1,
          "stroke": "#3641594d",
        },
        "visible": false,
      },
      "grid": {
        "style": {
          "lineWidth": 0.5,
          "stroke": "#36415926",
        },
        "visible": true,
      },
      "innerOffset": {
        "top": 7,
      },
      "inverse": false,
      "label": {
        "formatMethod": [Function],
        "style": {
          "angle": 0,
          "fill": "#797B85",
          "fontSize": 12,
          "fontWeight": 400,
        },
        "visible": true,
      },
      "max": undefined,
      "min": undefined,
      "nice": true,
      "orient": "left",
      "tick": {
        "inside": false,
        "style": {
          "stroke": "#3641594d",
        },
        "tickSize": 4,
        "visible": false,
      },
      "title": {
        "style": {
          "fill": "#646A73",
          "fontSize": 12,
          "fontWeight": 400,
        },
        "text": "",
        "visible": false,
      },
      "type": "linear",
      "visible": true,
      "zero": true,
    },
  ],
  "background": "transparent",
  "color": {
    "domain": [
      "利润-profit",
      "销售额-sales",
      "数量-count",
    ],
    "range": [
      "#8D72F6",
      "#5766EC",
      "#66A3FE",
      "#51D5E6",
      "#4EC0B3",
      "#F9DF90",
      "#F9AD71",
      "#ED8888",
      "#E9A0C3",
      "#D77DD3",
    ],
    "specified": undefined,
    "type": "ordinal",
  },
  "crosshair": {
    "xField": {
      "label": {
        "labelBackground": {
          "style": {
            "fill": "#364159",
          },
          "visible": true,
        },
        "style": {
          "fill": "#ffffff",
        },
        "visible": true,
      },
      "line": {
        "style": {
          "lineDash": [
            4,
            2,
          ],
          "lineWidth": 1,
          "opacity": 1,
          "stroke": "#3641594d",
        },
        "type": "line",
      },
      "visible": true,
    },
  },
  "data": {
    "fields": {
      "__Dim_Angle__": {
        "sortIndex": 0,
      },
      "__Dim_ColorId__": {
        "sortIndex": 0,
      },
      "__Dim_X__": {
        "sortIndex": 0,
      },
    },
    "id": "areaPercent",
    "values": [
      {
        "__Dim_ColorId__": "利润-profit",
        "__Dim_Color__": "利润",
        "__Dim_X__": "2019",
        "__MeaId__": "profit",
        "__MeaName__": "利润",
        "__MeaValue__": 10,
        "__OriginalData__": {
          "count": 50,
          "date": "2019",
          "profit": 10,
          "sales": 20,
        },
        "date": "2019",
        "profit": 10,
      },
      {
        "__Dim_ColorId__": "销售额-sales",
        "__Dim_Color__": "销售额",
        "__Dim_X__": "2019",
        "__MeaId__": "sales",
        "__MeaName__": "销售额",
        "__MeaValue__": 20,
        "__OriginalData__": {
          "count": 50,
          "date": "2019",
          "profit": 10,
          "sales": 20,
        },
        "date": "2019",
        "sales": 20,
      },
      {
        "__Dim_ColorId__": "数量-count",
        "__Dim_Color__": "数量",
        "__Dim_X__": "2019",
        "__MeaId__": "count",
        "__MeaName__": "数量",
        "__MeaValue__": 50,
        "__OriginalData__": {
          "count": 50,
          "date": "2019",
          "profit": 10,
          "sales": 20,
        },
        "count": 50,
        "date": "2019",
      },
      {
        "__Dim_ColorId__": "利润-profit",
        "__Dim_Color__": "利润",
        "__Dim_X__": "2020",
        "__MeaId__": "profit",
        "__MeaName__": "利润",
        "__MeaValue__": 30,
        "__OriginalData__": {
          "count": 50,
          "date": "2020",
          "profit": 30,
          "sales": 60,
        },
        "date": "2020",
        "profit": 30,
      },
      {
        "__Dim_ColorId__": "销售额-sales",
        "__Dim_Color__": "销售额",
        "__Dim_X__": "2020",
        "__MeaId__": "sales",
        "__MeaName__": "销售额",
        "__MeaValue__": 60,
        "__OriginalData__": {
          "count": 50,
          "date": "2020",
          "profit": 30,
          "sales": 60,
        },
        "date": "2020",
        "sales": 60,
      },
      {
        "__Dim_ColorId__": "数量-count",
        "__Dim_Color__": "数量",
        "__Dim_X__": "2020",
        "__MeaId__": "count",
        "__MeaName__": "数量",
        "__MeaValue__": 50,
        "__OriginalData__": {
          "count": 50,
          "date": "2020",
          "profit": 30,
          "sales": 60,
        },
        "count": 50,
        "date": "2020",
      },
      {
        "__Dim_ColorId__": "利润-profit",
        "__Dim_Color__": "利润",
        "__Dim_X__": "2021",
        "__MeaId__": "profit",
        "__MeaName__": "利润",
        "__MeaValue__": 30,
        "__OriginalData__": {
          "count": 50,
          "date": "2021",
          "profit": 30,
          "sales": 60,
        },
        "date": "2021",
        "profit": 30,
      },
      {
        "__Dim_ColorId__": "销售额-sales",
        "__Dim_Color__": "销售额",
        "__Dim_X__": "2021",
        "__MeaId__": "sales",
        "__MeaName__": "销售额",
        "__MeaValue__": 60,
        "__OriginalData__": {
          "count": 50,
          "date": "2021",
          "profit": 30,
          "sales": 60,
        },
        "date": "2021",
        "sales": 60,
      },
      {
        "__Dim_ColorId__": "数量-count",
        "__Dim_Color__": "数量",
        "__Dim_X__": "2021",
        "__MeaId__": "count",
        "__MeaName__": "数量",
        "__MeaValue__": 50,
        "__OriginalData__": {
          "count": 50,
          "date": "2021",
          "profit": 30,
          "sales": 60,
        },
        "count": 50,
        "date": "2021",
      },
      {
        "__Dim_ColorId__": "利润-profit",
        "__Dim_Color__": "利润",
        "__Dim_X__": "2022",
        "__MeaId__": "profit",
        "__MeaName__": "利润",
        "__MeaValue__": 50,
        "__OriginalData__": {
          "count": 50,
          "date": "2022",
          "profit": 50,
          "sales": 100,
        },
        "date": "2022",
        "profit": 50,
      },
      {
        "__Dim_ColorId__": "销售额-sales",
        "__Dim_Color__": "销售额",
        "__Dim_X__": "2022",
        "__MeaId__": "sales",
        "__MeaName__": "销售额",
        "__MeaValue__": 100,
        "__OriginalData__": {
          "count": 50,
          "date": "2022",
          "profit": 50,
          "sales": 100,
        },
        "date": "2022",
        "sales": 100,
      },
      {
        "__Dim_ColorId__": "数量-count",
        "__Dim_Color__": "数量",
        "__Dim_X__": "2022",
        "__MeaId__": "count",
        "__MeaName__": "数量",
        "__MeaValue__": 50,
        "__OriginalData__": {
          "count": 50,
          "date": "2022",
          "profit": 50,
          "sales": 100,
        },
        "count": 50,
        "date": "2022",
      },
      {
        "__Dim_ColorId__": "利润-profit",
        "__Dim_Color__": "利润",
        "__Dim_X__": "2023",
        "__MeaId__": "profit",
        "__MeaName__": "利润",
        "__MeaValue__": 40,
        "__OriginalData__": {
          "count": 50,
          "date": "2023",
          "profit": 40,
          "sales": 80,
        },
        "date": "2023",
        "profit": 40,
      },
      {
        "__Dim_ColorId__": "销售额-sales",
        "__Dim_Color__": "销售额",
        "__Dim_X__": "2023",
        "__MeaId__": "sales",
        "__MeaName__": "销售额",
        "__MeaValue__": 80,
        "__OriginalData__": {
          "count": 50,
          "date": "2023",
          "profit": 40,
          "sales": 80,
        },
        "date": "2023",
        "sales": 80,
      },
      {
        "__Dim_ColorId__": "数量-count",
        "__Dim_Color__": "数量",
        "__Dim_X__": "2023",
        "__MeaId__": "count",
        "__MeaName__": "数量",
        "__MeaValue__": 50,
        "__OriginalData__": {
          "count": 50,
          "date": "2023",
          "profit": 40,
          "sales": 80,
        },
        "count": 50,
        "date": "2023",
      },
    ],
  },
  "direction": "vertical",
  "label": {
    "formatMethod": [Function],
    "visible": true,
  },
  "legends": {
    "autoPage": true,
    "data": [Function],
    "item": {
      "background": {
        "state": {
          "selectedHover": {
            "fill": "#646A73",
            "fillOpacity": 0.05,
          },
        },
      },
      "focus": true,
      "focusIconStyle": {
        "fill": "#646A73",
        "fontWeight": 400,
        "size": 14,
      },
      "label": {
        "formatMethod": [Function],
        "style": {
          "fill": "#646A73",
          "fontSize": 12,
          "fontWeight": 400,
        },
      },
      "maxWidth": "30%",
      "shape": {
        "space": 6,
        "style": {
          "size": 8,
          "symbolType": "rectRound",
        },
      },
    },
    "maxCol": 1,
    "maxRow": 1,
    "orient": "right",
    "padding": 0,
    "position": "start",
    "type": "discrete",
    "visible": true,
  },
  "line": {
    "style": {},
  },
  "padding": 0,
  "percent": true,
  "point": {
    "state": {
      "custom1": {
        "filter": [Function],
        "level": 1,
        "style": {
          "fill": "lightgreen",
          "fillOpacity": 0.8,
          "innerBorder": {
            "distance": 0.5,
            "lineDash": [
              5,
              2,
            ],
            "lineWidth": 1,
            "stroke": "#000000",
          },
          "size": 20,
          "visible": true,
        },
      },
      "dimension_hover": {
        "outerBorder": {
          "distance": 2,
          "lineWidth": 4,
          "strokeOpacity": 0.25,
        },
        "scaleX": 1.4,
        "scaleY": 1.4,
      },
    },
    "style": {},
  },
  "region": [
    {
      "clip": true,
    },
  ],
  "seriesField": "__Dim_ColorId__",
  "stackInverse": true,
  "tooltip": {
    "dimension": {
      "content": [
        {
          "hasShape": true,
          "key": [Function],
          "shapeType": "rectRound",
          "value": [Function],
          "visible": true,
        },
      ],
      "title": {
        "visible": true,
      },
    },
    "mark": {
      "content": [
        {
          "hasShape": true,
          "key": [Function],
          "shapeType": "rectRound",
          "value": [Function],
          "visible": true,
        },
        {
          "hasShape": true,
          "key": [Function],
          "shapeType": "rectRound",
          "value": [Function],
          "visible": true,
        },
      ],
      "title": {
        "visible": false,
      },
    },
    "visible": true,
  },
  "type": "area",
  "xField": "__Dim_X__",
  "yField": "__MeaValue__",
}
`;
