// Vitest Snapshot v1, https://vitest.dev/guide/snapshot.html

exports[`emptyDataset 1`] = `
{
  "expectError": true,
}
`;
