// Vitest Snapshot v1, https://vitest.dev/guide/snapshot.html

exports[`tree 1`] = `
{
  "chartType": "table",
  "config": {
    "table": {
      "backgroundColor": "transparent",
      "bodyBackgroundColor": "transparent",
      "bodyFontColor": "#141414",
      "bodyFontSize": 12,
      "borderColor": "#e3e5eb",
      "headerBackgroundColor": "#f6f7f9",
      "headerFontColor": "#21252c",
      "headerFontSize": 12,
      "hoverBodyBackgroundColor": "#bedaff",
      "hoverBodyInlineBackgroundColor": "#bedaff33",
      "hoverHeaderBackgroundColor": "#D9DDE4",
      "hoverHeaderInlineBackgroundColor": "#D9DDE455",
      "selectedBackgroundColor": "#bedaff33",
      "selectedBorderColor": "#4080ff",
    },
  },
  "customTheme": {
    "config": {
      "table": {
        "backgroundColor": "transparent",
        "bodyBackgroundColor": "transparent",
        "bodyFontColor": "#141414",
        "bodyFontSize": 12,
        "borderColor": "#e3e5eb",
        "headerBackgroundColor": "#f6f7f9",
        "headerFontColor": "#21252c",
        "headerFontSize": 12,
        "hoverBodyBackgroundColor": "#bedaff",
        "hoverBodyInlineBackgroundColor": "#bedaff33",
        "hoverHeaderBackgroundColor": "#D9DDE4",
        "hoverHeaderInlineBackgroundColor": "#D9DDE455",
        "selectedBackgroundColor": "#bedaff33",
        "selectedBorderColor": "#4080ff",
      },
    },
  },
  "dataset": undefined,
  "dimensions": [
    {
      "alias": "维度组",
      "children": [
        {
          "alias": "日期",
          "id": "date",
        },
        {
          "alias": "类型",
          "id": "type",
        },
      ],
      "id": "dimensionGroup",
      "location": "dimension",
    },
  ],
  "locale": "zh-CN",
  "measures": [
    {
      "alias": "利润目标",
      "id": "goalProfit",
    },
    {
      "alias": "利润",
      "id": "profit",
    },
    {
      "alias": "销售指标",
      "children": [
        {
          "alias": "数量信息",
          "children": [
            {
              "alias": "遗留数量",
              "id": "leftCount",
            },
            {
              "alias": "销售数",
              "id": "salesCount",
            },
          ],
          "id": "countInfo",
        },
        {
          "alias": "销售信息",
          "children": [
            {
              "alias": "销售量",
              "id": "sales",
            },
          ],
          "id": "saleInfo",
        },
      ],
      "id": "table",
    },
  ],
}
`;

exports[`tree 2`] = `
{
  "animationAppear": {
    "delay": 250,
    "direction": "row",
    "duration": 300,
    "type": "one-by-one",
  },
  "autoWrapText": true,
  "columnResizeMode": "all",
  "columns": [
    {
      "columns": [
        {
          "field": "date",
          "title": "日期",
          "width": "auto",
        },
        {
          "field": "type",
          "title": "类型",
          "width": "auto",
        },
      ],
      "field": "dimensionGroup",
      "title": "维度组",
    },
    {
      "field": "goalProfit",
      "fieldFormat": [Function],
      "title": "利润目标",
      "width": "auto",
    },
    {
      "field": "profit",
      "fieldFormat": [Function],
      "title": "利润",
      "width": "auto",
    },
    {
      "columns": [
        {
          "columns": [
            {
              "field": "leftCount",
              "fieldFormat": [Function],
              "title": "遗留数量",
              "width": "auto",
            },
            {
              "field": "salesCount",
              "fieldFormat": [Function],
              "title": "销售数",
              "width": "auto",
            },
          ],
          "field": "countInfo",
          "title": "数量信息",
        },
        {
          "columns": [
            {
              "field": "sales",
              "fieldFormat": [Function],
              "title": "销售量",
              "width": "auto",
            },
          ],
          "field": "saleInfo",
          "title": "销售信息",
        },
      ],
      "field": "table",
      "title": "销售指标",
    },
  ],
  "heightMode": "autoHeight",
  "hover": {
    "highlightMode": "row",
  },
  "records": undefined,
  "showHeader": true,
  "theme": {
    "bodyStyle": {
      "bgColor": "transparent",
      "borderColor": "#e3e5eb",
      "borderLineWidth": 1,
      "color": "#141414",
      "fontSize": 12,
      "fontStyle": "normal",
      "fontVariant": "normal",
      "fontWeight": "normal",
      "hover": {
        "cellBgColor": "#bedaff",
        "inlineColumnBgColor": "#bedaff33",
        "inlineRowBgColor": "#bedaff33",
      },
      "lineHeight": 18,
      "padding": [
        8.6,
        12,
        8.6,
        12,
      ],
      "textAlign": "right",
    },
    "frameStyle": {
      "borderColor": "#e3e5eb",
      "borderLineWidth": 0,
      "cornerRadius": 4,
    },
    "headerStyle": {
      "bgColor": "#f6f7f9",
      "borderColor": "#e3e5eb",
      "borderLineWidth": 1,
      "color": "#21252c",
      "fontSize": 12,
      "fontStyle": "normal",
      "fontVariant": "normal",
      "fontWeight": "bold",
      "frameStyle": {
        "borderColor": [
          null,
          null,
          "#e3e5eb",
          null,
        ],
        "borderLineWidth": 1,
      },
      "hover": {
        "cellBgColor": "#D9DDE4",
        "inlineColumnBgColor": "#D9DDE455",
        "inlineRowBgColor": "#D9DDE455",
      },
      "lineHeight": 18,
      "padding": [
        8,
        12,
        8,
        12,
      ],
      "textAlign": "center",
    },
    "selectionStyle": {
      "cellBgColor": "#bedaff33",
      "cellBorderColor": "#4080ff",
      "cellBorderLineWidth": 2,
    },
    "underlayBackgroundColor": "transparent",
  },
  "tooltip": {
    "isShowOverflowTextTooltip": true,
  },
  "widthMode": "standard",
}
`;
