// Rstest Snapshot v1

exports[`pivotTable1 1`] = `
{
  "chartType": "pivotTable",
  "config": {
    "pivotTable": {
      "backgroundColor": "transparent",
      "bodyBackgroundColor": "transparent",
      "bodyFontColor": "#141414",
      "bodyFontSize": 12,
      "borderColor": "#e3e5eb",
      "headerBackgroundColor": "#f6f7f9",
      "headerFontColor": "#21252c",
      "headerFontSize": 12,
      "hoverBodyBackgroundColor": "#bedaff",
      "hoverBodyInlineBackgroundColor": "#bedaff33",
      "hoverHeaderBackgroundColor": "#D9DDE4",
      "hoverHeaderInlineBackgroundColor": "#D9DDE455",
      "selectedBackgroundColor": "#bedaff33",
      "selectedBorderColor": "#4080ff",
    },
  },
  "customTheme": {
    "config": {
      "pivotTable": {
        "backgroundColor": "transparent",
        "bodyBackgroundColor": "transparent",
        "bodyFontColor": "#141414",
        "bodyFontSize": 12,
        "borderColor": "#e3e5eb",
        "headerBackgroundColor": "#f6f7f9",
        "headerFontColor": "#21252c",
        "headerFontSize": 12,
        "hoverBodyBackgroundColor": "#bedaff",
        "hoverBodyInlineBackgroundColor": "#bedaff33",
        "hoverHeaderBackgroundColor": "#D9DDE4",
        "hoverHeaderInlineBackgroundColor": "#D9DDE455",
        "selectedBackgroundColor": "#bedaff33",
        "selectedBorderColor": "#4080ff",
      },
    },
  },
  "dataset": [
    {
      "date": "2019",
      "goalProfit": 10,
      "leftCount": 1,
      "profit": 10,
      "sales": 100,
      "salesCount": 100,
      "type": "A",
    },
    {
      "date": "2020",
      "goalProfit": 30,
      "leftCount": 2,
      "profit": 30,
      "sales": 320,
      "salesCount": 200,
      "type": "A",
    },
    {
      "date": "2021",
      "goalProfit": 30,
      "leftCount": 3,
      "profit": 30,
      "sales": 300,
      "salesCount": 300,
      "type": "A",
    },
    {
      "date": "2022",
      "goalProfit": 50,
      "leftCount": 4,
      "profit": 50,
      "sales": 240,
      "salesCount": 400,
      "type": "A",
    },
    {
      "date": "2023",
      "goalProfit": 40,
      "leftCount": 5,
      "profit": 40,
      "sales": 500,
      "salesCount": 500,
      "type": "A",
    },
  ],
  "dimensions": [
    {
      "alias": "date",
      "id": "date",
      "location": "columnDimension",
    },
    {
      "alias": "type",
      "id": "type",
      "location": "rowDimension",
    },
  ],
  "locale": "zh-CN",
  "measures": [
    {
      "alias": "goalProfit",
      "id": "goalProfit",
    },
    {
      "alias": "profit",
      "id": "profit",
    },
    {
      "alias": "sales",
      "id": "sales",
    },
    {
      "alias": "leftCount",
      "id": "leftCount",
    },
    {
      "alias": "salesCount",
      "id": "salesCount",
    },
  ],
}
`;

exports[`pivotTable1 2`] = `
{
  "animationAppear": {
    "delay": 250,
    "direction": "row",
    "duration": 300,
    "type": "one-by-one",
  },
  "autoWrapText": true,
  "columnResizeMode": "all",
  "columnResizeType": "column",
  "columns": [
    {
      "dimensionKey": "date",
      "title": "date",
      "width": "auto",
    },
  ],
  "corner": {
    "titleOnDimension": "all",
  },
  "dataConfig": {
    "aggregationRules": [
      {
        "aggregationType": "NONE",
        "field": "goalProfit",
        "indicatorKey": "goalProfit",
      },
      {
        "aggregationType": "NONE",
        "field": "profit",
        "indicatorKey": "profit",
      },
      {
        "aggregationType": "NONE",
        "field": "sales",
        "indicatorKey": "sales",
      },
      {
        "aggregationType": "NONE",
        "field": "leftCount",
        "indicatorKey": "leftCount",
      },
      {
        "aggregationType": "NONE",
        "field": "salesCount",
        "indicatorKey": "salesCount",
      },
    ],
  },
  "heightMode": "autoHeight",
  "hover": {
    "highlightMode": "cross",
  },
  "indicatorTitle": "指标名称",
  "indicators": [
    {
      "cellType": "text",
      "format": [Function],
      "indicatorKey": "goalProfit",
      "title": "goalProfit",
      "width": "auto",
    },
    {
      "cellType": "text",
      "format": [Function],
      "indicatorKey": "profit",
      "title": "profit",
      "width": "auto",
    },
    {
      "cellType": "text",
      "format": [Function],
      "indicatorKey": "sales",
      "title": "sales",
      "width": "auto",
    },
    {
      "cellType": "text",
      "format": [Function],
      "indicatorKey": "leftCount",
      "title": "leftCount",
      "width": "auto",
    },
    {
      "cellType": "text",
      "format": [Function],
      "indicatorKey": "salesCount",
      "title": "salesCount",
      "width": "auto",
    },
  ],
  "indicatorsAsCol": true,
  "records": [
    {
      "date": "2019",
      "goalProfit": 10,
      "leftCount": 1,
      "profit": 10,
      "sales": 100,
      "salesCount": 100,
      "type": "A",
    },
    {
      "date": "2020",
      "goalProfit": 30,
      "leftCount": 2,
      "profit": 30,
      "sales": 320,
      "salesCount": 200,
      "type": "A",
    },
    {
      "date": "2021",
      "goalProfit": 30,
      "leftCount": 3,
      "profit": 30,
      "sales": 300,
      "salesCount": 300,
      "type": "A",
    },
    {
      "date": "2022",
      "goalProfit": 50,
      "leftCount": 4,
      "profit": 50,
      "sales": 240,
      "salesCount": 400,
      "type": "A",
    },
    {
      "date": "2023",
      "goalProfit": 40,
      "leftCount": 5,
      "profit": 40,
      "sales": 500,
      "salesCount": 500,
      "type": "A",
    },
  ],
  "rows": [
    {
      "dimensionKey": "type",
      "title": "type",
      "width": "auto",
    },
  ],
  "select": {
    "headerSelectMode": "inline",
    "highlightMode": "cell",
  },
  "showColumnHeader": true,
  "showRowHeader": true,
  "theme": {
    "bodyStyle": {
      "bgColor": "transparent",
      "borderColor": "#e3e5eb",
      "borderLineWidth": 1,
      "color": "#141414",
      "fontSize": 12,
      "fontStyle": "normal",
      "fontVariant": "normal",
      "fontWeight": "normal",
      "hover": {
        "cellBgColor": "#bedaff",
        "inlineColumnBgColor": "#bedaff33",
        "inlineRowBgColor": "#bedaff33",
      },
      "lineHeight": 18,
      "padding": [
        8.6,
        12,
        8.6,
        12,
      ],
      "textAlign": "right",
    },
    "cornerHeaderStyle": {
      "bgColor": "#f6f7f9",
      "borderColor": [
        "#e3e5eb",
        "#e3e5eb",
      ],
      "borderLineWidth": 1,
      "color": "#21252c",
      "fontSize": 12,
      "fontStyle": "normal",
      "fontVariant": "normal",
      "fontWeight": "bold",
      "frameStyle": {
        "borderColor": [
          null,
          "#e3e5eb",
          "#e3e5eb",
          null,
        ],
        "borderLineWidth": 1,
      },
      "hover": {
        "cellBgColor": "#D9DDE4",
        "inlineColumnBgColor": "#D9DDE455",
        "inlineRowBgColor": "#D9DDE455",
      },
      "lineHeight": 18,
      "padding": [
        8,
        12,
        8,
        12,
      ],
      "textAlign": "left",
    },
    "frameStyle": {
      "borderColor": "#e3e5eb",
      "borderLineWidth": 0,
      "cornerRadius": 4,
    },
    "headerStyle": {
      "bgColor": "#f6f7f9",
      "borderColor": "#e3e5eb",
      "borderLineWidth": 1,
      "color": "#21252c",
      "fontSize": 12,
      "fontStyle": "normal",
      "fontVariant": "normal",
      "fontWeight": "bold",
      "frameStyle": {
        "borderColor": [
          null,
          null,
          "#e3e5eb",
          null,
        ],
        "borderLineWidth": 1,
      },
      "hover": {
        "cellBgColor": "#D9DDE4",
        "inlineColumnBgColor": "#D9DDE455",
        "inlineRowBgColor": "#D9DDE455",
      },
      "lineHeight": 18,
      "padding": [
        8,
        12,
        8,
        12,
      ],
      "textAlign": "center",
    },
    "rowHeaderStyle": {
      "bgColor": "#f6f7f9",
      "borderColor": "#e3e5eb",
      "borderLineWidth": 1,
      "color": "#21252c",
      "fontSize": 12,
      "fontStyle": "normal",
      "fontVariant": "normal",
      "fontWeight": "bold",
      "frameStyle": {
        "borderColor": [
          null,
          "#e3e5eb",
          null,
          null,
        ],
        "borderLineWidth": 1,
      },
      "hover": {
        "cellBgColor": "#D9DDE4",
        "inlineColumnBgColor": "#D9DDE455",
        "inlineRowBgColor": "#D9DDE455",
      },
      "lineHeight": 18,
      "padding": [
        8.6,
        12,
        8.6,
        12,
      ],
      "textAlign": "left",
    },
    "selectionStyle": {
      "cellBgColor": "#bedaff33",
      "cellBorderColor": "#4080ff",
      "cellBorderLineWidth": 2,
    },
    "underlayBackgroundColor": "transparent",
  },
  "tooltip": {
    "isShowOverflowTextTooltip": true,
  },
  "widthAdaptiveMode": "all",
  "widthMode": "standard",
}
`;
