// Vitest Snapshot v1, https://vitest.dev/guide/snapshot.html

exports[`dark 1`] = `
{
  "annotation": {},
  "chartType": "column",
  "config": {
    "column": {
      "backgroundColor": "rgb(25, 29, 36)",
      "color": {
        "colorScheme": [
          "#2E62F1",
          "#4DC36A",
          "#FF8406",
          "#FFCC00",
          "#4F44CF",
          "#5AC8FA",
          "#003A8C",
          "#B08AE2",
          "#FF6341",
          "#98DD62",
        ],
        "linearColorScheme": [
          "#A0CEFF",
          "#2E62F1",
        ],
      },
      "crosshairRect": {
        "labelBackgroundColor": "#ffffff",
        "labelColor": "#4B4F54",
        "labelVisible": true,
        "lineColor": "#E2E3E6",
        "visible": true,
      },
      "label": {
        "enable": true,
        "showValue": true,
        "showValuePercent": false,
        "wrap": true,
      },
      "legend": {
        "border": true,
        "enable": true,
        "labelColor": "#FDFDFD",
        "labelFontSize": 12,
        "labelFontWeight": 400,
        "maxSize": 1,
        "position": "rt",
        "shapeType": "rectRound",
      },
      "stackCornerRadius": [
        4,
        4,
        0,
        0,
      ],
      "tooltip": {
        "enable": true,
      },
      "xAxis": {
        "grid": {
          "gridColor": "#404349",
          "gridWidth": 0.5,
          "visible": false,
        },
        "label": {
          "labelAngle": 0,
          "labelColor": "#E2E3E6",
          "labelFontSize": 12,
          "labelFontWeight": 400,
          "visible": true,
        },
        "labelAutoHide": true,
        "labelAutoHideGap": 4,
        "labelAutoLimit": true,
        "labelAutoLimitLength": 80,
        "labelAutoRotate": false,
        "labelAutoRotateAngleRange": [
          0,
          -45,
          -90,
        ],
        "line": {
          "lineColor": "#4B4F54",
          "lineWidth": 1,
          "visible": true,
        },
        "tick": {
          "tickColor": "#4B4F54",
          "tickInside": false,
          "tickSize": 4,
          "visible": false,
        },
        "title": {
          "titleColor": "#FDFDFD",
          "titleFontSize": 12,
          "titleFontWeight": 400,
          "titleText": "",
          "visible": false,
        },
      },
      "yAxis": {
        "grid": {
          "gridColor": "#404349",
          "gridWidth": 0.5,
          "visible": true,
        },
        "label": {
          "labelAngle": 0,
          "labelColor": "#E2E3E6",
          "labelFontSize": 12,
          "labelFontWeight": 400,
          "visible": true,
        },
        "line": {
          "lineColor": "#4B4F54",
          "lineWidth": 1,
          "visible": false,
        },
        "nice": true,
        "tick": {
          "tickColor": "#4B4F54",
          "tickInside": false,
          "tickSize": 4,
          "visible": false,
        },
        "title": {
          "titleColor": "#FDFDFD",
          "titleFontSize": 12,
          "titleFontWeight": 400,
          "titleText": "",
          "visible": false,
        },
        "zero": true,
      },
    },
  },
  "customTheme": {
    "config": {
      "column": {
        "backgroundColor": "transparent",
        "color": {
          "colorScheme": [
            "#2E62F1",
            "#4DC36A",
            "#FF8406",
            "#FFCC00",
            "#4F44CF",
            "#5AC8FA",
            "#003A8C",
            "#B08AE2",
            "#FF6341",
            "#98DD62",
          ],
          "linearColorScheme": [
            "#A0CEFF",
            "#2E62F1",
          ],
        },
        "crosshairRect": {
          "labelBackgroundColor": "#ffffff",
          "labelColor": "#4B4F54",
          "labelVisible": true,
          "lineColor": "#E2E3E6",
          "visible": true,
        },
        "label": {
          "enable": true,
          "showValue": true,
          "showValuePercent": false,
          "wrap": true,
        },
        "legend": {
          "border": true,
          "enable": true,
          "labelColor": "#FDFDFD",
          "labelFontSize": 12,
          "labelFontWeight": 400,
          "maxSize": 1,
          "position": "rt",
          "shapeType": "rectRound",
        },
        "stackCornerRadius": [
          4,
          4,
          0,
          0,
        ],
        "tooltip": {
          "enable": true,
        },
        "xAxis": {
          "grid": {
            "gridColor": "#404349",
            "gridWidth": 0.5,
            "visible": false,
          },
          "label": {
            "labelAngle": 0,
            "labelColor": "#E2E3E6",
            "labelFontSize": 12,
            "labelFontWeight": 400,
            "visible": true,
          },
          "labelAutoHide": true,
          "labelAutoHideGap": 4,
          "labelAutoLimit": true,
          "labelAutoLimitLength": 80,
          "labelAutoRotate": false,
          "labelAutoRotateAngleRange": [
            0,
            -45,
            -90,
          ],
          "line": {
            "lineColor": "#4B4F54",
            "lineWidth": 1,
            "visible": true,
          },
          "tick": {
            "tickColor": "#4B4F54",
            "tickInside": false,
            "tickSize": 4,
            "visible": false,
          },
          "title": {
            "titleColor": "#FDFDFD",
            "titleFontSize": 12,
            "titleFontWeight": 400,
            "titleText": "",
            "visible": false,
          },
        },
        "yAxis": {
          "grid": {
            "gridColor": "#404349",
            "gridWidth": 0.5,
            "visible": true,
          },
          "label": {
            "labelAngle": 0,
            "labelColor": "#E2E3E6",
            "labelFontSize": 12,
            "labelFontWeight": 400,
            "visible": true,
          },
          "line": {
            "lineColor": "#4B4F54",
            "lineWidth": 1,
            "visible": false,
          },
          "nice": true,
          "tick": {
            "tickColor": "#4B4F54",
            "tickInside": false,
            "tickSize": 4,
            "visible": false,
          },
          "title": {
            "titleColor": "#FDFDFD",
            "titleFontSize": 12,
            "titleFontWeight": 400,
            "titleText": "",
            "visible": false,
          },
          "zero": true,
        },
      },
    },
  },
  "dataset": [
    {
      "__Dim_ColorId__": "profit-profit",
      "__Dim_Color__": "profit",
      "__Dim_Detail__": "profit",
      "__Dim_X__": "2019",
      "__MeaId__": "profit",
      "__MeaName__": "profit",
      "__MeaValue__": 10,
      "__OriginalData__": {
        "date": "2019",
        "profit": 10,
        "sales": 20,
      },
      "date": "2019",
      "profit": 10,
    },
    {
      "__Dim_ColorId__": "sales-sales",
      "__Dim_Color__": "sales",
      "__Dim_Detail__": "sales",
      "__Dim_X__": "2019",
      "__MeaId__": "sales",
      "__MeaName__": "sales",
      "__MeaValue__": 20,
      "__OriginalData__": {
        "date": "2019",
        "profit": 10,
        "sales": 20,
      },
      "date": "2019",
      "sales": 20,
    },
    {
      "__Dim_ColorId__": "profit-profit",
      "__Dim_Color__": "profit",
      "__Dim_Detail__": "profit",
      "__Dim_X__": "2020",
      "__MeaId__": "profit",
      "__MeaName__": "profit",
      "__MeaValue__": 30,
      "__OriginalData__": {
        "date": "2020",
        "profit": 30,
        "sales": 60,
      },
      "date": "2020",
      "profit": 30,
    },
    {
      "__Dim_ColorId__": "sales-sales",
      "__Dim_Color__": "sales",
      "__Dim_Detail__": "sales",
      "__Dim_X__": "2020",
      "__MeaId__": "sales",
      "__MeaName__": "sales",
      "__MeaValue__": 60,
      "__OriginalData__": {
        "date": "2020",
        "profit": 30,
        "sales": 60,
      },
      "date": "2020",
      "sales": 60,
    },
    {
      "__Dim_ColorId__": "profit-profit",
      "__Dim_Color__": "profit",
      "__Dim_Detail__": "profit",
      "__Dim_X__": "2021",
      "__MeaId__": "profit",
      "__MeaName__": "profit",
      "__MeaValue__": 30,
      "__OriginalData__": {
        "date": "2021",
        "profit": 30,
        "sales": 60,
      },
      "date": "2021",
      "profit": 30,
    },
    {
      "__Dim_ColorId__": "sales-sales",
      "__Dim_Color__": "sales",
      "__Dim_Detail__": "sales",
      "__Dim_X__": "2021",
      "__MeaId__": "sales",
      "__MeaName__": "sales",
      "__MeaValue__": 60,
      "__OriginalData__": {
        "date": "2021",
        "profit": 30,
        "sales": 60,
      },
      "date": "2021",
      "sales": 60,
    },
    {
      "__Dim_ColorId__": "profit-profit",
      "__Dim_Color__": "profit",
      "__Dim_Detail__": "profit",
      "__Dim_X__": "2022",
      "__MeaId__": "profit",
      "__MeaName__": "profit",
      "__MeaValue__": 50,
      "__OriginalData__": {
        "date": "2022",
        "profit": 50,
        "sales": 100,
      },
      "date": "2022",
      "profit": 50,
    },
    {
      "__Dim_ColorId__": "sales-sales",
      "__Dim_Color__": "sales",
      "__Dim_Detail__": "sales",
      "__Dim_X__": "2022",
      "__MeaId__": "sales",
      "__MeaName__": "sales",
      "__MeaValue__": 100,
      "__OriginalData__": {
        "date": "2022",
        "profit": 50,
        "sales": 100,
      },
      "date": "2022",
      "sales": 100,
    },
    {
      "__Dim_ColorId__": "profit-profit",
      "__Dim_Color__": "profit",
      "__Dim_Detail__": "profit",
      "__Dim_X__": "2023",
      "__MeaId__": "profit",
      "__MeaName__": "profit",
      "__MeaValue__": 40,
      "__OriginalData__": {
        "date": "2023",
        "profit": 40,
        "sales": 80,
      },
      "date": "2023",
      "profit": 40,
    },
    {
      "__Dim_ColorId__": "sales-sales",
      "__Dim_Color__": "sales",
      "__Dim_Detail__": "sales",
      "__Dim_X__": "2023",
      "__MeaId__": "sales",
      "__MeaName__": "sales",
      "__MeaValue__": 80,
      "__OriginalData__": {
        "date": "2023",
        "profit": 40,
        "sales": 80,
      },
      "date": "2023",
      "sales": 80,
    },
  ],
  "datasetReshapeInfo": [
    {
      "foldInfo": {
        "foldMap": {
          "profit": "profit",
          "sales": "sales",
        },
        "measureId": "__MeaId__",
        "measureName": "__MeaName__",
        "measureValue": "__MeaValue__",
        "statistics": {
          "colorMax": -Infinity,
          "colorMin": Infinity,
          "count": 10,
          "max": 100,
          "min": 10,
          "sum": 480,
        },
      },
      "id": "column",
      "index": 0,
      "unfoldInfo": {
        "colorIdMap": {
          "profit-profit": "profit",
          "sales-sales": "sales",
        },
        "colorItems": [
          "profit-profit",
          "sales-sales",
        ],
        "encodingAngle": "__Dim_Angle__",
        "encodingColor": "__Dim_Color__",
        "encodingColorId": "__Dim_ColorId__",
        "encodingDetail": "__Dim_Detail__",
        "encodingX": "__Dim_X__",
        "encodingY": "__Dim_Y__",
      },
    },
  ],
  "dimensions": [
    {
      "alias": "date",
      "id": "date",
    },
    {
      "alias": "指标名称",
      "id": "__MeaName__",
    },
  ],
  "encoding": {
    "color": [
      "__MeaName__",
    ],
    "column": [],
    "detail": [
      "__MeaName__",
    ],
    "label": [],
    "row": [],
    "tooltip": [
      "date",
    ],
    "x": [
      "date",
    ],
    "y": [
      "profit",
      "sales",
    ],
  },
  "locale": "zh-CN",
  "markStyle": {},
  "measures": [
    {
      "alias": "profit",
      "id": "profit",
    },
    {
      "alias": "sales",
      "id": "sales",
    },
  ],
}
`;

exports[`dark 2`] = `
{
  "animation": true,
  "axes": [
    {
      "domainLine": {
        "style": {
          "lineWidth": 1,
          "stroke": "#4B4F54",
        },
        "visible": true,
      },
      "grid": {
        "style": {
          "lineWidth": 0.5,
          "stroke": "#404349",
        },
        "visible": false,
      },
      "hover": true,
      "label": {
        "autoHide": true,
        "autoHideMethod": "greedy",
        "autoHideSeparation": 4,
        "autoLimit": true,
        "autoRotate": false,
        "autoRotateAngle": [
          0,
          -45,
          -90,
        ],
        "flush": true,
        "lastVisible": true,
        "minGap": 4,
        "space": 8,
        "style": {
          "angle": 0,
          "fill": "#E2E3E6",
          "fontSize": 12,
          "fontWeight": 400,
          "maxLineWidth": 80,
        },
        "visible": true,
      },
      "maxHeight": 140,
      "orient": "bottom",
      "paddingInner": [
        0.15,
        0.1,
      ],
      "paddingOuter": [
        0.075,
        0.1,
      ],
      "sampling": false,
      "tick": {
        "inside": false,
        "style": {
          "stroke": "#4B4F54",
        },
        "tickSize": 4,
        "visible": false,
      },
      "title": {
        "style": {
          "fill": "#FDFDFD",
          "fontSize": 12,
          "fontWeight": 400,
        },
        "text": "",
        "visible": false,
      },
      "type": "band",
      "visible": true,
    },
    {
      "base": 10,
      "domainLine": {
        "style": {
          "lineWidth": 1,
          "stroke": "#4B4F54",
        },
        "visible": false,
      },
      "grid": {
        "style": {
          "lineWidth": 0.5,
          "stroke": "#404349",
        },
        "visible": true,
      },
      "innerOffset": {
        "top": 7,
      },
      "inverse": undefined,
      "label": {
        "formatMethod": [Function],
        "style": {
          "angle": 0,
          "fill": "#E2E3E6",
          "fontSize": 12,
          "fontWeight": 400,
        },
        "visible": true,
      },
      "max": undefined,
      "min": undefined,
      "nice": true,
      "orient": "left",
      "tick": {
        "inside": false,
        "style": {
          "stroke": "#4B4F54",
        },
        "tickSize": 4,
        "visible": false,
      },
      "title": {
        "style": {
          "fill": "#FDFDFD",
          "fontSize": 12,
          "fontWeight": 400,
        },
        "text": "",
        "visible": false,
      },
      "type": "linear",
      "visible": true,
      "zero": true,
    },
  ],
  "background": "rgb(25, 29, 36)",
  "bar": {
    "state": {
      "hover": {
        "fillOpacity": 0.6,
      },
    },
    "style": {
      "lineWidth": 1,
    },
  },
  "color": {
    "domain": [
      "profit-profit",
      "sales-sales",
    ],
    "range": [
      "#2E62F1",
      "#4DC36A",
      "#FF8406",
      "#FFCC00",
      "#4F44CF",
      "#5AC8FA",
      "#003A8C",
      "#B08AE2",
      "#FF6341",
      "#98DD62",
    ],
    "specified": undefined,
    "type": "ordinal",
  },
  "crosshair": {
    "xField": {
      "label": {
        "labelBackground": {
          "style": {
            "fill": "#ffffff",
          },
          "visible": true,
        },
        "style": {
          "fill": "#4B4F54",
        },
        "visible": true,
      },
      "line": {
        "style": {
          "fill": undefined,
          "lineWidth": 0,
          "opacity": 0.2,
        },
        "type": "rect",
      },
      "visible": true,
    },
  },
  "data": {
    "fields": {
      "__Dim_Angle__": {
        "sortIndex": 0,
      },
      "__Dim_ColorId__": {
        "sortIndex": 0,
      },
      "__Dim_X__": {
        "sortIndex": 0,
      },
    },
    "id": "column",
    "values": [
      {
        "__Dim_ColorId__": "profit-profit",
        "__Dim_Color__": "profit",
        "__Dim_Detail__": "profit",
        "__Dim_X__": "2019",
        "__MeaId__": "profit",
        "__MeaName__": "profit",
        "__MeaValue__": 10,
        "__OriginalData__": {
          "date": "2019",
          "profit": 10,
          "sales": 20,
        },
        "date": "2019",
        "profit": 10,
      },
      {
        "__Dim_ColorId__": "sales-sales",
        "__Dim_Color__": "sales",
        "__Dim_Detail__": "sales",
        "__Dim_X__": "2019",
        "__MeaId__": "sales",
        "__MeaName__": "sales",
        "__MeaValue__": 20,
        "__OriginalData__": {
          "date": "2019",
          "profit": 10,
          "sales": 20,
        },
        "date": "2019",
        "sales": 20,
      },
      {
        "__Dim_ColorId__": "profit-profit",
        "__Dim_Color__": "profit",
        "__Dim_Detail__": "profit",
        "__Dim_X__": "2020",
        "__MeaId__": "profit",
        "__MeaName__": "profit",
        "__MeaValue__": 30,
        "__OriginalData__": {
          "date": "2020",
          "profit": 30,
          "sales": 60,
        },
        "date": "2020",
        "profit": 30,
      },
      {
        "__Dim_ColorId__": "sales-sales",
        "__Dim_Color__": "sales",
        "__Dim_Detail__": "sales",
        "__Dim_X__": "2020",
        "__MeaId__": "sales",
        "__MeaName__": "sales",
        "__MeaValue__": 60,
        "__OriginalData__": {
          "date": "2020",
          "profit": 30,
          "sales": 60,
        },
        "date": "2020",
        "sales": 60,
      },
      {
        "__Dim_ColorId__": "profit-profit",
        "__Dim_Color__": "profit",
        "__Dim_Detail__": "profit",
        "__Dim_X__": "2021",
        "__MeaId__": "profit",
        "__MeaName__": "profit",
        "__MeaValue__": 30,
        "__OriginalData__": {
          "date": "2021",
          "profit": 30,
          "sales": 60,
        },
        "date": "2021",
        "profit": 30,
      },
      {
        "__Dim_ColorId__": "sales-sales",
        "__Dim_Color__": "sales",
        "__Dim_Detail__": "sales",
        "__Dim_X__": "2021",
        "__MeaId__": "sales",
        "__MeaName__": "sales",
        "__MeaValue__": 60,
        "__OriginalData__": {
          "date": "2021",
          "profit": 30,
          "sales": 60,
        },
        "date": "2021",
        "sales": 60,
      },
      {
        "__Dim_ColorId__": "profit-profit",
        "__Dim_Color__": "profit",
        "__Dim_Detail__": "profit",
        "__Dim_X__": "2022",
        "__MeaId__": "profit",
        "__MeaName__": "profit",
        "__MeaValue__": 50,
        "__OriginalData__": {
          "date": "2022",
          "profit": 50,
          "sales": 100,
        },
        "date": "2022",
        "profit": 50,
      },
      {
        "__Dim_ColorId__": "sales-sales",
        "__Dim_Color__": "sales",
        "__Dim_Detail__": "sales",
        "__Dim_X__": "2022",
        "__MeaId__": "sales",
        "__MeaName__": "sales",
        "__MeaValue__": 100,
        "__OriginalData__": {
          "date": "2022",
          "profit": 50,
          "sales": 100,
        },
        "date": "2022",
        "sales": 100,
      },
      {
        "__Dim_ColorId__": "profit-profit",
        "__Dim_Color__": "profit",
        "__Dim_Detail__": "profit",
        "__Dim_X__": "2023",
        "__MeaId__": "profit",
        "__MeaName__": "profit",
        "__MeaValue__": 40,
        "__OriginalData__": {
          "date": "2023",
          "profit": 40,
          "sales": 80,
        },
        "date": "2023",
        "profit": 40,
      },
      {
        "__Dim_ColorId__": "sales-sales",
        "__Dim_Color__": "sales",
        "__Dim_Detail__": "sales",
        "__Dim_X__": "2023",
        "__MeaId__": "sales",
        "__MeaName__": "sales",
        "__MeaValue__": 80,
        "__OriginalData__": {
          "date": "2023",
          "profit": 40,
          "sales": 80,
        },
        "date": "2023",
        "sales": 80,
      },
    ],
  },
  "direction": "vertical",
  "label": {
    "formatMethod": [Function],
    "visible": true,
  },
  "legends": {
    "autoPage": true,
    "data": [Function],
    "item": {
      "background": {
        "state": {
          "selectedHover": {
            "fill": "#FDFDFD",
            "fillOpacity": 0.05,
          },
        },
      },
      "focus": true,
      "focusIconStyle": {
        "fill": "#FDFDFD",
        "fontWeight": 400,
        "size": 14,
      },
      "label": {
        "formatMethod": [Function],
        "style": {
          "fill": "#FDFDFD",
          "fontSize": 12,
          "fontWeight": 400,
        },
      },
      "maxWidth": "30%",
      "shape": {
        "space": 6,
        "style": {
          "size": 8,
          "symbolType": "rectRound",
        },
      },
    },
    "maxCol": 1,
    "maxRow": 1,
    "orient": "right",
    "padding": 0,
    "position": "start",
    "type": "discrete",
    "visible": true,
  },
  "padding": 0,
  "region": [
    {
      "clip": true,
    },
  ],
  "seriesField": "__Dim_ColorId__",
  "stackCornerRadius": [Function],
  "stackInverse": true,
  "tooltip": {
    "dimension": {
      "content": [
        {
          "hasShape": true,
          "key": [Function],
          "shapeType": "rectRound",
          "value": [Function],
          "visible": true,
        },
      ],
      "title": {
        "visible": true,
      },
    },
    "mark": {
      "content": [
        {
          "hasShape": true,
          "key": [Function],
          "shapeType": "rectRound",
          "value": [Function],
          "visible": true,
        },
        {
          "hasShape": true,
          "key": [Function],
          "shapeType": "rectRound",
          "value": [Function],
          "visible": true,
        },
      ],
      "title": {
        "visible": false,
      },
    },
    "visible": true,
  },
  "type": "bar",
  "xField": "__Dim_X__",
  "yField": "__MeaValue__",
}
`;

exports[`dark 3`] = `
{
  "advancedPipeline": [
    [Function],
    [Function],
    [Function],
    [Function],
    [Function],
    [Function],
    [Function],
    [Function],
    [Function],
    [Function],
    [Function],
    [Function],
  ],
  "colorIdMap": {
    "profit-profit": "profit",
    "sales-sales": "sales",
  },
  "colorItems": [
    "profit",
    "sales",
  ],
  "hasTheme": true,
  "specPipeline": [
    [Function],
  ],
  "themeMapKeys": [
    "light",
    "dark",
  ],
}
`;
