// Vitest Snapshot v1, https://vitest.dev/guide/snapshot.html

exports[`sameAlias 1`] = `
{
  "annotation": {
    "annotationArea": [],
    "annotationHorizontalLine": [],
    "annotationPoint": [],
    "annotationVerticalLine": [],
  },
  "chartType": "column",
  "config": {
    "column": {
      "backgroundColor": "transparent",
      "color": {
        "colorScheme": [
          "#8D72F6",
          "#5766EC",
          "#66A3FE",
          "#51D5E6",
          "#4EC0B3",
          "#F9DF90",
          "#F9AD71",
          "#ED8888",
          "#E9A0C3",
          "#D77DD3",
        ],
        "linearColorScheme": [
          "#C2CEFF",
          "#5766EC",
        ],
      },
      "crosshairRect": {
        "labelBackgroundColor": "#364159",
        "labelColor": "#ffffff",
        "labelVisible": true,
        "rectColor": "#3641594d",
        "visible": true,
      },
      "label": {
        "enable": false,
        "labelColor": "#212121",
        "labelColorSmartInvert": false,
        "labelFontSize": 12,
        "labelMode": "single",
        "labelOverlap": true,
        "labelPos": "outer",
        "labelWeight": "normal",
        "showValue": true,
        "showValuePercent": false,
        "style": {},
        "wrap": true,
      },
      "legend": {
        "border": true,
        "enable": true,
        "labelColor": "#646A73",
        "labelFontColor": "#6F6F6F",
        "labelFontSize": 12,
        "labelFontWeight": 400,
        "maxSize": 1,
        "position": "rightTop",
        "shapeType": "rectRound",
      },
      "stackCornerRadius": 0,
      "tooltip": {
        "enable": true,
      },
      "xAxis": {
        "grid": {
          "gridColor": "#36415926",
          "gridWidth": 0.5,
          "visible": false,
        },
        "label": {
          "labelAngle": 0,
          "labelColor": "#797B85",
          "labelFontSize": 12,
          "labelFontWeight": 400,
          "visible": true,
        },
        "labelAutoHide": true,
        "labelAutoHideGap": 4,
        "labelAutoLimit": true,
        "labelAutoLimitLength": 80,
        "labelAutoRotate": false,
        "labelAutoRotateAngleRange": [
          0,
          -45,
          -90,
        ],
        "labelStyle": {},
        "line": {
          "lineColor": "#3641594d",
          "lineWidth": 1,
          "visible": true,
        },
        "tick": {
          "tickColor": "#3641594d",
          "tickInside": false,
          "tickSize": 4,
          "visible": false,
        },
        "title": {
          "titleColor": "#646A73",
          "titleFontSize": 12,
          "titleFontWeight": 400,
          "titleText": "",
          "visible": false,
        },
        "titleStyle": {},
        "visible": true,
      },
      "yAxis": {
        "autoFormat": true,
        "format": {},
        "grid": {
          "gridColor": "#36415926",
          "gridWidth": 0.5,
          "visible": true,
        },
        "inverse": false,
        "label": {
          "labelAngle": 0,
          "labelColor": "#797B85",
          "labelFontSize": 12,
          "labelFontWeight": 400,
          "visible": true,
        },
        "labelStyle": {},
        "line": {
          "lineColor": "#3641594d",
          "lineWidth": 1,
          "visible": false,
        },
        "nice": true,
        "numFormat": {
          "fractionDigits": 0,
          "type": "number",
        },
        "tick": {
          "tickColor": "#3641594d",
          "tickInside": false,
          "tickSize": 4,
          "visible": false,
        },
        "title": {
          "titleColor": "#646A73",
          "titleFontSize": 12,
          "titleFontWeight": 400,
          "titleText": "",
          "visible": false,
        },
        "titleStyle": {},
        "visible": true,
        "zero": true,
      },
    },
  },
  "customTheme": {
    "config": {
      "column": {
        "backgroundColor": "transparent",
        "color": {
          "colorScheme": [
            "#8D72F6",
            "#5766EC",
            "#66A3FE",
            "#51D5E6",
            "#4EC0B3",
            "#F9DF90",
            "#F9AD71",
            "#ED8888",
            "#E9A0C3",
            "#D77DD3",
          ],
          "linearColorScheme": [
            "#C2CEFF",
            "#5766EC",
          ],
        },
        "crosshairRect": {
          "labelBackgroundColor": "#364159",
          "labelColor": "#ffffff",
          "labelVisible": true,
          "rectColor": "#3641594d",
          "visible": true,
        },
        "label": {
          "enable": true,
          "labelColorSmartInvert": false,
          "labelOverlap": true,
          "showValue": true,
          "showValuePercent": false,
          "wrap": true,
        },
        "legend": {
          "border": true,
          "enable": true,
          "labelColor": "#646A73",
          "labelFontSize": 12,
          "labelFontWeight": 400,
          "maxSize": 1,
          "position": "rt",
          "shapeType": "rectRound",
        },
        "stackCornerRadius": [
          4,
          4,
          0,
          0,
        ],
        "tooltip": {
          "enable": true,
        },
        "xAxis": {
          "grid": {
            "gridColor": "#36415926",
            "gridWidth": 0.5,
            "visible": false,
          },
          "label": {
            "labelAngle": 0,
            "labelColor": "#797B85",
            "labelFontSize": 12,
            "labelFontWeight": 400,
            "visible": true,
          },
          "labelAutoHide": true,
          "labelAutoHideGap": 4,
          "labelAutoLimit": true,
          "labelAutoLimitLength": 80,
          "labelAutoRotate": false,
          "labelAutoRotateAngleRange": [
            0,
            -45,
            -90,
          ],
          "line": {
            "lineColor": "#3641594d",
            "lineWidth": 1,
            "visible": true,
          },
          "tick": {
            "tickColor": "#3641594d",
            "tickInside": false,
            "tickSize": 4,
            "visible": false,
          },
          "title": {
            "titleColor": "#646A73",
            "titleFontSize": 12,
            "titleFontWeight": 400,
            "titleText": "",
            "visible": false,
          },
        },
        "yAxis": {
          "grid": {
            "gridColor": "#36415926",
            "gridWidth": 0.5,
            "visible": true,
          },
          "inverse": false,
          "label": {
            "labelAngle": 0,
            "labelColor": "#797B85",
            "labelFontSize": 12,
            "labelFontWeight": 400,
            "visible": true,
          },
          "line": {
            "lineColor": "#3641594d",
            "lineWidth": 1,
            "visible": false,
          },
          "nice": true,
          "tick": {
            "tickColor": "#3641594d",
            "tickInside": false,
            "tickSize": 4,
            "visible": false,
          },
          "title": {
            "titleColor": "#646A73",
            "titleFontSize": 12,
            "titleFontWeight": 400,
            "titleText": "",
            "visible": false,
          },
          "zero": true,
        },
      },
    },
  },
  "dataset": [
    {
      "__Dim_ColorId__": "sum(amount)-co_20250916102539_ed6a",
      "__Dim_Color__": "sum(amount)",
      "__Dim_Detail__": "sum(amount)",
      "__Dim_X__": "华东",
      "__MeaId__": "co_20250916102539_ed6a",
      "__MeaName__": "sum(amount)",
      "__MeaValue__": "11041",
      "__OriginalData__": {
        "co_20250916102528_4a14": "华东",
        "co_20250916102539_ed6a": "11041",
        "yA_20250916175707_8b25": "11041",
      },
      "co_20250916102528_4a14": "华东",
      "co_20250916102539_ed6a": "11041",
    },
    {
      "__Dim_ColorId__": "sum(amount)-yA_20250916175707_8b25",
      "__Dim_Color__": "sum(amount)",
      "__Dim_Detail__": "sum(amount)",
      "__Dim_X__": "华东",
      "__MeaId__": "yA_20250916175707_8b25",
      "__MeaName__": "sum(amount)",
      "__MeaValue__": "11041",
      "__OriginalData__": {
        "co_20250916102528_4a14": "华东",
        "co_20250916102539_ed6a": "11041",
        "yA_20250916175707_8b25": "11041",
      },
      "co_20250916102528_4a14": "华东",
      "yA_20250916175707_8b25": "11041",
    },
    {
      "__Dim_ColorId__": "sum(amount)-co_20250916102539_ed6a",
      "__Dim_Color__": "sum(amount)",
      "__Dim_Detail__": "sum(amount)",
      "__Dim_X__": "东北",
      "__MeaId__": "co_20250916102539_ed6a",
      "__MeaName__": "sum(amount)",
      "__MeaValue__": "6463",
      "__OriginalData__": {
        "co_20250916102528_4a14": "东北",
        "co_20250916102539_ed6a": "6463",
        "yA_20250916175707_8b25": "6463",
      },
      "co_20250916102528_4a14": "东北",
      "co_20250916102539_ed6a": "6463",
    },
    {
      "__Dim_ColorId__": "sum(amount)-yA_20250916175707_8b25",
      "__Dim_Color__": "sum(amount)",
      "__Dim_Detail__": "sum(amount)",
      "__Dim_X__": "东北",
      "__MeaId__": "yA_20250916175707_8b25",
      "__MeaName__": "sum(amount)",
      "__MeaValue__": "6463",
      "__OriginalData__": {
        "co_20250916102528_4a14": "东北",
        "co_20250916102539_ed6a": "6463",
        "yA_20250916175707_8b25": "6463",
      },
      "co_20250916102528_4a14": "东北",
      "yA_20250916175707_8b25": "6463",
    },
    {
      "__Dim_ColorId__": "sum(amount)-co_20250916102539_ed6a",
      "__Dim_Color__": "sum(amount)",
      "__Dim_Detail__": "sum(amount)",
      "__Dim_X__": "华北",
      "__MeaId__": "co_20250916102539_ed6a",
      "__MeaName__": "sum(amount)",
      "__MeaValue__": "5146",
      "__OriginalData__": {
        "co_20250916102528_4a14": "华北",
        "co_20250916102539_ed6a": "5146",
        "yA_20250916175707_8b25": "5146",
      },
      "co_20250916102528_4a14": "华北",
      "co_20250916102539_ed6a": "5146",
    },
    {
      "__Dim_ColorId__": "sum(amount)-yA_20250916175707_8b25",
      "__Dim_Color__": "sum(amount)",
      "__Dim_Detail__": "sum(amount)",
      "__Dim_X__": "华北",
      "__MeaId__": "yA_20250916175707_8b25",
      "__MeaName__": "sum(amount)",
      "__MeaValue__": "5146",
      "__OriginalData__": {
        "co_20250916102528_4a14": "华北",
        "co_20250916102539_ed6a": "5146",
        "yA_20250916175707_8b25": "5146",
      },
      "co_20250916102528_4a14": "华北",
      "yA_20250916175707_8b25": "5146",
    },
    {
      "__Dim_ColorId__": "sum(amount)-co_20250916102539_ed6a",
      "__Dim_Color__": "sum(amount)",
      "__Dim_Detail__": "sum(amount)",
      "__Dim_X__": "西南",
      "__MeaId__": "co_20250916102539_ed6a",
      "__MeaName__": "sum(amount)",
      "__MeaValue__": "3399",
      "__OriginalData__": {
        "co_20250916102528_4a14": "西南",
        "co_20250916102539_ed6a": "3399",
        "yA_20250916175707_8b25": "3399",
      },
      "co_20250916102528_4a14": "西南",
      "co_20250916102539_ed6a": "3399",
    },
    {
      "__Dim_ColorId__": "sum(amount)-yA_20250916175707_8b25",
      "__Dim_Color__": "sum(amount)",
      "__Dim_Detail__": "sum(amount)",
      "__Dim_X__": "西南",
      "__MeaId__": "yA_20250916175707_8b25",
      "__MeaName__": "sum(amount)",
      "__MeaValue__": "3399",
      "__OriginalData__": {
        "co_20250916102528_4a14": "西南",
        "co_20250916102539_ed6a": "3399",
        "yA_20250916175707_8b25": "3399",
      },
      "co_20250916102528_4a14": "西南",
      "yA_20250916175707_8b25": "3399",
    },
    {
      "__Dim_ColorId__": "sum(amount)-co_20250916102539_ed6a",
      "__Dim_Color__": "sum(amount)",
      "__Dim_Detail__": "sum(amount)",
      "__Dim_X__": "中南",
      "__MeaId__": "co_20250916102539_ed6a",
      "__MeaName__": "sum(amount)",
      "__MeaValue__": "9700",
      "__OriginalData__": {
        "co_20250916102528_4a14": "中南",
        "co_20250916102539_ed6a": "9700",
        "yA_20250916175707_8b25": "9700",
      },
      "co_20250916102528_4a14": "中南",
      "co_20250916102539_ed6a": "9700",
    },
    {
      "__Dim_ColorId__": "sum(amount)-yA_20250916175707_8b25",
      "__Dim_Color__": "sum(amount)",
      "__Dim_Detail__": "sum(amount)",
      "__Dim_X__": "中南",
      "__MeaId__": "yA_20250916175707_8b25",
      "__MeaName__": "sum(amount)",
      "__MeaValue__": "9700",
      "__OriginalData__": {
        "co_20250916102528_4a14": "中南",
        "co_20250916102539_ed6a": "9700",
        "yA_20250916175707_8b25": "9700",
      },
      "co_20250916102528_4a14": "中南",
      "yA_20250916175707_8b25": "9700",
    },
    {
      "__Dim_ColorId__": "sum(amount)-co_20250916102539_ed6a",
      "__Dim_Color__": "sum(amount)",
      "__Dim_Detail__": "sum(amount)",
      "__Dim_X__": "西北",
      "__MeaId__": "co_20250916102539_ed6a",
      "__MeaName__": "sum(amount)",
      "__MeaValue__": "1785",
      "__OriginalData__": {
        "co_20250916102528_4a14": "西北",
        "co_20250916102539_ed6a": "1785",
        "yA_20250916175707_8b25": "1785",
      },
      "co_20250916102528_4a14": "西北",
      "co_20250916102539_ed6a": "1785",
    },
    {
      "__Dim_ColorId__": "sum(amount)-yA_20250916175707_8b25",
      "__Dim_Color__": "sum(amount)",
      "__Dim_Detail__": "sum(amount)",
      "__Dim_X__": "西北",
      "__MeaId__": "yA_20250916175707_8b25",
      "__MeaName__": "sum(amount)",
      "__MeaValue__": "1785",
      "__OriginalData__": {
        "co_20250916102528_4a14": "西北",
        "co_20250916102539_ed6a": "1785",
        "yA_20250916175707_8b25": "1785",
      },
      "co_20250916102528_4a14": "西北",
      "yA_20250916175707_8b25": "1785",
    },
  ],
  "datasetReshapeInfo": [
    {
      "foldInfo": {
        "foldMap": {
          "co_20250916102539_ed6a": "sum(amount)",
          "yA_20250916175707_8b25": "sum(amount)",
        },
        "measureId": "__MeaId__",
        "measureName": "__MeaName__",
        "measureValue": "__MeaValue__",
        "statistics": {
          "colorMax": -Infinity,
          "colorMin": Infinity,
          "count": 12,
          "max": 11041,
          "min": 1785,
          "sum": 75068,
        },
      },
      "id": "column",
      "index": 0,
      "unfoldInfo": {
        "colorIdMap": {
          "sum(amount)-co_20250916102539_ed6a": "sum(amount)",
          "sum(amount)-yA_20250916175707_8b25": "sum(amount)",
        },
        "colorItems": [
          "sum(amount)-co_20250916102539_ed6a",
          "sum(amount)-yA_20250916175707_8b25",
        ],
        "encodingAngle": "__Dim_Angle__",
        "encodingColor": "__Dim_Color__",
        "encodingColorId": "__Dim_ColorId__",
        "encodingDetail": "__Dim_Detail__",
        "encodingX": "__Dim_X__",
        "encodingY": "__Dim_Y__",
      },
    },
  ],
  "dimensions": [
    {
      "alias": "area",
      "autoFormat": true,
      "encoding": "xAxis",
      "id": "co_20250916102528_4a14",
    },
    {
      "alias": "指标名称",
      "id": "__MeaName__",
    },
  ],
  "encoding": {
    "color": [
      "__MeaName__",
    ],
    "detail": [
      "__MeaName__",
    ],
    "label": [],
    "tooltip": [
      "co_20250916102528_4a14",
    ],
    "x": [
      "co_20250916102528_4a14",
    ],
    "y": [
      "co_20250916102539_ed6a",
      "yA_20250916175707_8b25",
    ],
  },
  "locale": "zh-CN",
  "markStyle": {
    "areaStyle": [],
    "barStyle": [],
    "lineStyle": [],
    "pointStyle": [],
  },
  "measures": [
    {
      "alias": "sum(amount)",
      "autoFormat": false,
      "encoding": "yAxis",
      "format": {
        "auto": false,
        "type": "number",
      },
      "id": "co_20250916102539_ed6a",
    },
    {
      "alias": "sum(amount)",
      "autoFormat": false,
      "encoding": "yAxis",
      "format": {
        "auto": false,
        "type": "number",
      },
      "id": "yA_20250916175707_8b25",
    },
  ],
}
`;

exports[`sameAlias 2`] = `
{
  "animation": true,
  "axes": [
    {
      "domainLine": {
        "style": {
          "lineWidth": 1,
          "stroke": "#3641594d",
        },
        "visible": true,
      },
      "grid": {
        "style": {
          "lineWidth": 0.5,
          "stroke": "#36415926",
        },
        "visible": false,
      },
      "hover": true,
      "label": {
        "autoHide": true,
        "autoHideMethod": "greedy",
        "autoHideSeparation": 4,
        "autoLimit": true,
        "autoRotate": false,
        "autoRotateAngle": [
          0,
          -45,
          -90,
        ],
        "flush": true,
        "lastVisible": true,
        "minGap": 4,
        "space": 8,
        "style": {
          "angle": 0,
          "fill": "#797B85",
          "fontSize": 12,
          "fontWeight": 400,
          "maxLineWidth": 80,
        },
        "visible": true,
      },
      "maxHeight": 140,
      "orient": "bottom",
      "paddingInner": [
        0.15,
        0.1,
      ],
      "paddingOuter": [
        0.075,
        0.1,
      ],
      "sampling": false,
      "tick": {
        "inside": false,
        "style": {
          "stroke": "#3641594d",
        },
        "tickSize": 4,
        "visible": false,
      },
      "title": {
        "style": {
          "fill": "#646A73",
          "fontSize": 12,
          "fontWeight": 400,
        },
        "text": "area",
        "visible": false,
      },
      "type": "band",
      "visible": true,
    },
    {
      "base": 10,
      "domainLine": {
        "style": {
          "lineWidth": 1,
          "stroke": "#3641594d",
        },
        "visible": false,
      },
      "grid": {
        "style": {
          "lineWidth": 0.5,
          "stroke": "#36415926",
        },
        "visible": true,
      },
      "innerOffset": {
        "top": 7,
      },
      "inverse": false,
      "label": {
        "formatMethod": [Function],
        "style": {
          "angle": 0,
          "fill": "#797B85",
          "fontSize": 12,
          "fontWeight": 400,
        },
        "visible": true,
      },
      "max": undefined,
      "min": undefined,
      "nice": true,
      "orient": "left",
      "tick": {
        "inside": false,
        "style": {
          "stroke": "#3641594d",
        },
        "tickSize": 4,
        "visible": false,
      },
      "title": {
        "style": {
          "fill": "#646A73",
          "fontSize": 12,
          "fontWeight": 400,
        },
        "text": "sum(amount) & sum(amount)",
        "visible": false,
      },
      "type": "linear",
      "visible": true,
      "zero": true,
    },
  ],
  "background": "transparent",
  "bar": {
    "state": {
      "hover": {
        "fillOpacity": 0.6,
      },
    },
    "style": {
      "lineWidth": 1,
    },
  },
  "color": {
    "domain": [
      "sum(amount)-co_20250916102539_ed6a",
      "sum(amount)-yA_20250916175707_8b25",
    ],
    "range": [
      "#8D72F6",
      "#5766EC",
      "#66A3FE",
      "#51D5E6",
      "#4EC0B3",
      "#F9DF90",
      "#F9AD71",
      "#ED8888",
      "#E9A0C3",
      "#D77DD3",
    ],
    "specified": undefined,
    "type": "ordinal",
  },
  "crosshair": {
    "xField": {
      "label": {
        "labelBackground": {
          "style": {
            "fill": "#364159",
          },
          "visible": true,
        },
        "style": {
          "fill": "#ffffff",
        },
        "visible": true,
      },
      "line": {
        "style": {
          "fill": "#3641594d",
          "lineWidth": 0,
          "opacity": 0.2,
        },
        "type": "rect",
      },
      "visible": true,
    },
  },
  "data": {
    "fields": {
      "__Dim_Angle__": {
        "sortIndex": 0,
      },
      "__Dim_ColorId__": {
        "sortIndex": 0,
      },
      "__Dim_X__": {
        "sortIndex": 0,
      },
    },
    "id": "column",
    "values": [
      {
        "__Dim_ColorId__": "sum(amount)-co_20250916102539_ed6a",
        "__Dim_Color__": "sum(amount)",
        "__Dim_Detail__": "sum(amount)",
        "__Dim_X__": "华东",
        "__MeaId__": "co_20250916102539_ed6a",
        "__MeaName__": "sum(amount)",
        "__MeaValue__": "11041",
        "__OriginalData__": {
          "co_20250916102528_4a14": "华东",
          "co_20250916102539_ed6a": "11041",
          "yA_20250916175707_8b25": "11041",
        },
        "co_20250916102528_4a14": "华东",
        "co_20250916102539_ed6a": "11041",
      },
      {
        "__Dim_ColorId__": "sum(amount)-yA_20250916175707_8b25",
        "__Dim_Color__": "sum(amount)",
        "__Dim_Detail__": "sum(amount)",
        "__Dim_X__": "华东",
        "__MeaId__": "yA_20250916175707_8b25",
        "__MeaName__": "sum(amount)",
        "__MeaValue__": "11041",
        "__OriginalData__": {
          "co_20250916102528_4a14": "华东",
          "co_20250916102539_ed6a": "11041",
          "yA_20250916175707_8b25": "11041",
        },
        "co_20250916102528_4a14": "华东",
        "yA_20250916175707_8b25": "11041",
      },
      {
        "__Dim_ColorId__": "sum(amount)-co_20250916102539_ed6a",
        "__Dim_Color__": "sum(amount)",
        "__Dim_Detail__": "sum(amount)",
        "__Dim_X__": "东北",
        "__MeaId__": "co_20250916102539_ed6a",
        "__MeaName__": "sum(amount)",
        "__MeaValue__": "6463",
        "__OriginalData__": {
          "co_20250916102528_4a14": "东北",
          "co_20250916102539_ed6a": "6463",
          "yA_20250916175707_8b25": "6463",
        },
        "co_20250916102528_4a14": "东北",
        "co_20250916102539_ed6a": "6463",
      },
      {
        "__Dim_ColorId__": "sum(amount)-yA_20250916175707_8b25",
        "__Dim_Color__": "sum(amount)",
        "__Dim_Detail__": "sum(amount)",
        "__Dim_X__": "东北",
        "__MeaId__": "yA_20250916175707_8b25",
        "__MeaName__": "sum(amount)",
        "__MeaValue__": "6463",
        "__OriginalData__": {
          "co_20250916102528_4a14": "东北",
          "co_20250916102539_ed6a": "6463",
          "yA_20250916175707_8b25": "6463",
        },
        "co_20250916102528_4a14": "东北",
        "yA_20250916175707_8b25": "6463",
      },
      {
        "__Dim_ColorId__": "sum(amount)-co_20250916102539_ed6a",
        "__Dim_Color__": "sum(amount)",
        "__Dim_Detail__": "sum(amount)",
        "__Dim_X__": "华北",
        "__MeaId__": "co_20250916102539_ed6a",
        "__MeaName__": "sum(amount)",
        "__MeaValue__": "5146",
        "__OriginalData__": {
          "co_20250916102528_4a14": "华北",
          "co_20250916102539_ed6a": "5146",
          "yA_20250916175707_8b25": "5146",
        },
        "co_20250916102528_4a14": "华北",
        "co_20250916102539_ed6a": "5146",
      },
      {
        "__Dim_ColorId__": "sum(amount)-yA_20250916175707_8b25",
        "__Dim_Color__": "sum(amount)",
        "__Dim_Detail__": "sum(amount)",
        "__Dim_X__": "华北",
        "__MeaId__": "yA_20250916175707_8b25",
        "__MeaName__": "sum(amount)",
        "__MeaValue__": "5146",
        "__OriginalData__": {
          "co_20250916102528_4a14": "华北",
          "co_20250916102539_ed6a": "5146",
          "yA_20250916175707_8b25": "5146",
        },
        "co_20250916102528_4a14": "华北",
        "yA_20250916175707_8b25": "5146",
      },
      {
        "__Dim_ColorId__": "sum(amount)-co_20250916102539_ed6a",
        "__Dim_Color__": "sum(amount)",
        "__Dim_Detail__": "sum(amount)",
        "__Dim_X__": "西南",
        "__MeaId__": "co_20250916102539_ed6a",
        "__MeaName__": "sum(amount)",
        "__MeaValue__": "3399",
        "__OriginalData__": {
          "co_20250916102528_4a14": "西南",
          "co_20250916102539_ed6a": "3399",
          "yA_20250916175707_8b25": "3399",
        },
        "co_20250916102528_4a14": "西南",
        "co_20250916102539_ed6a": "3399",
      },
      {
        "__Dim_ColorId__": "sum(amount)-yA_20250916175707_8b25",
        "__Dim_Color__": "sum(amount)",
        "__Dim_Detail__": "sum(amount)",
        "__Dim_X__": "西南",
        "__MeaId__": "yA_20250916175707_8b25",
        "__MeaName__": "sum(amount)",
        "__MeaValue__": "3399",
        "__OriginalData__": {
          "co_20250916102528_4a14": "西南",
          "co_20250916102539_ed6a": "3399",
          "yA_20250916175707_8b25": "3399",
        },
        "co_20250916102528_4a14": "西南",
        "yA_20250916175707_8b25": "3399",
      },
      {
        "__Dim_ColorId__": "sum(amount)-co_20250916102539_ed6a",
        "__Dim_Color__": "sum(amount)",
        "__Dim_Detail__": "sum(amount)",
        "__Dim_X__": "中南",
        "__MeaId__": "co_20250916102539_ed6a",
        "__MeaName__": "sum(amount)",
        "__MeaValue__": "9700",
        "__OriginalData__": {
          "co_20250916102528_4a14": "中南",
          "co_20250916102539_ed6a": "9700",
          "yA_20250916175707_8b25": "9700",
        },
        "co_20250916102528_4a14": "中南",
        "co_20250916102539_ed6a": "9700",
      },
      {
        "__Dim_ColorId__": "sum(amount)-yA_20250916175707_8b25",
        "__Dim_Color__": "sum(amount)",
        "__Dim_Detail__": "sum(amount)",
        "__Dim_X__": "中南",
        "__MeaId__": "yA_20250916175707_8b25",
        "__MeaName__": "sum(amount)",
        "__MeaValue__": "9700",
        "__OriginalData__": {
          "co_20250916102528_4a14": "中南",
          "co_20250916102539_ed6a": "9700",
          "yA_20250916175707_8b25": "9700",
        },
        "co_20250916102528_4a14": "中南",
        "yA_20250916175707_8b25": "9700",
      },
      {
        "__Dim_ColorId__": "sum(amount)-co_20250916102539_ed6a",
        "__Dim_Color__": "sum(amount)",
        "__Dim_Detail__": "sum(amount)",
        "__Dim_X__": "西北",
        "__MeaId__": "co_20250916102539_ed6a",
        "__MeaName__": "sum(amount)",
        "__MeaValue__": "1785",
        "__OriginalData__": {
          "co_20250916102528_4a14": "西北",
          "co_20250916102539_ed6a": "1785",
          "yA_20250916175707_8b25": "1785",
        },
        "co_20250916102528_4a14": "西北",
        "co_20250916102539_ed6a": "1785",
      },
      {
        "__Dim_ColorId__": "sum(amount)-yA_20250916175707_8b25",
        "__Dim_Color__": "sum(amount)",
        "__Dim_Detail__": "sum(amount)",
        "__Dim_X__": "西北",
        "__MeaId__": "yA_20250916175707_8b25",
        "__MeaName__": "sum(amount)",
        "__MeaValue__": "1785",
        "__OriginalData__": {
          "co_20250916102528_4a14": "西北",
          "co_20250916102539_ed6a": "1785",
          "yA_20250916175707_8b25": "1785",
        },
        "co_20250916102528_4a14": "西北",
        "yA_20250916175707_8b25": "1785",
      },
    ],
  },
  "direction": "vertical",
  "label": {
    "formatMethod": [Function],
    "layout": {
      "align": undefined,
    },
    "overlap": {
      "clampForce": true,
      "hideOnHit": true,
    },
    "position": undefined,
    "smartInvert": false,
    "style": {
      "background": undefined,
      "fill": "#212121",
      "fontSize": 12,
      "fontWeight": undefined,
    },
    "visible": false,
  },
  "legends": {
    "autoPage": true,
    "data": [Function],
    "item": {
      "background": {
        "state": {
          "selectedHover": {
            "fill": "#646A73",
            "fillOpacity": 0.05,
          },
        },
      },
      "focus": true,
      "focusIconStyle": {
        "fill": "#646A73",
        "fontWeight": 400,
        "size": 14,
      },
      "label": {
        "formatMethod": [Function],
        "style": {
          "fill": "#646A73",
          "fontSize": 12,
          "fontWeight": 400,
        },
      },
      "maxWidth": "30%",
      "shape": {
        "space": 6,
        "style": {
          "size": 8,
          "symbolType": "rectRound",
        },
      },
    },
    "maxCol": 1,
    "maxRow": 1,
    "orient": "right",
    "padding": 0,
    "position": "start",
    "type": "discrete",
    "visible": true,
  },
  "markArea": [],
  "markLine": [],
  "markPoint": [],
  "padding": 0,
  "region": [
    {
      "clip": true,
    },
  ],
  "seriesField": "__Dim_ColorId__",
  "stackCornerRadius": [Function],
  "stackInverse": true,
  "tooltip": {
    "dimension": {
      "content": [
        {
          "hasShape": true,
          "key": [Function],
          "shapeType": "rectRound",
          "value": [Function],
          "visible": true,
        },
      ],
      "title": {
        "visible": true,
      },
    },
    "mark": {
      "content": [
        {
          "hasShape": true,
          "key": [Function],
          "shapeType": "rectRound",
          "value": [Function],
          "visible": true,
        },
        {
          "hasShape": true,
          "key": [Function],
          "shapeType": "rectRound",
          "value": [Function],
          "visible": true,
        },
      ],
      "title": {
        "visible": false,
      },
    },
    "visible": true,
  },
  "type": "bar",
  "xField": "__Dim_X__",
  "yField": "__MeaValue__",
}
`;

exports[`sameAlias 3`] = `
{
  "advancedPipeline": [
    [Function],
    [Function],
    [Function],
    [Function],
    [Function],
    [Function],
    [Function],
    [Function],
    [Function],
    [Function],
    [Function],
    [Function],
  ],
  "colorIdMap": {
    "sum(amount)-co_20250916102539_ed6a": "sum(amount)",
    "sum(amount)-yA_20250916175707_8b25": "sum(amount)",
  },
  "colorItems": [
    "sum(amount)",
    "sum(amount)",
  ],
  "hasTheme": true,
  "specPipeline": [
    [Function],
  ],
  "themeMapKeys": [
    "light",
    "dark",
  ],
}
`;
