// Vitest Snapshot v1, https://vitest.dev/guide/snapshot.html

exports[`emptyBarStyle 1`] = `
{
  "annotation": {
    "annotationArea": [],
    "annotationHorizontalLine": [],
    "annotationPoint": [],
    "annotationVerticalLine": [],
  },
  "chartType": "columnPercent",
  "config": {
    "columnPercent": {
      "backgroundColor": "transparent",
      "color": {
        "colorScheme": [
          "#8D72F6",
          "#5766EC",
          "#66A3FE",
          "#51D5E6",
          "#4EC0B3",
          "#F9DF90",
          "#F9AD71",
          "#ED8888",
          "#E9A0C3",
          "#D77DD3",
        ],
        "linearColorScheme": [
          "#C2CEFF",
          "#5766EC",
        ],
      },
      "crosshairRect": {
        "labelBackgroundColor": "#364159",
        "labelColor": "#ffffff",
        "labelVisible": true,
        "rectColor": "#3641594d",
        "visible": true,
      },
      "label": {
        "enable": false,
        "labelColor": "#212121",
        "labelMode": "single",
        "labelPos": "outer",
        "labelWeight": "normal",
        "showValue": true,
        "showValuePercent": false,
        "wrap": true,
      },
      "legend": {
        "border": true,
        "enable": true,
        "labelFontColor": "#6F6F6F",
        "labelFontSize": 12,
        "labelFontWeight": 400,
        "maxSize": 1,
        "position": "rightTop",
        "shapeType": "rectRound",
      },
      "stackCornerRadius": [
        4,
        4,
        0,
        0,
      ],
      "tooltip": {
        "enable": true,
      },
      "xAxis": {
        "grid": {
          "gridColor": "#36415926",
          "gridWidth": 0.5,
          "visible": false,
        },
        "label": {
          "labelAngle": 0,
          "labelColor": "#797B85",
          "labelFontSize": 12,
          "labelFontWeight": 400,
          "visible": true,
        },
        "labelAutoHide": true,
        "labelAutoHideGap": 4,
        "labelAutoLimit": true,
        "labelAutoLimitLength": 80,
        "labelAutoRotate": false,
        "labelAutoRotateAngleRange": [
          0,
          -45,
          -90,
        ],
        "line": {
          "lineColor": "#3641594d",
          "lineWidth": 1,
          "visible": true,
        },
        "tick": {
          "tickColor": "#3641594d",
          "tickInside": false,
          "tickSize": 4,
          "visible": false,
        },
        "title": {
          "titleColor": "#646A73",
          "titleFontSize": 12,
          "titleFontWeight": 400,
          "titleText": "",
          "visible": false,
        },
      },
      "yAxis": {
        "grid": {
          "gridColor": "#36415926",
          "gridWidth": 0.5,
          "visible": true,
        },
        "inverse": false,
        "label": {
          "labelAngle": 0,
          "labelColor": "#797B85",
          "labelFontSize": 12,
          "labelFontWeight": 400,
          "visible": true,
        },
        "line": {
          "lineColor": "#3641594d",
          "lineWidth": 1,
          "visible": false,
        },
        "nice": true,
        "tick": {
          "tickColor": "#3641594d",
          "tickInside": false,
          "tickSize": 4,
          "visible": false,
        },
        "title": {
          "titleColor": "#646A73",
          "titleFontSize": 12,
          "titleFontWeight": 400,
          "titleText": "",
          "visible": false,
        },
        "zero": true,
      },
    },
  },
  "customTheme": {
    "config": {
      "columnPercent": {
        "backgroundColor": "transparent",
        "color": {
          "colorScheme": [
            "#8D72F6",
            "#5766EC",
            "#66A3FE",
            "#51D5E6",
            "#4EC0B3",
            "#F9DF90",
            "#F9AD71",
            "#ED8888",
            "#E9A0C3",
            "#D77DD3",
          ],
          "linearColorScheme": [
            "#C2CEFF",
            "#5766EC",
          ],
        },
        "crosshairRect": {
          "labelBackgroundColor": "#364159",
          "labelColor": "#ffffff",
          "labelVisible": true,
          "rectColor": "#3641594d",
          "visible": true,
        },
        "label": {
          "enable": true,
          "showValue": true,
          "showValuePercent": false,
          "wrap": true,
        },
        "legend": {
          "border": true,
          "enable": true,
          "labelFontColor": "#646A73",
          "labelFontSize": 12,
          "labelFontWeight": 400,
          "maxSize": 1,
          "position": "rt",
          "shapeType": "rectRound",
        },
        "stackCornerRadius": [
          4,
          4,
          0,
          0,
        ],
        "tooltip": {
          "enable": true,
        },
        "xAxis": {
          "grid": {
            "gridColor": "#36415926",
            "gridWidth": 0.5,
            "visible": false,
          },
          "label": {
            "labelAngle": 0,
            "labelColor": "#797B85",
            "labelFontSize": 12,
            "labelFontWeight": 400,
            "visible": true,
          },
          "labelAutoHide": true,
          "labelAutoHideGap": 4,
          "labelAutoLimit": true,
          "labelAutoLimitLength": 80,
          "labelAutoRotate": false,
          "labelAutoRotateAngleRange": [
            0,
            -45,
            -90,
          ],
          "line": {
            "lineColor": "#3641594d",
            "lineWidth": 1,
            "visible": true,
          },
          "tick": {
            "tickColor": "#3641594d",
            "tickInside": false,
            "tickSize": 4,
            "visible": false,
          },
          "title": {
            "titleColor": "#646A73",
            "titleFontSize": 12,
            "titleFontWeight": 400,
            "titleText": "",
            "visible": false,
          },
        },
        "yAxis": {
          "grid": {
            "gridColor": "#36415926",
            "gridWidth": 0.5,
            "visible": true,
          },
          "inverse": false,
          "label": {
            "labelAngle": 0,
            "labelColor": "#797B85",
            "labelFontSize": 12,
            "labelFontWeight": 400,
            "visible": true,
          },
          "line": {
            "lineColor": "#3641594d",
            "lineWidth": 1,
            "visible": false,
          },
          "nice": true,
          "tick": {
            "tickColor": "#3641594d",
            "tickInside": false,
            "tickSize": 4,
            "visible": false,
          },
          "title": {
            "titleColor": "#646A73",
            "titleFontSize": 12,
            "titleFontWeight": 400,
            "titleText": "",
            "visible": false,
          },
          "zero": true,
        },
      },
    },
  },
  "dataset": [
    [
      {
        "__Dim_ColorId__": "co_20250914131915_8e38",
        "__Dim_Color__": "7642",
        "__Dim_Detail__": "sum(amount)",
        "__Dim_X__": "技术",
        "__MeaId__": "co_20250914131915_8e38",
        "__MeaName__": "sum(amount)",
        "__MeaValue____DefaultParentId__": "7642",
        "__OriginalData__": {
          "co_20250914131915_8e38": "7642",
          "xA_20250914131841_3aa1": "技术",
          "yA_20250914131844_6718": "7642",
        },
        "co_20250914131915_8e38": "7642",
        "xA_20250914131841_3aa1": "技术",
        "yA_20250914131844_6718": "7642",
      },
      {
        "__Dim_ColorId__": "co_20250914131915_8e38",
        "__Dim_Color__": "21401",
        "__Dim_Detail__": "sum(amount)",
        "__Dim_X__": "办公用品",
        "__MeaId__": "co_20250914131915_8e38",
        "__MeaName__": "sum(amount)",
        "__MeaValue____DefaultParentId__": "21401",
        "__OriginalData__": {
          "co_20250914131915_8e38": "21401",
          "xA_20250914131841_3aa1": "办公用品",
          "yA_20250914131844_6718": "21401",
        },
        "co_20250914131915_8e38": "21401",
        "xA_20250914131841_3aa1": "办公用品",
        "yA_20250914131844_6718": "21401",
      },
      {
        "__Dim_ColorId__": "co_20250914131915_8e38",
        "__Dim_Color__": "8491",
        "__Dim_Detail__": "sum(amount)",
        "__Dim_X__": "家具",
        "__MeaId__": "co_20250914131915_8e38",
        "__MeaName__": "sum(amount)",
        "__MeaValue____DefaultParentId__": "8491",
        "__OriginalData__": {
          "co_20250914131915_8e38": "8491",
          "xA_20250914131841_3aa1": "家具",
          "yA_20250914131844_6718": "8491",
        },
        "co_20250914131915_8e38": "8491",
        "xA_20250914131841_3aa1": "家具",
        "yA_20250914131844_6718": "8491",
      },
    ],
    [
      {
        "__Dim_ColorId__": "co_20250914131915_8e38",
        "__Dim_Color__": "7642",
        "__Dim_Detail__": "sum(amount)",
        "__Dim_X__": "技术",
        "__MeaId__": "yA_20250914131844_6718",
        "__MeaName__": "sum(amount)",
        "__MeaValue__0": "7642",
        "__OriginalData__": {
          "co_20250914131915_8e38": "7642",
          "xA_20250914131841_3aa1": "技术",
          "yA_20250914131844_6718": "7642",
        },
        "co_20250914131915_8e38": "7642",
        "xA_20250914131841_3aa1": "技术",
        "yA_20250914131844_6718": "7642",
      },
      {
        "__Dim_ColorId__": "co_20250914131915_8e38",
        "__Dim_Color__": "21401",
        "__Dim_Detail__": "sum(amount)",
        "__Dim_X__": "办公用品",
        "__MeaId__": "yA_20250914131844_6718",
        "__MeaName__": "sum(amount)",
        "__MeaValue__0": "21401",
        "__OriginalData__": {
          "co_20250914131915_8e38": "21401",
          "xA_20250914131841_3aa1": "办公用品",
          "yA_20250914131844_6718": "21401",
        },
        "co_20250914131915_8e38": "21401",
        "xA_20250914131841_3aa1": "办公用品",
        "yA_20250914131844_6718": "21401",
      },
      {
        "__Dim_ColorId__": "co_20250914131915_8e38",
        "__Dim_Color__": "8491",
        "__Dim_Detail__": "sum(amount)",
        "__Dim_X__": "家具",
        "__MeaId__": "yA_20250914131844_6718",
        "__MeaName__": "sum(amount)",
        "__MeaValue__0": "8491",
        "__OriginalData__": {
          "co_20250914131915_8e38": "8491",
          "xA_20250914131841_3aa1": "家具",
          "yA_20250914131844_6718": "8491",
        },
        "co_20250914131915_8e38": "8491",
        "xA_20250914131841_3aa1": "家具",
        "yA_20250914131844_6718": "8491",
      },
    ],
  ],
  "datasetReshapeInfo": [
    {
      "foldInfo": {
        "foldMap": {
          "co_20250914131915_8e38": "sum(amount)",
        },
        "measureId": "__MeaId__",
        "measureName": "__MeaName__",
        "measureValue": "__MeaValue____DefaultParentId__",
        "statistics": {
          "colorMax": 21401,
          "colorMin": 7642,
          "count": 3,
          "max": 21401,
          "min": 7642,
          "sum": 37534,
        },
      },
      "id": "__DefaultParentId__",
      "index": 0,
      "unfoldInfo": {
        "colorIdMap": {},
        "colorItems": [],
        "encodingAngle": "__Dim_Angle__",
        "encodingColor": "__Dim_Color__",
        "encodingColorId": "__Dim_ColorId__",
        "encodingDetail": "__Dim_Detail__",
        "encodingX": "__Dim_X__",
        "encodingY": "__Dim_Y__",
      },
    },
    {
      "foldInfo": {
        "foldMap": {
          "yA_20250914131844_6718": "sum(amount)",
        },
        "measureId": "__MeaId__",
        "measureName": "__MeaName__",
        "measureValue": "__MeaValue__0",
        "statistics": {
          "colorMax": 21401,
          "colorMin": 7642,
          "count": 3,
          "max": 21401,
          "min": 7642,
          "sum": 37534,
        },
      },
      "id": "0",
      "index": 1,
      "unfoldInfo": {
        "colorIdMap": {},
        "colorItems": [],
        "encodingAngle": "__Dim_Angle__",
        "encodingColor": "__Dim_Color__",
        "encodingColorId": "__Dim_ColorId__",
        "encodingDetail": "__Dim_Detail__",
        "encodingX": "__Dim_X__",
        "encodingY": "__Dim_Y__",
      },
    },
  ],
  "dimensions": [
    {
      "alias": "product_type",
      "autoFormat": true,
      "encoding": "xAxis",
      "id": "xA_20250914131841_3aa1",
    },
    {
      "alias": "指标名称",
      "id": "__MeaName__",
    },
  ],
  "encoding": {
    "color": [
      "co_20250914131915_8e38",
    ],
    "detail": [
      "__MeaName__",
    ],
    "label": [],
    "tooltip": [
      "xA_20250914131841_3aa1",
    ],
    "x": [
      "xA_20250914131841_3aa1",
    ],
    "y": [
      "yA_20250914131844_6718",
    ],
  },
  "locale": "zh-CN",
  "markStyle": {
    "areaStyle": [],
    "barStyle": [],
    "lineStyle": [],
    "pointStyle": [],
  },
  "measures": [
    {
      "children": [
        {
          "alias": "sum(amount)",
          "autoFormat": false,
          "encoding": "color",
          "format": {
            "auto": false,
            "type": "number",
          },
          "id": "co_20250914131915_8e38",
        },
      ],
      "id": "__DefaultParentId__",
    },
    {
      "children": [
        {
          "alias": "sum(amount)",
          "autoFormat": false,
          "encoding": "yAxis",
          "format": {
            "auto": false,
            "type": "number",
          },
          "id": "yA_20250914131844_6718",
          "parentId": "0",
        },
      ],
      "id": "0",
    },
  ],
}
`;

exports[`emptyBarStyle 2`] = `
{
  "animation": true,
  "columns": [],
  "heightMode": "adaptive",
  "indicators": [
    {
      "cellType": "chart",
      "chartModule": "vchart",
      "chartSpec": {
        "animation": true,
        "axes": [
          {
            "domainLine": {
              "style": {
                "lineWidth": 1,
                "stroke": "#3641594d",
              },
              "visible": true,
            },
            "grid": {
              "style": {
                "lineWidth": 0.5,
                "stroke": "#36415926",
              },
              "visible": false,
            },
            "hover": true,
            "label": {
              "autoHide": true,
              "autoHideMethod": "greedy",
              "autoHideSeparation": 4,
              "autoLimit": true,
              "autoRotate": false,
              "autoRotateAngle": [
                0,
                -45,
                -90,
              ],
              "flush": true,
              "lastVisible": true,
              "minGap": 4,
              "space": 8,
              "style": {
                "angle": 0,
                "fill": "#797B85",
                "fontSize": 12,
                "fontWeight": 400,
                "maxLineWidth": 80,
              },
              "visible": true,
            },
            "maxHeight": 140,
            "orient": "bottom",
            "paddingInner": [
              0.15,
              0.1,
            ],
            "paddingOuter": [
              0.075,
              0.1,
            ],
            "sampling": false,
            "tick": {
              "inside": false,
              "style": {
                "stroke": "#3641594d",
              },
              "tickSize": 4,
              "visible": false,
            },
            "title": {
              "style": {
                "fill": "#646A73",
                "fontSize": 12,
                "fontWeight": 400,
              },
              "text": "",
              "visible": false,
            },
            "type": "band",
            "visible": true,
          },
          {
            "base": 10,
            "domainLine": {
              "style": {
                "lineWidth": 1,
                "stroke": "#3641594d",
              },
              "visible": false,
            },
            "grid": {
              "style": {
                "lineWidth": 0.5,
                "stroke": "#36415926",
              },
              "visible": true,
            },
            "innerOffset": {
              "top": 7,
            },
            "inverse": false,
            "label": {
              "formatMethod": [Function],
              "style": {
                "angle": 0,
                "fill": "#797B85",
                "fontSize": 12,
                "fontWeight": 400,
              },
              "visible": true,
            },
            "max": undefined,
            "min": undefined,
            "nice": true,
            "orient": "left",
            "tick": {
              "inside": false,
              "style": {
                "stroke": "#3641594d",
              },
              "tickSize": 4,
              "visible": false,
            },
            "title": {
              "style": {
                "fill": "#646A73",
                "fontSize": 12,
                "fontWeight": 400,
              },
              "text": "",
              "visible": false,
            },
            "type": "linear",
            "visible": true,
            "zero": true,
          },
        ],
        "background": "transparent",
        "bar": {
          "state": {
            "hover": {
              "fillOpacity": 0.6,
            },
          },
          "style": {
            "fill": {
              "field": "__Dim_Color__",
              "scale": "color",
            },
            "lineWidth": 1,
          },
        },
        "color": {
          "domain": [
            {
              "dataId": "__DefaultParentId__",
              "fields": [
                "__Dim_Color__",
              ],
            },
          ],
          "range": [
            "#C2CEFF",
            "#5766EC",
          ],
          "type": "linear",
        },
        "crosshair": {
          "xField": {
            "label": {
              "labelBackground": {
                "style": {
                  "fill": "#364159",
                },
                "visible": true,
              },
              "style": {
                "fill": "#ffffff",
              },
              "visible": true,
            },
            "line": {
              "style": {
                "fill": "#3641594d",
                "lineWidth": 0,
                "opacity": 0.2,
              },
              "type": "rect",
            },
            "visible": true,
          },
        },
        "data": {
          "fields": {
            "__Dim_Angle__": {
              "sortIndex": 0,
            },
            "__Dim_ColorId__": {
              "sortIndex": 0,
            },
            "__Dim_X__": {
              "sortIndex": 0,
            },
          },
          "id": "__DefaultParentId__",
          "values": undefined,
        },
        "direction": "vertical",
        "label": {
          "formatMethod": [Function],
          "visible": false,
        },
        "markArea": [],
        "markLine": [],
        "markPoint": [],
        "padding": 0,
        "percent": true,
        "region": [
          {
            "clip": true,
          },
        ],
        "seriesField": "__Dim_ColorId__",
        "stackCornerRadius": [Function],
        "stackInverse": true,
        "tooltip": {
          "dimension": {
            "content": [
              {
                "hasShape": true,
                "key": [Function],
                "shapeType": "rectRound",
                "value": [Function],
                "visible": true,
              },
            ],
            "title": {
              "visible": true,
            },
          },
          "mark": {
            "content": [
              {
                "hasShape": true,
                "key": [Function],
                "shapeType": "rectRound",
                "value": [Function],
                "visible": true,
              },
              {
                "hasShape": true,
                "key": [Function],
                "shapeType": "rectRound",
                "value": [Function],
                "visible": true,
              },
            ],
            "title": {
              "visible": false,
            },
          },
          "visible": true,
        },
        "type": "bar",
        "xField": "__Dim_X__",
        "yField": "__MeaValue____DefaultParentId__",
      },
      "indicatorKey": "__DefaultParentId__",
      "style": {
        "padding": [
          1,
          1,
          0,
          1,
        ],
      },
      "title": undefined,
    },
    {
      "cellType": "chart",
      "chartModule": "vchart",
      "chartSpec": {
        "animation": true,
        "axes": [
          {
            "domainLine": {
              "style": {
                "lineWidth": 1,
                "stroke": "#3641594d",
              },
              "visible": true,
            },
            "grid": {
              "style": {
                "lineWidth": 0.5,
                "stroke": "#36415926",
              },
              "visible": false,
            },
            "hover": true,
            "label": {
              "autoHide": true,
              "autoHideMethod": "greedy",
              "autoHideSeparation": 4,
              "autoLimit": true,
              "autoRotate": false,
              "autoRotateAngle": [
                0,
                -45,
                -90,
              ],
              "flush": true,
              "lastVisible": true,
              "minGap": 4,
              "space": 8,
              "style": {
                "angle": 0,
                "fill": "#797B85",
                "fontSize": 12,
                "fontWeight": 400,
                "maxLineWidth": 80,
              },
              "visible": true,
            },
            "maxHeight": 140,
            "orient": "bottom",
            "paddingInner": [
              0.15,
              0.1,
            ],
            "paddingOuter": [
              0.075,
              0.1,
            ],
            "sampling": false,
            "tick": {
              "inside": false,
              "style": {
                "stroke": "#3641594d",
              },
              "tickSize": 4,
              "visible": false,
            },
            "title": {
              "style": {
                "fill": "#646A73",
                "fontSize": 12,
                "fontWeight": 400,
              },
              "text": "",
              "visible": false,
            },
            "type": "band",
            "visible": true,
          },
          {
            "base": 10,
            "domainLine": {
              "style": {
                "lineWidth": 1,
                "stroke": "#3641594d",
              },
              "visible": false,
            },
            "grid": {
              "style": {
                "lineWidth": 0.5,
                "stroke": "#36415926",
              },
              "visible": true,
            },
            "innerOffset": {
              "top": 7,
            },
            "inverse": false,
            "label": {
              "formatMethod": [Function],
              "style": {
                "angle": 0,
                "fill": "#797B85",
                "fontSize": 12,
                "fontWeight": 400,
              },
              "visible": true,
            },
            "max": undefined,
            "min": undefined,
            "nice": true,
            "orient": "left",
            "tick": {
              "inside": false,
              "style": {
                "stroke": "#3641594d",
              },
              "tickSize": 4,
              "visible": false,
            },
            "title": {
              "style": {
                "fill": "#646A73",
                "fontSize": 12,
                "fontWeight": 400,
              },
              "text": "",
              "visible": false,
            },
            "type": "linear",
            "visible": true,
            "zero": true,
          },
        ],
        "background": "transparent",
        "bar": {
          "state": {
            "hover": {
              "fillOpacity": 0.6,
            },
          },
          "style": {
            "fill": {
              "field": "__Dim_Color__",
              "scale": "color",
            },
            "lineWidth": 1,
          },
        },
        "color": {
          "domain": [
            {
              "dataId": "0",
              "fields": [
                "__Dim_Color__",
              ],
            },
          ],
          "range": [
            "#C2CEFF",
            "#5766EC",
          ],
          "type": "linear",
        },
        "crosshair": {
          "xField": {
            "label": {
              "labelBackground": {
                "style": {
                  "fill": "#364159",
                },
                "visible": true,
              },
              "style": {
                "fill": "#ffffff",
              },
              "visible": true,
            },
            "line": {
              "style": {
                "fill": "#3641594d",
                "lineWidth": 0,
                "opacity": 0.2,
              },
              "type": "rect",
            },
            "visible": true,
          },
        },
        "data": {
          "fields": {
            "__Dim_Angle__": {
              "sortIndex": 0,
            },
            "__Dim_ColorId__": {
              "sortIndex": 0,
            },
            "__Dim_X__": {
              "sortIndex": 0,
            },
          },
          "id": "0",
          "values": undefined,
        },
        "direction": "vertical",
        "label": {
          "formatMethod": [Function],
          "visible": false,
        },
        "markArea": [],
        "markLine": [],
        "markPoint": [],
        "padding": 0,
        "percent": true,
        "region": [
          {
            "clip": true,
          },
        ],
        "seriesField": "__Dim_ColorId__",
        "stackCornerRadius": [Function],
        "stackInverse": true,
        "tooltip": {
          "dimension": {
            "content": [
              {
                "hasShape": true,
                "key": [Function],
                "shapeType": "rectRound",
                "value": [Function],
                "visible": true,
              },
            ],
            "title": {
              "visible": true,
            },
          },
          "mark": {
            "content": [
              {
                "hasShape": true,
                "key": [Function],
                "shapeType": "rectRound",
                "value": [Function],
                "visible": true,
              },
              {
                "hasShape": true,
                "key": [Function],
                "shapeType": "rectRound",
                "value": [Function],
                "visible": true,
              },
            ],
            "title": {
              "visible": false,
            },
          },
          "visible": true,
        },
        "type": "bar",
        "xField": "__Dim_X__",
        "yField": "__MeaValue__0",
      },
      "indicatorKey": "0",
      "style": {
        "padding": [
          1,
          1,
          0,
          1,
        ],
      },
      "title": undefined,
    },
  ],
  "indicatorsAsCol": false,
  "legends": {
    "colors": [
      "#C2CEFF",
      "#5766EC",
    ],
    "endText": {
      "style": {
        "fill": "#6F6F6F",
        "fontSize": 12,
        "fontWeight": 400,
      },
      "visible": true,
    },
    "max": 7642,
    "maxWidth": "30%",
    "min": 21401,
    "orient": "right",
    "position": "start",
    "startText": {
      "style": {
        "fill": "#6F6F6F",
        "fontSize": 12,
        "fontWeight": 400,
      },
      "visible": true,
    },
    "type": "color",
    "value": [
      21401,
      7642,
    ],
    "visible": true,
  },
  "records": {
    "0": [
      {
        "__Dim_ColorId__": "co_20250914131915_8e38",
        "__Dim_Color__": "7642",
        "__Dim_Detail__": "sum(amount)",
        "__Dim_X__": "技术",
        "__MeaId__": "yA_20250914131844_6718",
        "__MeaName__": "sum(amount)",
        "__MeaValue__0": "7642",
        "__OriginalData__": {
          "co_20250914131915_8e38": "7642",
          "xA_20250914131841_3aa1": "技术",
          "yA_20250914131844_6718": "7642",
        },
        "co_20250914131915_8e38": "7642",
        "xA_20250914131841_3aa1": "技术",
        "yA_20250914131844_6718": "7642",
      },
      {
        "__Dim_ColorId__": "co_20250914131915_8e38",
        "__Dim_Color__": "21401",
        "__Dim_Detail__": "sum(amount)",
        "__Dim_X__": "办公用品",
        "__MeaId__": "yA_20250914131844_6718",
        "__MeaName__": "sum(amount)",
        "__MeaValue__0": "21401",
        "__OriginalData__": {
          "co_20250914131915_8e38": "21401",
          "xA_20250914131841_3aa1": "办公用品",
          "yA_20250914131844_6718": "21401",
        },
        "co_20250914131915_8e38": "21401",
        "xA_20250914131841_3aa1": "办公用品",
        "yA_20250914131844_6718": "21401",
      },
      {
        "__Dim_ColorId__": "co_20250914131915_8e38",
        "__Dim_Color__": "8491",
        "__Dim_Detail__": "sum(amount)",
        "__Dim_X__": "家具",
        "__MeaId__": "yA_20250914131844_6718",
        "__MeaName__": "sum(amount)",
        "__MeaValue__0": "8491",
        "__OriginalData__": {
          "co_20250914131915_8e38": "8491",
          "xA_20250914131841_3aa1": "家具",
          "yA_20250914131844_6718": "8491",
        },
        "co_20250914131915_8e38": "8491",
        "xA_20250914131841_3aa1": "家具",
        "yA_20250914131844_6718": "8491",
      },
    ],
    "__DefaultParentId__": [
      {
        "__Dim_ColorId__": "co_20250914131915_8e38",
        "__Dim_Color__": "7642",
        "__Dim_Detail__": "sum(amount)",
        "__Dim_X__": "技术",
        "__MeaId__": "co_20250914131915_8e38",
        "__MeaName__": "sum(amount)",
        "__MeaValue____DefaultParentId__": "7642",
        "__OriginalData__": {
          "co_20250914131915_8e38": "7642",
          "xA_20250914131841_3aa1": "技术",
          "yA_20250914131844_6718": "7642",
        },
        "co_20250914131915_8e38": "7642",
        "xA_20250914131841_3aa1": "技术",
        "yA_20250914131844_6718": "7642",
      },
      {
        "__Dim_ColorId__": "co_20250914131915_8e38",
        "__Dim_Color__": "21401",
        "__Dim_Detail__": "sum(amount)",
        "__Dim_X__": "办公用品",
        "__MeaId__": "co_20250914131915_8e38",
        "__MeaName__": "sum(amount)",
        "__MeaValue____DefaultParentId__": "21401",
        "__OriginalData__": {
          "co_20250914131915_8e38": "21401",
          "xA_20250914131841_3aa1": "办公用品",
          "yA_20250914131844_6718": "21401",
        },
        "co_20250914131915_8e38": "21401",
        "xA_20250914131841_3aa1": "办公用品",
        "yA_20250914131844_6718": "21401",
      },
      {
        "__Dim_ColorId__": "co_20250914131915_8e38",
        "__Dim_Color__": "8491",
        "__Dim_Detail__": "sum(amount)",
        "__Dim_X__": "家具",
        "__MeaId__": "co_20250914131915_8e38",
        "__MeaName__": "sum(amount)",
        "__MeaValue____DefaultParentId__": "8491",
        "__OriginalData__": {
          "co_20250914131915_8e38": "8491",
          "xA_20250914131841_3aa1": "家具",
          "yA_20250914131844_6718": "8491",
        },
        "co_20250914131915_8e38": "8491",
        "xA_20250914131841_3aa1": "家具",
        "yA_20250914131844_6718": "8491",
      },
    ],
  },
  "rows": [],
  "theme": {
    "bodyStyle": {
      "bgColor": "rgba(0,0,0,0)",
      "borderColor": "rgba(0,4,20,0.2)",
      "borderLineWidth": [
        0,
        0,
        2,
        0,
      ],
      "hover": {
        "cellBgColor": "transparent",
      },
      "padding": [
        0,
        0,
        1,
        0,
      ],
    },
    "bottomFrozenStyle": {
      "bgColor": "rgba(0,0,0,0)",
      "borderColor": "rgba(0,4,20,0.2)",
      "borderLineWidth": 0,
      "hover": {
        "cellBgColor": "rgba(178,186,207, 0.2)",
      },
    },
    "cornerHeaderStyle": {
      "bgColor": "rgba(0,0,0,0)",
      "borderColor": "rgba(0,4,20,0.2)",
      "borderLineWidth": [
        0,
        0,
        0,
        0,
      ],
      "color": "#333333",
      "fontSize": 12,
      "fontWeight": "bold",
      "hover": {
        "cellBgColor": "rgba(178,186,207, 0.2)",
      },
      "textAlign": "center",
    },
    "cornerLeftBottomCellStyle": {
      "bgColor": "rgba(0,0,0,0)",
      "borderColor": "rgba(0,4,20,0.2)",
      "borderLineWidth": 0,
      "hover": {
        "cellBgColor": "rgba(178,186,207, 0.2)",
      },
    },
    "cornerRightBottomCellStyle": {
      "bgColor": "rgba(0,0,0,0)",
      "borderColor": "rgba(0,4,20,0.2)",
      "borderLineWidth": 0,
      "hover": {
        "cellBgColor": "rgba(178,186,207, 0.2)",
      },
    },
    "cornerRightTopCellStyle": {
      "bgColor": "rgba(0,0,0,0)",
      "borderColor": "rgba(0,4,20,0.2)",
      "borderLineWidth": 0,
      "hover": {
        "cellBgColor": "rgba(178,186,207, 0.2)",
      },
    },
    "frameStyle": {
      "bgColor": "rgba(0,0,0,0)",
      "borderLineWidth": 0,
    },
    "headerStyle": {
      "bgColor": "rgba(0,0,0,0)",
      "borderColor": "rgba(0,4,20,0.2)",
      "borderLineWidth": 0,
      "color": "#333333",
      "fontSize": 12,
      "hover": {
        "cellBgColor": "rgba(178,186,207, 0.2)",
      },
      "textAlign": "center",
    },
    "rightFrozenStyle": {
      "bgColor": "rgba(0,0,0,0)",
      "borderColor": "rgba(0,4,20,0.2)",
      "borderLineWidth": 0,
      "hover": {
        "cellBgColor": "rgba(178,186,207, 0.2)",
      },
    },
    "rowHeaderStyle": {
      "bgColor": "rgba(0,0,0,0)",
      "borderColor": "rgba(0,4,20,0.2)",
      "borderLineWidth": 0,
      "color": "#333333",
      "fontSize": 12,
      "hover": {
        "cellBgColor": "rgba(178,186,207, 0.2)",
      },
    },
    "selectionStyle": {
      "cellBgColor": "",
      "cellBorderColor": "",
    },
    "underlayBackgroundColor": "rgba(0,0,0,0)",
  },
  "widthMode": "adaptive",
}
`;

exports[`emptyBarStyle 3`] = `
{
  "advancedPipeline": [
    [Function],
    [Function],
    [Function],
    [Function],
    [Function],
    [Function],
    [Function],
    [Function],
    [Function],
    [Function],
    [Function],
    [Function],
  ],
  "colorIdMap": {},
  "colorItems": [],
  "hasTheme": true,
  "specPipeline": [
    [Function],
  ],
  "themeMapKeys": [
    "light",
    "dark",
  ],
}
`;
