// Vitest Snapshot v1, https://vitest.dev/guide/snapshot.html

exports[`1_measureName 1`] = `
{
  "chartType": "pivotTable",
  "config": {
    "pivotTable": {
      "backgroundColor": "transparent",
      "bodyBackgroundColor": "transparent",
      "bodyFontColor": "#141414",
      "bodyFontSize": 12,
      "borderColor": "#e3e5eb",
      "headerBackgroundColor": "#f6f7f9",
      "headerFontColor": "#21252c",
      "headerFontSize": 12,
      "hoverBodyBackgroundColor": "#bedaff",
      "hoverBodyInlineBackgroundColor": "#bedaff33",
      "hoverHeaderBackgroundColor": "#D9DDE4",
      "hoverHeaderInlineBackgroundColor": "#D9DDE455",
      "selectedBackgroundColor": "#bedaff33",
      "selectedBorderColor": "#4080ff",
    },
  },
  "customTheme": {
    "config": {
      "pivotTable": {
        "backgroundColor": "transparent",
        "bodyBackgroundColor": "transparent",
        "bodyFontColor": "#141414",
        "bodyFontSize": 12,
        "borderColor": "#e3e5eb",
        "headerBackgroundColor": "#f6f7f9",
        "headerFontColor": "#21252c",
        "headerFontSize": 12,
        "hoverBodyBackgroundColor": "#bedaff",
        "hoverBodyInlineBackgroundColor": "#bedaff33",
        "hoverHeaderBackgroundColor": "#D9DDE4",
        "hoverHeaderInlineBackgroundColor": "#D9DDE455",
        "selectedBackgroundColor": "#bedaff33",
        "selectedBorderColor": "#4080ff",
      },
    },
  },
  "dataset": [
    {
      "__MeaId__": "profit",
      "__MeaName__": "利润",
      "__MeaValue__": 10,
      "__OriginalData__": {
        "city": "A",
        "date": "2019",
        "profit": 10,
        "region": "east",
        "sales": 100,
      },
      "city": "A",
      "date": "2019",
      "profit": 10,
      "region": "east",
    },
    {
      "__MeaId__": "sales",
      "__MeaName__": "销售额",
      "__MeaValue__": 100,
      "__OriginalData__": {
        "city": "A",
        "date": "2019",
        "profit": 10,
        "region": "east",
        "sales": 100,
      },
      "city": "A",
      "date": "2019",
      "region": "east",
      "sales": 100,
    },
    {
      "__MeaId__": "profit",
      "__MeaName__": "利润",
      "__MeaValue__": 30,
      "__OriginalData__": {
        "city": "B",
        "date": "2019",
        "profit": 30,
        "region": "east",
        "sales": 200,
      },
      "city": "B",
      "date": "2019",
      "profit": 30,
      "region": "east",
    },
    {
      "__MeaId__": "sales",
      "__MeaName__": "销售额",
      "__MeaValue__": 200,
      "__OriginalData__": {
        "city": "B",
        "date": "2019",
        "profit": 30,
        "region": "east",
        "sales": 200,
      },
      "city": "B",
      "date": "2019",
      "region": "east",
      "sales": 200,
    },
    {
      "__MeaId__": "profit",
      "__MeaName__": "利润",
      "__MeaValue__": 30,
      "__OriginalData__": {
        "city": "A",
        "date": "2019",
        "profit": 30,
        "region": "west",
        "sales": 300,
      },
      "city": "A",
      "date": "2019",
      "profit": 30,
      "region": "west",
    },
    {
      "__MeaId__": "sales",
      "__MeaName__": "销售额",
      "__MeaValue__": 300,
      "__OriginalData__": {
        "city": "A",
        "date": "2019",
        "profit": 30,
        "region": "west",
        "sales": 300,
      },
      "city": "A",
      "date": "2019",
      "region": "west",
      "sales": 300,
    },
    {
      "__MeaId__": "profit",
      "__MeaName__": "利润",
      "__MeaValue__": 50,
      "__OriginalData__": {
        "city": "B",
        "date": "2019",
        "profit": 50,
        "region": "west",
        "sales": 500,
      },
      "city": "B",
      "date": "2019",
      "profit": 50,
      "region": "west",
    },
    {
      "__MeaId__": "sales",
      "__MeaName__": "销售额",
      "__MeaValue__": 500,
      "__OriginalData__": {
        "city": "B",
        "date": "2019",
        "profit": 50,
        "region": "west",
        "sales": 500,
      },
      "city": "B",
      "date": "2019",
      "region": "west",
      "sales": 500,
    },
    {
      "__MeaId__": "profit",
      "__MeaName__": "利润",
      "__MeaValue__": 15,
      "__OriginalData__": {
        "city": "A",
        "date": "2020",
        "profit": 15,
        "region": "east",
        "sales": 100,
      },
      "city": "A",
      "date": "2020",
      "profit": 15,
      "region": "east",
    },
    {
      "__MeaId__": "sales",
      "__MeaName__": "销售额",
      "__MeaValue__": 100,
      "__OriginalData__": {
        "city": "A",
        "date": "2020",
        "profit": 15,
        "region": "east",
        "sales": 100,
      },
      "city": "A",
      "date": "2020",
      "region": "east",
      "sales": 100,
    },
    {
      "__MeaId__": "profit",
      "__MeaName__": "利润",
      "__MeaValue__": 35,
      "__OriginalData__": {
        "city": "B",
        "date": "2020",
        "profit": 35,
        "region": "east",
        "sales": 200,
      },
      "city": "B",
      "date": "2020",
      "profit": 35,
      "region": "east",
    },
    {
      "__MeaId__": "sales",
      "__MeaName__": "销售额",
      "__MeaValue__": 200,
      "__OriginalData__": {
        "city": "B",
        "date": "2020",
        "profit": 35,
        "region": "east",
        "sales": 200,
      },
      "city": "B",
      "date": "2020",
      "region": "east",
      "sales": 200,
    },
    {
      "__MeaId__": "profit",
      "__MeaName__": "利润",
      "__MeaValue__": 35,
      "__OriginalData__": {
        "city": "A",
        "date": "2020",
        "profit": 35,
        "region": "west",
        "sales": 300,
      },
      "city": "A",
      "date": "2020",
      "profit": 35,
      "region": "west",
    },
    {
      "__MeaId__": "sales",
      "__MeaName__": "销售额",
      "__MeaValue__": 300,
      "__OriginalData__": {
        "city": "A",
        "date": "2020",
        "profit": 35,
        "region": "west",
        "sales": 300,
      },
      "city": "A",
      "date": "2020",
      "region": "west",
      "sales": 300,
    },
    {
      "__MeaId__": "profit",
      "__MeaName__": "利润",
      "__MeaValue__": 55,
      "__OriginalData__": {
        "city": "B",
        "date": "2020",
        "profit": 55,
        "region": "west",
        "sales": 500,
      },
      "city": "B",
      "date": "2020",
      "profit": 55,
      "region": "west",
    },
    {
      "__MeaId__": "sales",
      "__MeaName__": "销售额",
      "__MeaValue__": 500,
      "__OriginalData__": {
        "city": "B",
        "date": "2020",
        "profit": 55,
        "region": "west",
        "sales": 500,
      },
      "city": "B",
      "date": "2020",
      "region": "west",
      "sales": 500,
    },
    {
      "__MeaId__": "profit",
      "__MeaName__": "利润",
      "__MeaValue__": 20,
      "__OriginalData__": {
        "city": "A",
        "date": "2021",
        "profit": 20,
        "region": "east",
        "sales": 100,
      },
      "city": "A",
      "date": "2021",
      "profit": 20,
      "region": "east",
    },
    {
      "__MeaId__": "sales",
      "__MeaName__": "销售额",
      "__MeaValue__": 100,
      "__OriginalData__": {
        "city": "A",
        "date": "2021",
        "profit": 20,
        "region": "east",
        "sales": 100,
      },
      "city": "A",
      "date": "2021",
      "region": "east",
      "sales": 100,
    },
    {
      "__MeaId__": "profit",
      "__MeaName__": "利润",
      "__MeaValue__": 40,
      "__OriginalData__": {
        "city": "B",
        "date": "2021",
        "profit": 40,
        "region": "east",
        "sales": 200,
      },
      "city": "B",
      "date": "2021",
      "profit": 40,
      "region": "east",
    },
    {
      "__MeaId__": "sales",
      "__MeaName__": "销售额",
      "__MeaValue__": 200,
      "__OriginalData__": {
        "city": "B",
        "date": "2021",
        "profit": 40,
        "region": "east",
        "sales": 200,
      },
      "city": "B",
      "date": "2021",
      "region": "east",
      "sales": 200,
    },
    {
      "__MeaId__": "profit",
      "__MeaName__": "利润",
      "__MeaValue__": 40,
      "__OriginalData__": {
        "city": "A",
        "date": "2021",
        "profit": 40,
        "region": "west",
        "sales": 300,
      },
      "city": "A",
      "date": "2021",
      "profit": 40,
      "region": "west",
    },
    {
      "__MeaId__": "sales",
      "__MeaName__": "销售额",
      "__MeaValue__": 300,
      "__OriginalData__": {
        "city": "A",
        "date": "2021",
        "profit": 40,
        "region": "west",
        "sales": 300,
      },
      "city": "A",
      "date": "2021",
      "region": "west",
      "sales": 300,
    },
    {
      "__MeaId__": "profit",
      "__MeaName__": "利润",
      "__MeaValue__": 60,
      "__OriginalData__": {
        "city": "B",
        "date": "2021",
        "profit": 60,
        "region": "west",
        "sales": 500,
      },
      "city": "B",
      "date": "2021",
      "profit": 60,
      "region": "west",
    },
    {
      "__MeaId__": "sales",
      "__MeaName__": "销售额",
      "__MeaValue__": 500,
      "__OriginalData__": {
        "city": "B",
        "date": "2021",
        "profit": 60,
        "region": "west",
        "sales": 500,
      },
      "city": "B",
      "date": "2021",
      "region": "west",
      "sales": 500,
    },
  ],
  "datasetReshapeInfo": [
    {
      "foldInfo": {
        "colorRange": [
          0,
          1,
        ],
        "foldMap": {
          "profit": "利润",
          "sales": "销售额",
        },
        "measureId": "__MeaId__",
        "measureName": "__MeaName__",
        "measureRange": [
          10,
          500,
        ],
        "measureValue": "__MeaValue__",
      },
      "id": "pivotTable",
      "index": 0,
    },
  ],
  "dimensions": [
    {
      "alias": "指标名称",
      "encoding": "column",
      "id": "__MeaName__",
    },
    {
      "alias": "日期",
      "id": "date",
    },
    {
      "alias": "区域",
      "id": "region",
    },
    {
      "alias": "城市",
      "id": "city",
    },
  ],
  "encoding": {
    "column": [
      "__MeaName__",
      "region",
    ],
    "detail": [
      "profit",
      "sales",
    ],
    "row": [
      "date",
      "city",
    ],
    "tooltip": [
      "profit",
      "sales",
    ],
  },
  "locale": "zh-CN",
  "measures": [
    {
      "alias": "利润",
      "encoding": "detail",
      "format": {
        "prefix": "hello",
      },
      "id": "profit",
    },
    {
      "alias": "销售额",
      "encoding": "detail",
      "id": "sales",
    },
  ],
}
`;

exports[`1_measureName 2`] = `
{
  "animationAppear": {
    "delay": 250,
    "direction": "row",
    "duration": 300,
    "type": "one-by-one",
  },
  "autoWrapText": true,
  "columnResizeMode": "all",
  "columnResizeType": "column",
  "columns": [
    {
      "dimensionKey": "__MeaName__",
      "title": "指标名称",
      "width": "auto",
    },
    {
      "dimensionKey": "region",
      "title": "区域",
      "width": "auto",
    },
  ],
  "corner": {
    "titleOnDimension": "all",
  },
  "dataConfig": {
    "aggregationRules": [
      {
        "aggregationType": "NONE",
        "field": "profit",
        "indicatorKey": "profit",
      },
      {
        "aggregationType": "NONE",
        "field": "sales",
        "indicatorKey": "sales",
      },
    ],
  },
  "heightMode": "autoHeight",
  "hideIndicatorName": true,
  "hover": {
    "highlightMode": "cross",
  },
  "indicatorTitle": "指标名称",
  "indicators": [
    {
      "cellType": "text",
      "format": [Function],
      "indicatorKey": "__MeaValue__",
      "title": "indicator",
      "width": "auto",
    },
  ],
  "indicatorsAsCol": true,
  "records": [
    {
      "__MeaId__": "profit",
      "__MeaName__": "利润",
      "__MeaValue__": 10,
      "__OriginalData__": {
        "city": "A",
        "date": "2019",
        "profit": 10,
        "region": "east",
        "sales": 100,
      },
      "city": "A",
      "date": "2019",
      "profit": 10,
      "region": "east",
    },
    {
      "__MeaId__": "sales",
      "__MeaName__": "销售额",
      "__MeaValue__": 100,
      "__OriginalData__": {
        "city": "A",
        "date": "2019",
        "profit": 10,
        "region": "east",
        "sales": 100,
      },
      "city": "A",
      "date": "2019",
      "region": "east",
      "sales": 100,
    },
    {
      "__MeaId__": "profit",
      "__MeaName__": "利润",
      "__MeaValue__": 30,
      "__OriginalData__": {
        "city": "B",
        "date": "2019",
        "profit": 30,
        "region": "east",
        "sales": 200,
      },
      "city": "B",
      "date": "2019",
      "profit": 30,
      "region": "east",
    },
    {
      "__MeaId__": "sales",
      "__MeaName__": "销售额",
      "__MeaValue__": 200,
      "__OriginalData__": {
        "city": "B",
        "date": "2019",
        "profit": 30,
        "region": "east",
        "sales": 200,
      },
      "city": "B",
      "date": "2019",
      "region": "east",
      "sales": 200,
    },
    {
      "__MeaId__": "profit",
      "__MeaName__": "利润",
      "__MeaValue__": 30,
      "__OriginalData__": {
        "city": "A",
        "date": "2019",
        "profit": 30,
        "region": "west",
        "sales": 300,
      },
      "city": "A",
      "date": "2019",
      "profit": 30,
      "region": "west",
    },
    {
      "__MeaId__": "sales",
      "__MeaName__": "销售额",
      "__MeaValue__": 300,
      "__OriginalData__": {
        "city": "A",
        "date": "2019",
        "profit": 30,
        "region": "west",
        "sales": 300,
      },
      "city": "A",
      "date": "2019",
      "region": "west",
      "sales": 300,
    },
    {
      "__MeaId__": "profit",
      "__MeaName__": "利润",
      "__MeaValue__": 50,
      "__OriginalData__": {
        "city": "B",
        "date": "2019",
        "profit": 50,
        "region": "west",
        "sales": 500,
      },
      "city": "B",
      "date": "2019",
      "profit": 50,
      "region": "west",
    },
    {
      "__MeaId__": "sales",
      "__MeaName__": "销售额",
      "__MeaValue__": 500,
      "__OriginalData__": {
        "city": "B",
        "date": "2019",
        "profit": 50,
        "region": "west",
        "sales": 500,
      },
      "city": "B",
      "date": "2019",
      "region": "west",
      "sales": 500,
    },
    {
      "__MeaId__": "profit",
      "__MeaName__": "利润",
      "__MeaValue__": 15,
      "__OriginalData__": {
        "city": "A",
        "date": "2020",
        "profit": 15,
        "region": "east",
        "sales": 100,
      },
      "city": "A",
      "date": "2020",
      "profit": 15,
      "region": "east",
    },
    {
      "__MeaId__": "sales",
      "__MeaName__": "销售额",
      "__MeaValue__": 100,
      "__OriginalData__": {
        "city": "A",
        "date": "2020",
        "profit": 15,
        "region": "east",
        "sales": 100,
      },
      "city": "A",
      "date": "2020",
      "region": "east",
      "sales": 100,
    },
    {
      "__MeaId__": "profit",
      "__MeaName__": "利润",
      "__MeaValue__": 35,
      "__OriginalData__": {
        "city": "B",
        "date": "2020",
        "profit": 35,
        "region": "east",
        "sales": 200,
      },
      "city": "B",
      "date": "2020",
      "profit": 35,
      "region": "east",
    },
    {
      "__MeaId__": "sales",
      "__MeaName__": "销售额",
      "__MeaValue__": 200,
      "__OriginalData__": {
        "city": "B",
        "date": "2020",
        "profit": 35,
        "region": "east",
        "sales": 200,
      },
      "city": "B",
      "date": "2020",
      "region": "east",
      "sales": 200,
    },
    {
      "__MeaId__": "profit",
      "__MeaName__": "利润",
      "__MeaValue__": 35,
      "__OriginalData__": {
        "city": "A",
        "date": "2020",
        "profit": 35,
        "region": "west",
        "sales": 300,
      },
      "city": "A",
      "date": "2020",
      "profit": 35,
      "region": "west",
    },
    {
      "__MeaId__": "sales",
      "__MeaName__": "销售额",
      "__MeaValue__": 300,
      "__OriginalData__": {
        "city": "A",
        "date": "2020",
        "profit": 35,
        "region": "west",
        "sales": 300,
      },
      "city": "A",
      "date": "2020",
      "region": "west",
      "sales": 300,
    },
    {
      "__MeaId__": "profit",
      "__MeaName__": "利润",
      "__MeaValue__": 55,
      "__OriginalData__": {
        "city": "B",
        "date": "2020",
        "profit": 55,
        "region": "west",
        "sales": 500,
      },
      "city": "B",
      "date": "2020",
      "profit": 55,
      "region": "west",
    },
    {
      "__MeaId__": "sales",
      "__MeaName__": "销售额",
      "__MeaValue__": 500,
      "__OriginalData__": {
        "city": "B",
        "date": "2020",
        "profit": 55,
        "region": "west",
        "sales": 500,
      },
      "city": "B",
      "date": "2020",
      "region": "west",
      "sales": 500,
    },
    {
      "__MeaId__": "profit",
      "__MeaName__": "利润",
      "__MeaValue__": 20,
      "__OriginalData__": {
        "city": "A",
        "date": "2021",
        "profit": 20,
        "region": "east",
        "sales": 100,
      },
      "city": "A",
      "date": "2021",
      "profit": 20,
      "region": "east",
    },
    {
      "__MeaId__": "sales",
      "__MeaName__": "销售额",
      "__MeaValue__": 100,
      "__OriginalData__": {
        "city": "A",
        "date": "2021",
        "profit": 20,
        "region": "east",
        "sales": 100,
      },
      "city": "A",
      "date": "2021",
      "region": "east",
      "sales": 100,
    },
    {
      "__MeaId__": "profit",
      "__MeaName__": "利润",
      "__MeaValue__": 40,
      "__OriginalData__": {
        "city": "B",
        "date": "2021",
        "profit": 40,
        "region": "east",
        "sales": 200,
      },
      "city": "B",
      "date": "2021",
      "profit": 40,
      "region": "east",
    },
    {
      "__MeaId__": "sales",
      "__MeaName__": "销售额",
      "__MeaValue__": 200,
      "__OriginalData__": {
        "city": "B",
        "date": "2021",
        "profit": 40,
        "region": "east",
        "sales": 200,
      },
      "city": "B",
      "date": "2021",
      "region": "east",
      "sales": 200,
    },
    {
      "__MeaId__": "profit",
      "__MeaName__": "利润",
      "__MeaValue__": 40,
      "__OriginalData__": {
        "city": "A",
        "date": "2021",
        "profit": 40,
        "region": "west",
        "sales": 300,
      },
      "city": "A",
      "date": "2021",
      "profit": 40,
      "region": "west",
    },
    {
      "__MeaId__": "sales",
      "__MeaName__": "销售额",
      "__MeaValue__": 300,
      "__OriginalData__": {
        "city": "A",
        "date": "2021",
        "profit": 40,
        "region": "west",
        "sales": 300,
      },
      "city": "A",
      "date": "2021",
      "region": "west",
      "sales": 300,
    },
    {
      "__MeaId__": "profit",
      "__MeaName__": "利润",
      "__MeaValue__": 60,
      "__OriginalData__": {
        "city": "B",
        "date": "2021",
        "profit": 60,
        "region": "west",
        "sales": 500,
      },
      "city": "B",
      "date": "2021",
      "profit": 60,
      "region": "west",
    },
    {
      "__MeaId__": "sales",
      "__MeaName__": "销售额",
      "__MeaValue__": 500,
      "__OriginalData__": {
        "city": "B",
        "date": "2021",
        "profit": 60,
        "region": "west",
        "sales": 500,
      },
      "city": "B",
      "date": "2021",
      "region": "west",
      "sales": 500,
    },
  ],
  "rows": [
    {
      "dimensionKey": "date",
      "title": "日期",
      "width": "auto",
    },
    {
      "dimensionKey": "city",
      "title": "城市",
      "width": "auto",
    },
  ],
  "select": {
    "headerSelectMode": "inline",
    "highlightMode": "cell",
  },
  "showColumnHeader": true,
  "showRowHeader": true,
  "theme": {
    "bodyStyle": {
      "bgColor": "transparent",
      "borderColor": "#e3e5eb",
      "borderLineWidth": 1,
      "color": "#141414",
      "fontSize": 12,
      "fontStyle": "normal",
      "fontVariant": "normal",
      "fontWeight": "normal",
      "hover": {
        "cellBgColor": "#bedaff",
        "inlineColumnBgColor": "#bedaff33",
        "inlineRowBgColor": "#bedaff33",
      },
      "lineHeight": 18,
      "padding": [
        8,
        12,
        8,
        12,
      ],
      "textAlign": "right",
    },
    "cornerHeaderStyle": {
      "bgColor": "#f6f7f9",
      "borderColor": [
        "#e3e5eb",
        "#e3e5eb",
      ],
      "borderLineWidth": 1,
      "color": "#21252c",
      "fontSize": 12,
      "fontStyle": "normal",
      "fontVariant": "normal",
      "fontWeight": "bold",
      "frameStyle": {
        "borderColor": [
          null,
          "#e3e5eb",
          "#e3e5eb",
          null,
        ],
        "borderLineWidth": 1,
      },
      "hover": {
        "cellBgColor": "#D9DDE4",
        "inlineColumnBgColor": "#D9DDE455",
        "inlineRowBgColor": "#D9DDE455",
      },
      "lineHeight": 18,
      "padding": [
        8,
        12,
        8,
        12,
      ],
      "textAlign": "left",
    },
    "frameStyle": {
      "borderColor": "#e3e5eb",
      "borderLineWidth": 0,
      "cornerRadius": 4,
    },
    "headerStyle": {
      "bgColor": "#f6f7f9",
      "borderColor": "#e3e5eb",
      "borderLineWidth": 1,
      "color": "#21252c",
      "fontSize": 12,
      "fontStyle": "normal",
      "fontVariant": "normal",
      "fontWeight": "bold",
      "frameStyle": {
        "borderColor": [
          null,
          null,
          "#e3e5eb",
          null,
        ],
        "borderLineWidth": 1,
      },
      "hover": {
        "cellBgColor": "#D9DDE4",
        "inlineColumnBgColor": "#D9DDE455",
        "inlineRowBgColor": "#D9DDE455",
      },
      "lineHeight": 18,
      "padding": [
        8,
        12,
        8,
        12,
      ],
      "textAlign": "center",
    },
    "rowHeaderStyle": {
      "bgColor": "#f6f7f9",
      "borderColor": "#e3e5eb",
      "borderLineWidth": 1,
      "color": "#21252c",
      "fontSize": 12,
      "fontStyle": "normal",
      "fontVariant": "normal",
      "fontWeight": "bold",
      "frameStyle": {
        "borderColor": [
          null,
          "#e3e5eb",
          null,
          null,
        ],
        "borderLineWidth": 1,
      },
      "hover": {
        "cellBgColor": "#D9DDE4",
        "inlineColumnBgColor": "#D9DDE455",
        "inlineRowBgColor": "#D9DDE455",
      },
      "lineHeight": 18,
      "padding": [
        8,
        12,
        8,
        12,
      ],
      "textAlign": "left",
    },
    "selectionStyle": {
      "cellBgColor": "#bedaff33",
      "cellBorderColor": "#4080ff",
      "cellBorderLineWidth": 2,
    },
    "underlayBackgroundColor": "transparent",
  },
  "tooltip": {
    "isShowOverflowTextTooltip": true,
  },
  "widthAdaptiveMode": "all",
  "widthMode": "standard",
}
`;

exports[`1_measureName 3`] = `
{
  "advancedPipeline": [
    [Function],
    [Function],
    [Function],
    [Function],
    [Function],
    [Function],
    [Function],
    [Function],
  ],
  "colorIdMap": {},
  "colorItems": [],
  "hasTheme": true,
  "specPipeline": [
    [Function],
    [Function],
    [Function],
    [Function],
    [Function],
    [Function],
    [Function],
    [Function],
    [Function],
    [Function],
    [Function],
  ],
  "themeMapKeys": [
    "light",
    "dark",
  ],
}
`;
