// Vitest Snapshot v1, https://vitest.dev/guide/snapshot.html

exports[`onlyMeasures 1`] = `
{
  "chartType": "pivotTable",
  "config": {
    "pivotTable": {
      "backgroundColor": "transparent",
      "bodyBackgroundColor": "transparent",
      "bodyFontColor": "#141414",
      "bodyFontSize": 12,
      "borderColor": "#e3e5eb",
      "headerBackgroundColor": "#f6f7f9",
      "headerFontColor": "#21252c",
      "headerFontSize": 12,
      "hoverBodyBackgroundColor": "#bedaff",
      "hoverBodyInlineBackgroundColor": "#bedaff33",
      "hoverHeaderBackgroundColor": "#D9DDE4",
      "hoverHeaderInlineBackgroundColor": "#D9DDE455",
      "selectedBackgroundColor": "#bedaff33",
      "selectedBorderColor": "#4080ff",
    },
  },
  "customTheme": {
    "config": {
      "pivotTable": {
        "backgroundColor": "transparent",
        "bodyBackgroundColor": "transparent",
        "bodyFontColor": "#141414",
        "bodyFontSize": 12,
        "borderColor": "#e3e5eb",
        "headerBackgroundColor": "#f6f7f9",
        "headerFontColor": "#21252c",
        "headerFontSize": 12,
        "hoverBodyBackgroundColor": "#bedaff",
        "hoverBodyInlineBackgroundColor": "#bedaff33",
        "hoverHeaderBackgroundColor": "#D9DDE4",
        "hoverHeaderInlineBackgroundColor": "#D9DDE455",
        "selectedBackgroundColor": "#bedaff33",
        "selectedBorderColor": "#4080ff",
      },
    },
  },
  "dataset": [
    {
      "__MeaId__": "sales",
      "__MeaName__": "销售额",
      "__MeaValue__": 200000,
      "__OriginalData__": {
        "profit": 10000,
        "sales": 200000,
      },
      "sales": 200000,
    },
    {
      "__MeaId__": "profit",
      "__MeaName__": "利润",
      "__MeaValue__": 10000,
      "__OriginalData__": {
        "profit": 10000,
        "sales": 200000,
      },
      "profit": 10000,
    },
    {
      "__MeaId__": "sales",
      "__MeaName__": "销售额",
      "__MeaValue__": 400000,
      "__OriginalData__": {
        "profit": 20000,
        "sales": 400000,
      },
      "sales": 400000,
    },
    {
      "__MeaId__": "profit",
      "__MeaName__": "利润",
      "__MeaValue__": 20000,
      "__OriginalData__": {
        "profit": 20000,
        "sales": 400000,
      },
      "profit": 20000,
    },
    {
      "__MeaId__": "sales",
      "__MeaName__": "销售额",
      "__MeaValue__": 600000,
      "__OriginalData__": {
        "profit": 30000,
        "sales": 600000,
      },
      "sales": 600000,
    },
    {
      "__MeaId__": "profit",
      "__MeaName__": "利润",
      "__MeaValue__": 30000,
      "__OriginalData__": {
        "profit": 30000,
        "sales": 600000,
      },
      "profit": 30000,
    },
    {
      "__MeaId__": "sales",
      "__MeaName__": "销售额",
      "__MeaValue__": 800000,
      "__OriginalData__": {
        "profit": 40000,
        "sales": 800000,
      },
      "sales": 800000,
    },
    {
      "__MeaId__": "profit",
      "__MeaName__": "利润",
      "__MeaValue__": 40000,
      "__OriginalData__": {
        "profit": 40000,
        "sales": 800000,
      },
      "profit": 40000,
    },
    {
      "__MeaId__": "sales",
      "__MeaName__": "销售额",
      "__MeaValue__": 1000000,
      "__OriginalData__": {
        "profit": 50000,
        "sales": 1000000,
      },
      "sales": 1000000,
    },
    {
      "__MeaId__": "profit",
      "__MeaName__": "利润",
      "__MeaValue__": 50000,
      "__OriginalData__": {
        "profit": 50000,
        "sales": 1000000,
      },
      "profit": 50000,
    },
  ],
  "datasetReshapeInfo": [
    {
      "foldInfo": {
        "colorRange": [
          0,
          1,
        ],
        "foldMap": {
          "profit": "利润",
          "sales": "销售额",
        },
        "measureId": "__MeaId__",
        "measureName": "__MeaName__",
        "measureRange": [
          10000,
          1000000,
        ],
        "measureValue": "__MeaValue__",
      },
      "id": "pivotTable",
      "index": 0,
    },
  ],
  "dimensions": [
    {
      "alias": "指标名称",
      "id": "__MeaName__",
    },
  ],
  "encoding": {
    "column": [
      "__MeaName__",
    ],
    "detail": [
      "sales",
      "profit",
    ],
    "row": [],
    "tooltip": [
      "sales",
      "profit",
    ],
  },
  "locale": "zh-CN",
  "measures": [
    {
      "alias": "销售额",
      "autoFormat": true,
      "id": "sales",
    },
    {
      "alias": "利润",
      "autoFormat": false,
      "format": {
        "decimalPlaces": 0,
        "prefix": "利润",
        "ratio": 1000,
        "suffix": "$",
        "symbol": "千",
        "thousandSeparator": true,
        "type": "number",
      },
      "id": "profit",
    },
  ],
}
`;

exports[`onlyMeasures 2`] = `
{
  "animationAppear": {
    "delay": 250,
    "direction": "row",
    "duration": 300,
    "type": "one-by-one",
  },
  "autoWrapText": true,
  "columnResizeMode": "all",
  "columnResizeType": "column",
  "columns": [
    {
      "dimensionKey": "__MeaName__",
      "title": "指标名称",
      "width": "auto",
    },
  ],
  "corner": {
    "titleOnDimension": "all",
  },
  "dataConfig": {
    "aggregationRules": [
      {
        "aggregationType": "NONE",
        "field": "sales",
        "indicatorKey": "sales",
      },
      {
        "aggregationType": "NONE",
        "field": "profit",
        "indicatorKey": "profit",
      },
    ],
  },
  "heightMode": "autoHeight",
  "hideIndicatorName": true,
  "hover": {
    "highlightMode": "cross",
  },
  "indicatorTitle": "指标名称",
  "indicators": [
    {
      "cellType": "text",
      "format": [Function],
      "indicatorKey": "__MeaValue__",
      "title": "indicator",
      "width": "auto",
    },
  ],
  "indicatorsAsCol": true,
  "records": [
    {
      "__MeaId__": "sales",
      "__MeaName__": "销售额",
      "__MeaValue__": 200000,
      "__OriginalData__": {
        "profit": 10000,
        "sales": 200000,
      },
      "sales": 200000,
    },
    {
      "__MeaId__": "profit",
      "__MeaName__": "利润",
      "__MeaValue__": 10000,
      "__OriginalData__": {
        "profit": 10000,
        "sales": 200000,
      },
      "profit": 10000,
    },
    {
      "__MeaId__": "sales",
      "__MeaName__": "销售额",
      "__MeaValue__": 400000,
      "__OriginalData__": {
        "profit": 20000,
        "sales": 400000,
      },
      "sales": 400000,
    },
    {
      "__MeaId__": "profit",
      "__MeaName__": "利润",
      "__MeaValue__": 20000,
      "__OriginalData__": {
        "profit": 20000,
        "sales": 400000,
      },
      "profit": 20000,
    },
    {
      "__MeaId__": "sales",
      "__MeaName__": "销售额",
      "__MeaValue__": 600000,
      "__OriginalData__": {
        "profit": 30000,
        "sales": 600000,
      },
      "sales": 600000,
    },
    {
      "__MeaId__": "profit",
      "__MeaName__": "利润",
      "__MeaValue__": 30000,
      "__OriginalData__": {
        "profit": 30000,
        "sales": 600000,
      },
      "profit": 30000,
    },
    {
      "__MeaId__": "sales",
      "__MeaName__": "销售额",
      "__MeaValue__": 800000,
      "__OriginalData__": {
        "profit": 40000,
        "sales": 800000,
      },
      "sales": 800000,
    },
    {
      "__MeaId__": "profit",
      "__MeaName__": "利润",
      "__MeaValue__": 40000,
      "__OriginalData__": {
        "profit": 40000,
        "sales": 800000,
      },
      "profit": 40000,
    },
    {
      "__MeaId__": "sales",
      "__MeaName__": "销售额",
      "__MeaValue__": 1000000,
      "__OriginalData__": {
        "profit": 50000,
        "sales": 1000000,
      },
      "sales": 1000000,
    },
    {
      "__MeaId__": "profit",
      "__MeaName__": "利润",
      "__MeaValue__": 50000,
      "__OriginalData__": {
        "profit": 50000,
        "sales": 1000000,
      },
      "profit": 50000,
    },
  ],
  "rows": [],
  "select": {
    "headerSelectMode": "inline",
    "highlightMode": "cell",
  },
  "showColumnHeader": true,
  "showRowHeader": true,
  "theme": {
    "bodyStyle": {
      "bgColor": "transparent",
      "borderColor": "#e3e5eb",
      "borderLineWidth": 1,
      "color": "#141414",
      "fontSize": 12,
      "fontStyle": "normal",
      "fontVariant": "normal",
      "fontWeight": "normal",
      "hover": {
        "cellBgColor": "#bedaff",
        "inlineColumnBgColor": "#bedaff33",
        "inlineRowBgColor": "#bedaff33",
      },
      "lineHeight": 18,
      "padding": [
        8,
        12,
        8,
        12,
      ],
      "textAlign": "right",
    },
    "cornerHeaderStyle": {
      "bgColor": "#f6f7f9",
      "borderColor": [
        "#e3e5eb",
        "#e3e5eb",
      ],
      "borderLineWidth": 1,
      "color": "#21252c",
      "fontSize": 12,
      "fontStyle": "normal",
      "fontVariant": "normal",
      "fontWeight": "bold",
      "frameStyle": {
        "borderColor": [
          null,
          "#e3e5eb",
          "#e3e5eb",
          null,
        ],
        "borderLineWidth": 1,
      },
      "hover": {
        "cellBgColor": "#D9DDE4",
        "inlineColumnBgColor": "#D9DDE455",
        "inlineRowBgColor": "#D9DDE455",
      },
      "lineHeight": 18,
      "padding": [
        8,
        12,
        8,
        12,
      ],
      "textAlign": "left",
    },
    "frameStyle": {
      "borderColor": "#e3e5eb",
      "borderLineWidth": 0,
      "cornerRadius": 4,
    },
    "headerStyle": {
      "bgColor": "#f6f7f9",
      "borderColor": "#e3e5eb",
      "borderLineWidth": 1,
      "color": "#21252c",
      "fontSize": 12,
      "fontStyle": "normal",
      "fontVariant": "normal",
      "fontWeight": "bold",
      "frameStyle": {
        "borderColor": [
          null,
          null,
          "#e3e5eb",
          null,
        ],
        "borderLineWidth": 1,
      },
      "hover": {
        "cellBgColor": "#D9DDE4",
        "inlineColumnBgColor": "#D9DDE455",
        "inlineRowBgColor": "#D9DDE455",
      },
      "lineHeight": 18,
      "padding": [
        8,
        12,
        8,
        12,
      ],
      "textAlign": "center",
    },
    "rowHeaderStyle": {
      "bgColor": "#f6f7f9",
      "borderColor": "#e3e5eb",
      "borderLineWidth": 1,
      "color": "#21252c",
      "fontSize": 12,
      "fontStyle": "normal",
      "fontVariant": "normal",
      "fontWeight": "bold",
      "frameStyle": {
        "borderColor": [
          null,
          "#e3e5eb",
          null,
          null,
        ],
        "borderLineWidth": 1,
      },
      "hover": {
        "cellBgColor": "#D9DDE4",
        "inlineColumnBgColor": "#D9DDE455",
        "inlineRowBgColor": "#D9DDE455",
      },
      "lineHeight": 18,
      "padding": [
        8,
        12,
        8,
        12,
      ],
      "textAlign": "left",
    },
    "selectionStyle": {
      "cellBgColor": "#bedaff33",
      "cellBorderColor": "#4080ff",
      "cellBorderLineWidth": 2,
    },
    "underlayBackgroundColor": "transparent",
  },
  "tooltip": {
    "isShowOverflowTextTooltip": true,
  },
  "widthAdaptiveMode": "all",
  "widthMode": "standard",
}
`;

exports[`onlyMeasures 3`] = `
{
  "advancedPipeline": [
    [Function],
    [Function],
    [Function],
    [Function],
    [Function],
    [Function],
    [Function],
    [Function],
  ],
  "colorIdMap": {},
  "colorItems": [],
  "hasTheme": true,
  "specPipeline": [
    [Function],
    [Function],
    [Function],
    [Function],
    [Function],
    [Function],
    [Function],
    [Function],
    [Function],
    [Function],
    [Function],
  ],
  "themeMapKeys": [
    "light",
    "dark",
  ],
}
`;
