// Vitest Snapshot v1, https://vitest.dev/guide/snapshot.html

exports[`combinationPie 1`] = `
{
  "annotation": {},
  "chartType": "pie",
  "config": {
    "pie": {
      "backgroundColor": "transparent",
      "color": {
        "colorScheme": [
          "#8D72F6",
          "#5766EC",
          "#66A3FE",
          "#51D5E6",
          "#4EC0B3",
          "#F9DF90",
          "#F9AD71",
          "#ED8888",
          "#E9A0C3",
          "#D77DD3",
        ],
        "linearColorScheme": [
          "#C2CEFF",
          "#5766EC",
        ],
      },
      "label": {
        "enable": true,
        "labelColorSmartInvert": false,
        "labelLayout": "labelLine",
        "labelOverlap": true,
        "showValue": true,
        "showValuePercent": true,
        "wrap": true,
      },
      "legend": {
        "border": true,
        "enable": true,
        "labelColor": "#646A73",
        "labelFontSize": 12,
        "labelFontWeight": 400,
        "maxSize": 1,
        "position": "rt",
        "shapeType": "rectRound",
      },
      "tooltip": {
        "enable": true,
      },
    },
  },
  "customTheme": {
    "config": {
      "pie": {
        "backgroundColor": "transparent",
        "color": {
          "colorScheme": [
            "#8D72F6",
            "#5766EC",
            "#66A3FE",
            "#51D5E6",
            "#4EC0B3",
            "#F9DF90",
            "#F9AD71",
            "#ED8888",
            "#E9A0C3",
            "#D77DD3",
          ],
          "linearColorScheme": [
            "#C2CEFF",
            "#5766EC",
          ],
        },
        "label": {
          "enable": true,
          "labelColorSmartInvert": false,
          "labelLayout": "labelLine",
          "labelOverlap": true,
          "showValue": true,
          "showValuePercent": true,
          "wrap": true,
        },
        "legend": {
          "border": true,
          "enable": true,
          "labelColor": "#646A73",
          "labelFontSize": 12,
          "labelFontWeight": 400,
          "maxSize": 1,
          "position": "rt",
          "shapeType": "rectRound",
        },
        "tooltip": {
          "enable": true,
        },
      },
    },
  },
  "dataset": [
    [
      {
        "__Dim_ColorId__": "2019-销售额-sales",
        "__Dim_Color__": "2019-销售额",
        "__Dim_Detail__": "2019-销售额",
        "__MeaId__": "sales",
        "__MeaName__": "销售额",
        "__MeaValue__line1": 200000,
        "__OriginalData__": {
          "date": "2019",
          "profit": 10000,
          "sales": 200000,
        },
        "date": "2019",
        "profit": 10000,
        "sales": 200000,
      },
      {
        "__Dim_ColorId__": "2020-销售额-sales",
        "__Dim_Color__": "2020-销售额",
        "__Dim_Detail__": "2020-销售额",
        "__MeaId__": "sales",
        "__MeaName__": "销售额",
        "__MeaValue__line1": 400000,
        "__OriginalData__": {
          "date": "2020",
          "profit": 20000,
          "sales": 400000,
        },
        "date": "2020",
        "profit": 20000,
        "sales": 400000,
      },
      {
        "__Dim_ColorId__": "2021-销售额-sales",
        "__Dim_Color__": "2021-销售额",
        "__Dim_Detail__": "2021-销售额",
        "__MeaId__": "sales",
        "__MeaName__": "销售额",
        "__MeaValue__line1": 600000,
        "__OriginalData__": {
          "date": "2021",
          "profit": 30000,
          "sales": 600000,
        },
        "date": "2021",
        "profit": 30000,
        "sales": 600000,
      },
      {
        "__Dim_ColorId__": "2022-销售额-sales",
        "__Dim_Color__": "2022-销售额",
        "__Dim_Detail__": "2022-销售额",
        "__MeaId__": "sales",
        "__MeaName__": "销售额",
        "__MeaValue__line1": 800000,
        "__OriginalData__": {
          "date": "2022",
          "profit": 40000,
          "sales": 800000,
        },
        "date": "2022",
        "profit": 40000,
        "sales": 800000,
      },
      {
        "__Dim_ColorId__": "2023-销售额-sales",
        "__Dim_Color__": "2023-销售额",
        "__Dim_Detail__": "2023-销售额",
        "__MeaId__": "sales",
        "__MeaName__": "销售额",
        "__MeaValue__line1": 1000000,
        "__OriginalData__": {
          "date": "2023",
          "profit": 50000,
          "sales": 1000000,
        },
        "date": "2023",
        "profit": 50000,
        "sales": 1000000,
      },
    ],
    [
      {
        "__Dim_ColorId__": "2019-利润-profit",
        "__Dim_Color__": "2019-利润",
        "__Dim_Detail__": "2019-利润",
        "__MeaId__": "profit",
        "__MeaName__": "利润",
        "__MeaValue__line2": 10000,
        "__OriginalData__": {
          "date": "2019",
          "profit": 10000,
          "sales": 200000,
        },
        "date": "2019",
        "profit": 10000,
        "sales": 200000,
      },
      {
        "__Dim_ColorId__": "2020-利润-profit",
        "__Dim_Color__": "2020-利润",
        "__Dim_Detail__": "2020-利润",
        "__MeaId__": "profit",
        "__MeaName__": "利润",
        "__MeaValue__line2": 20000,
        "__OriginalData__": {
          "date": "2020",
          "profit": 20000,
          "sales": 400000,
        },
        "date": "2020",
        "profit": 20000,
        "sales": 400000,
      },
      {
        "__Dim_ColorId__": "2021-利润-profit",
        "__Dim_Color__": "2021-利润",
        "__Dim_Detail__": "2021-利润",
        "__MeaId__": "profit",
        "__MeaName__": "利润",
        "__MeaValue__line2": 30000,
        "__OriginalData__": {
          "date": "2021",
          "profit": 30000,
          "sales": 600000,
        },
        "date": "2021",
        "profit": 30000,
        "sales": 600000,
      },
      {
        "__Dim_ColorId__": "2022-利润-profit",
        "__Dim_Color__": "2022-利润",
        "__Dim_Detail__": "2022-利润",
        "__MeaId__": "profit",
        "__MeaName__": "利润",
        "__MeaValue__line2": 40000,
        "__OriginalData__": {
          "date": "2022",
          "profit": 40000,
          "sales": 800000,
        },
        "date": "2022",
        "profit": 40000,
        "sales": 800000,
      },
      {
        "__Dim_ColorId__": "2023-利润-profit",
        "__Dim_Color__": "2023-利润",
        "__Dim_Detail__": "2023-利润",
        "__MeaId__": "profit",
        "__MeaName__": "利润",
        "__MeaValue__line2": 50000,
        "__OriginalData__": {
          "date": "2023",
          "profit": 50000,
          "sales": 1000000,
        },
        "date": "2023",
        "profit": 50000,
        "sales": 1000000,
      },
    ],
  ],
  "datasetReshapeInfo": [
    {
      "foldInfo": {
        "foldMap": {
          "sales": "销售额",
        },
        "measureId": "__MeaId__",
        "measureName": "__MeaName__",
        "measureValue": "__MeaValue__line1",
        "statistics": {
          "colorMax": -Infinity,
          "colorMin": Infinity,
          "count": 5,
          "max": 1000000,
          "min": 200000,
          "sum": 3000000,
        },
      },
      "id": "line1",
      "index": 0,
      "unfoldInfo": {
        "colorIdMap": {
          "2019-销售额-sales": "2019-销售额",
          "2020-销售额-sales": "2020-销售额",
          "2021-销售额-sales": "2021-销售额",
          "2022-销售额-sales": "2022-销售额",
          "2023-销售额-sales": "2023-销售额",
        },
        "colorItems": [
          "2019-销售额-sales",
          "2020-销售额-sales",
          "2021-销售额-sales",
          "2022-销售额-sales",
          "2023-销售额-sales",
        ],
        "encodingAngle": "__Dim_Angle__",
        "encodingColor": "__Dim_Color__",
        "encodingColorId": "__Dim_ColorId__",
        "encodingDetail": "__Dim_Detail__",
        "encodingX": "__Dim_X__",
        "encodingY": "__Dim_Y__",
      },
    },
    {
      "foldInfo": {
        "foldMap": {
          "profit": "利润",
        },
        "measureId": "__MeaId__",
        "measureName": "__MeaName__",
        "measureValue": "__MeaValue__line2",
        "statistics": {
          "colorMax": -Infinity,
          "colorMin": Infinity,
          "count": 5,
          "max": 50000,
          "min": 10000,
          "sum": 150000,
        },
      },
      "id": "line2",
      "index": 1,
      "unfoldInfo": {
        "colorIdMap": {
          "2019-利润-profit": "2019-利润",
          "2020-利润-profit": "2020-利润",
          "2021-利润-profit": "2021-利润",
          "2022-利润-profit": "2022-利润",
          "2023-利润-profit": "2023-利润",
        },
        "colorItems": [
          "2019-利润-profit",
          "2020-利润-profit",
          "2021-利润-profit",
          "2022-利润-profit",
          "2023-利润-profit",
        ],
        "encodingAngle": "__Dim_Angle__",
        "encodingColor": "__Dim_Color__",
        "encodingColorId": "__Dim_ColorId__",
        "encodingDetail": "__Dim_Detail__",
        "encodingX": "__Dim_X__",
        "encodingY": "__Dim_Y__",
      },
    },
  ],
  "dimensions": [
    {
      "alias": "日期",
      "id": "date",
    },
    {
      "alias": "指标名称",
      "id": "__MeaName__",
    },
  ],
  "encoding": {
    "angle": [
      "sales",
      "profit",
    ],
    "color": [
      "date",
      "__MeaName__",
    ],
    "column": [],
    "detail": [
      "date",
      "__MeaName__",
    ],
    "label": [],
    "row": [],
    "tooltip": [
      "date",
    ],
  },
  "locale": "zh-CN",
  "measures": [
    {
      "children": [
        {
          "alias": "销售额",
          "format": {
            "decimalPlaces": 0,
            "prefix": "利润",
            "ratio": 1000,
            "suffix": "$",
            "symbol": "千",
            "thousandSeparator": true,
            "type": "number",
          },
          "id": "sales",
        },
      ],
      "id": "line1",
    },
    {
      "children": [
        {
          "alias": "利润",
          "autoFormat": true,
          "format": {
            "decimalPlaces": 0,
            "prefix": "利润",
            "ratio": 1000,
            "suffix": "$",
            "symbol": "千",
            "thousandSeparator": true,
            "type": "number",
          },
          "id": "profit",
        },
      ],
      "id": "line2",
    },
  ],
}
`;

exports[`combinationPie 2`] = `
{
  "animation": true,
  "animationAppear": {
    "direction": "row",
    "duration": 600,
    "type": "all",
  },
  "columns": [],
  "corner": {
    "titleOnDimension": "all",
  },
  "heightMode": "adaptive",
  "hover": {
    "highlightMode": "cross",
  },
  "indicators": [
    {
      "cellType": "chart",
      "chartModule": "vchart",
      "chartSpec": {
        "animation": true,
        "background": "transparent",
        "categoryField": "__Dim_ColorId__",
        "color": {
          "domain": [
            "2019-销售额-sales",
            "2020-销售额-sales",
            "2021-销售额-sales",
            "2022-销售额-sales",
            "2023-销售额-sales",
            "2019-利润-profit",
            "2020-利润-profit",
            "2021-利润-profit",
            "2022-利润-profit",
            "2023-利润-profit",
          ],
          "range": [
            "#8D72F6",
            "#5766EC",
            "#66A3FE",
            "#51D5E6",
            "#4EC0B3",
            "#F9DF90",
            "#F9AD71",
            "#ED8888",
            "#E9A0C3",
            "#D77DD3",
          ],
          "specified": undefined,
          "type": "ordinal",
        },
        "data": {
          "fields": {
            "__Dim_Angle__": {
              "sortIndex": 0,
            },
            "__Dim_ColorId__": {
              "sortIndex": 0,
            },
            "__Dim_X__": {
              "sortIndex": 0,
            },
          },
          "id": "line1",
          "values": undefined,
        },
        "innerRadius": 0,
        "label": {
          "formatMethod": [Function],
          "layout": {
            "align": "labelLine",
          },
          "overlap": {
            "clampForce": true,
            "hideOnHit": true,
          },
          "position": undefined,
          "smartInvert": false,
          "style": {
            "background": undefined,
            "fill": undefined,
            "fontSize": undefined,
            "fontWeight": undefined,
          },
          "visible": true,
        },
        "outerRadius": 0.8,
        "padding": 0,
        "pie": {
          "state": {
            "hover": {
              "outerRadius": 0.8800000000000001,
            },
          },
          "style": {
            "lineWidth": 1,
            "stroke": "#ffffff",
          },
        },
        "region": [
          {
            "clip": true,
          },
        ],
        "tooltip": {
          "dimension": {
            "content": [
              {
                "hasShape": true,
                "key": [Function],
                "shapeType": "rectRound",
                "value": [Function],
                "visible": true,
              },
            ],
            "title": {
              "visible": true,
            },
          },
          "mark": {
            "content": [
              {
                "hasShape": true,
                "key": [Function],
                "shapeType": "rectRound",
                "value": [Function],
                "visible": true,
              },
              {
                "hasShape": true,
                "key": [Function],
                "shapeType": "rectRound",
                "value": [Function],
                "visible": true,
              },
            ],
            "title": {
              "visible": false,
            },
          },
          "visible": true,
        },
        "type": "pie",
        "valueField": "__MeaValue__line1",
      },
      "indicatorKey": "line1",
      "style": {
        "padding": [
          1,
          1,
          0,
          1,
        ],
      },
      "title": undefined,
    },
    {
      "cellType": "chart",
      "chartModule": "vchart",
      "chartSpec": {
        "animation": true,
        "background": "transparent",
        "categoryField": "__Dim_ColorId__",
        "color": {
          "domain": [
            "2019-销售额-sales",
            "2020-销售额-sales",
            "2021-销售额-sales",
            "2022-销售额-sales",
            "2023-销售额-sales",
            "2019-利润-profit",
            "2020-利润-profit",
            "2021-利润-profit",
            "2022-利润-profit",
            "2023-利润-profit",
          ],
          "range": [
            "#8D72F6",
            "#5766EC",
            "#66A3FE",
            "#51D5E6",
            "#4EC0B3",
            "#F9DF90",
            "#F9AD71",
            "#ED8888",
            "#E9A0C3",
            "#D77DD3",
          ],
          "specified": undefined,
          "type": "ordinal",
        },
        "data": {
          "fields": {
            "__Dim_Angle__": {
              "sortIndex": 0,
            },
            "__Dim_ColorId__": {
              "sortIndex": 0,
            },
            "__Dim_X__": {
              "sortIndex": 0,
            },
          },
          "id": "line2",
          "values": undefined,
        },
        "innerRadius": 0,
        "label": {
          "formatMethod": [Function],
          "layout": {
            "align": "labelLine",
          },
          "overlap": {
            "clampForce": true,
            "hideOnHit": true,
          },
          "position": undefined,
          "smartInvert": false,
          "style": {
            "background": undefined,
            "fill": undefined,
            "fontSize": undefined,
            "fontWeight": undefined,
          },
          "visible": true,
        },
        "outerRadius": 0.8,
        "padding": 0,
        "pie": {
          "state": {
            "hover": {
              "outerRadius": 0.8800000000000001,
            },
          },
          "style": {
            "lineWidth": 1,
            "stroke": "#ffffff",
          },
        },
        "region": [
          {
            "clip": true,
          },
        ],
        "tooltip": {
          "dimension": {
            "content": [
              {
                "hasShape": true,
                "key": [Function],
                "shapeType": "rectRound",
                "value": [Function],
                "visible": true,
              },
            ],
            "title": {
              "visible": true,
            },
          },
          "mark": {
            "content": [
              {
                "hasShape": true,
                "key": [Function],
                "shapeType": "rectRound",
                "value": [Function],
                "visible": true,
              },
              {
                "hasShape": true,
                "key": [Function],
                "shapeType": "rectRound",
                "value": [Function],
                "visible": true,
              },
            ],
            "title": {
              "visible": false,
            },
          },
          "visible": true,
        },
        "type": "pie",
        "valueField": "__MeaValue__line2",
      },
      "indicatorKey": "line2",
      "style": {
        "padding": [
          1,
          1,
          0,
          1,
        ],
      },
      "title": undefined,
    },
  ],
  "indicatorsAsCol": false,
  "legends": {
    "data": [
      {
        "label": "2019-销售额-sales",
        "shape": {
          "fill": "#8D72F6",
          "outerBorder": {
            "distance": 3,
            "lineWidth": 1,
            "stroke": "#8D72F6",
          },
        },
      },
      {
        "label": "2020-销售额-sales",
        "shape": {
          "fill": "#5766EC",
          "outerBorder": {
            "distance": 3,
            "lineWidth": 1,
            "stroke": "#5766EC",
          },
        },
      },
      {
        "label": "2021-销售额-sales",
        "shape": {
          "fill": "#66A3FE",
          "outerBorder": {
            "distance": 3,
            "lineWidth": 1,
            "stroke": "#66A3FE",
          },
        },
      },
      {
        "label": "2022-销售额-sales",
        "shape": {
          "fill": "#51D5E6",
          "outerBorder": {
            "distance": 3,
            "lineWidth": 1,
            "stroke": "#51D5E6",
          },
        },
      },
      {
        "label": "2023-销售额-sales",
        "shape": {
          "fill": "#4EC0B3",
          "outerBorder": {
            "distance": 3,
            "lineWidth": 1,
            "stroke": "#4EC0B3",
          },
        },
      },
      {
        "label": "2019-利润-profit",
        "shape": {
          "fill": "#F9DF90",
          "outerBorder": {
            "distance": 3,
            "lineWidth": 1,
            "stroke": "#F9DF90",
          },
        },
      },
      {
        "label": "2020-利润-profit",
        "shape": {
          "fill": "#F9AD71",
          "outerBorder": {
            "distance": 3,
            "lineWidth": 1,
            "stroke": "#F9AD71",
          },
        },
      },
      {
        "label": "2021-利润-profit",
        "shape": {
          "fill": "#ED8888",
          "outerBorder": {
            "distance": 3,
            "lineWidth": 1,
            "stroke": "#ED8888",
          },
        },
      },
      {
        "label": "2022-利润-profit",
        "shape": {
          "fill": "#E9A0C3",
          "outerBorder": {
            "distance": 3,
            "lineWidth": 1,
            "stroke": "#E9A0C3",
          },
        },
      },
      {
        "label": "2023-利润-profit",
        "shape": {
          "fill": "#D77DD3",
          "outerBorder": {
            "distance": 3,
            "lineWidth": 1,
            "stroke": "#D77DD3",
          },
        },
      },
    ],
    "item": {
      "background": {
        "state": {
          "selectedHover": {
            "fill": "#646A73",
            "fillOpacity": 0.05,
          },
        },
      },
      "focus": true,
      "focusIconStyle": {
        "fill": "#646A73",
        "fontWeight": 400,
        "size": 14,
      },
      "label": {
        "formatMethod": [Function],
        "style": {
          "fill": "#646A73",
          "fontSize": 12,
          "fontWeight": 400,
        },
      },
      "maxWidth": "30%",
      "shape": {
        "space": 6,
        "style": {
          "size": 8,
          "symbolType": "rectRound",
        },
      },
    },
    "maxCol": 1,
    "maxRow": 1,
    "orient": "right",
    "position": "start",
    "type": "discrete",
    "visible": true,
  },
  "records": {
    "line1": [
      {
        "__Dim_ColorId__": "2019-销售额-sales",
        "__Dim_Color__": "2019-销售额",
        "__Dim_Detail__": "2019-销售额",
        "__MeaId__": "sales",
        "__MeaName__": "销售额",
        "__MeaValue__line1": 200000,
        "__OriginalData__": {
          "date": "2019",
          "profit": 10000,
          "sales": 200000,
        },
        "date": "2019",
        "profit": 10000,
        "sales": 200000,
      },
      {
        "__Dim_ColorId__": "2020-销售额-sales",
        "__Dim_Color__": "2020-销售额",
        "__Dim_Detail__": "2020-销售额",
        "__MeaId__": "sales",
        "__MeaName__": "销售额",
        "__MeaValue__line1": 400000,
        "__OriginalData__": {
          "date": "2020",
          "profit": 20000,
          "sales": 400000,
        },
        "date": "2020",
        "profit": 20000,
        "sales": 400000,
      },
      {
        "__Dim_ColorId__": "2021-销售额-sales",
        "__Dim_Color__": "2021-销售额",
        "__Dim_Detail__": "2021-销售额",
        "__MeaId__": "sales",
        "__MeaName__": "销售额",
        "__MeaValue__line1": 600000,
        "__OriginalData__": {
          "date": "2021",
          "profit": 30000,
          "sales": 600000,
        },
        "date": "2021",
        "profit": 30000,
        "sales": 600000,
      },
      {
        "__Dim_ColorId__": "2022-销售额-sales",
        "__Dim_Color__": "2022-销售额",
        "__Dim_Detail__": "2022-销售额",
        "__MeaId__": "sales",
        "__MeaName__": "销售额",
        "__MeaValue__line1": 800000,
        "__OriginalData__": {
          "date": "2022",
          "profit": 40000,
          "sales": 800000,
        },
        "date": "2022",
        "profit": 40000,
        "sales": 800000,
      },
      {
        "__Dim_ColorId__": "2023-销售额-sales",
        "__Dim_Color__": "2023-销售额",
        "__Dim_Detail__": "2023-销售额",
        "__MeaId__": "sales",
        "__MeaName__": "销售额",
        "__MeaValue__line1": 1000000,
        "__OriginalData__": {
          "date": "2023",
          "profit": 50000,
          "sales": 1000000,
        },
        "date": "2023",
        "profit": 50000,
        "sales": 1000000,
      },
    ],
    "line2": [
      {
        "__Dim_ColorId__": "2019-利润-profit",
        "__Dim_Color__": "2019-利润",
        "__Dim_Detail__": "2019-利润",
        "__MeaId__": "profit",
        "__MeaName__": "利润",
        "__MeaValue__line2": 10000,
        "__OriginalData__": {
          "date": "2019",
          "profit": 10000,
          "sales": 200000,
        },
        "date": "2019",
        "profit": 10000,
        "sales": 200000,
      },
      {
        "__Dim_ColorId__": "2020-利润-profit",
        "__Dim_Color__": "2020-利润",
        "__Dim_Detail__": "2020-利润",
        "__MeaId__": "profit",
        "__MeaName__": "利润",
        "__MeaValue__line2": 20000,
        "__OriginalData__": {
          "date": "2020",
          "profit": 20000,
          "sales": 400000,
        },
        "date": "2020",
        "profit": 20000,
        "sales": 400000,
      },
      {
        "__Dim_ColorId__": "2021-利润-profit",
        "__Dim_Color__": "2021-利润",
        "__Dim_Detail__": "2021-利润",
        "__MeaId__": "profit",
        "__MeaName__": "利润",
        "__MeaValue__line2": 30000,
        "__OriginalData__": {
          "date": "2021",
          "profit": 30000,
          "sales": 600000,
        },
        "date": "2021",
        "profit": 30000,
        "sales": 600000,
      },
      {
        "__Dim_ColorId__": "2022-利润-profit",
        "__Dim_Color__": "2022-利润",
        "__Dim_Detail__": "2022-利润",
        "__MeaId__": "profit",
        "__MeaName__": "利润",
        "__MeaValue__line2": 40000,
        "__OriginalData__": {
          "date": "2022",
          "profit": 40000,
          "sales": 800000,
        },
        "date": "2022",
        "profit": 40000,
        "sales": 800000,
      },
      {
        "__Dim_ColorId__": "2023-利润-profit",
        "__Dim_Color__": "2023-利润",
        "__Dim_Detail__": "2023-利润",
        "__MeaId__": "profit",
        "__MeaName__": "利润",
        "__MeaValue__line2": 50000,
        "__OriginalData__": {
          "date": "2023",
          "profit": 50000,
          "sales": 1000000,
        },
        "date": "2023",
        "profit": 50000,
        "sales": 1000000,
      },
    ],
  },
  "rows": [],
  "select": {
    "headerSelectMode": "inline",
    "highlightMode": "cell",
  },
  "theme": {
    "bodyStyle": {
      "bgColor": "rgba(0,0,0,0)",
      "borderColor": "#e3e5eb",
      "borderLineWidth": [
        1,
        1,
        0,
        1,
      ],
      "color": "#141414",
      "hover": {
        "cellBgColor": "transparent",
      },
    },
    "bottomFrozenStyle": {
      "bgColor": "rgba(0,0,0,0)",
      "borderColor": "#e3e5eb",
      "borderLineWidth": 1,
      "hover": {
        "cellBgColor": "rgba(0,0,0,0)",
      },
    },
    "cornerHeaderStyle": {
      "bgColor": "rgba(0,0,0,0)",
      "borderColor": "#e3e5eb",
      "borderLineWidth": 1,
      "color": "#21252c",
      "fontSize": 12,
      "fontWeight": "bold",
      "frameStyle": {
        "borderColor": "#e3e5eb",
        "borderLineWidth": [
          1,
          0,
          0,
          1,
        ],
      },
      "hover": {
        "cellBgColor": "rgba(0,0,0,0)",
        "inlineColumnBgColor": "rgba(0,0,0,0)",
        "inlineRowBgColor": "rgba(0,0,0,0)",
      },
      "textAlign": "center",
    },
    "cornerLeftBottomCellStyle": {
      "bgColor": "rgba(0,0,0,0)",
      "borderColor": "#e3e5eb",
      "borderLineWidth": [
        1,
        0,
        1,
        1,
      ],
      "frameStyle": {
        "borderColor": "#e3e5eb",
        "borderLineWidth": [
          1,
          0,
          1,
          1,
        ],
      },
      "hover": {
        "cellBgColor": "rgba(0,0,0,0)",
      },
    },
    "cornerRightBottomCellStyle": {
      "bgColor": "rgba(0,0,0,0)",
      "borderColor": "#e3e5eb",
      "borderLineWidth": 0,
      "frameStyle": {
        "borderColor": "#e3e5eb",
        "borderLineWidth": [
          1,
          1,
          1,
          1,
        ],
      },
      "hover": {
        "cellBgColor": "rgba(0,0,0,0)",
      },
    },
    "cornerRightTopCellStyle": {
      "bgColor": "rgba(0,0,0,0)",
      "borderColor": "#e3e5eb",
      "borderLineWidth": 0,
      "frameStyle": {
        "borderColor": "#e3e5eb",
        "borderLineWidth": [
          1,
          1,
          0,
          1,
        ],
      },
      "hover": {
        "cellBgColor": "rgba(0,0,0,0)",
      },
    },
    "frameStyle": {
      "borderColor": "#e3e5eb",
      "cornerRadius": 4,
    },
    "headerStyle": {
      "bgColor": "rgba(0,0,0,0)",
      "borderColor": "#e3e5eb",
      "borderLineWidth": 1,
      "color": "#21252c",
      "fontSize": 12,
      "hover": {
        "cellBgColor": "rgba(0,0,0,0)",
        "inlineColumnBgColor": "rgba(0,0,0,0)",
        "inlineRowBgColor": "rgba(0,0,0,0)",
      },
      "textAlign": "center",
    },
    "rightFrozenStyle": {
      "bgColor": "rgba(0,0,0,0)",
      "borderColor": "#e3e5eb",
      "borderLineWidth": 1,
      "hover": {
        "cellBgColor": "rgba(0,0,0,0)",
      },
    },
    "rowHeaderStyle": {
      "bgColor": "rgba(0,0,0,0)",
      "borderColor": "#e3e5eb",
      "borderLineWidth": 1,
      "color": "#21252c",
      "fontSize": 12,
      "hover": {
        "cellBgColor": "rgba(0,0,0,0)",
        "inlineColumnBgColor": "rgba(0,0,0,0)",
        "inlineRowBgColor": "rgba(0,0,0,0)",
      },
    },
    "selectionStyle": {
      "cellBgColor": "",
      "cellBorderColor": "",
    },
    "underlayBackgroundColor": "rgba(0,0,0,0)",
  },
  "tooltip": {
    "isShowOverflowTextTooltip": true,
  },
  "widthMode": "adaptive",
}
`;

exports[`combinationPie 3`] = `
{
  "advancedPipeline": [
    [Function],
    [Function],
    [Function],
    [Function],
    [Function],
    [Function],
    [Function],
    [Function],
    [Function],
  ],
  "colorIdMap": {
    "2019-利润-profit": "2019-利润",
    "2019-销售额-sales": "2019-销售额",
    "2020-利润-profit": "2020-利润",
    "2020-销售额-sales": "2020-销售额",
    "2021-利润-profit": "2021-利润",
    "2021-销售额-sales": "2021-销售额",
    "2022-利润-profit": "2022-利润",
    "2022-销售额-sales": "2022-销售额",
    "2023-利润-profit": "2023-利润",
    "2023-销售额-sales": "2023-销售额",
  },
  "colorItems": [
    "2019-销售额",
    "2020-销售额",
    "2021-销售额",
    "2022-销售额",
    "2023-销售额",
    "2019-利润",
    "2020-利润",
    "2021-利润",
    "2022-利润",
    "2023-利润",
  ],
  "hasTheme": true,
  "specPipeline": [
    [Function],
  ],
  "themeMapKeys": [
    "light",
    "dark",
  ],
}
`;
