// Vitest Snapshot v1, https://vitest.dev/guide/snapshot.html

exports[`2_meaColor 1`] = `
{
  "annotation": {},
  "chartType": "barPercent",
  "config": {
    "barPercent": {
      "backgroundColor": "transparent",
      "color": {
        "colorScheme": [
          "#8D72F6",
          "#5766EC",
          "#66A3FE",
          "#51D5E6",
          "#4EC0B3",
          "#F9DF90",
          "#F9AD71",
          "#ED8888",
          "#E9A0C3",
          "#D77DD3",
        ],
        "linearColorScheme": [
          "#C2CEFF",
          "#5766EC",
        ],
      },
      "crosshairRect": {
        "labelBackgroundColor": "#364159",
        "labelColor": "#ffffff",
        "labelVisible": true,
        "rectColor": "#3641594d",
        "visible": true,
      },
      "label": {
        "enable": true,
      },
      "legend": {
        "border": true,
        "enable": true,
        "labelFontColor": "#646A73",
        "labelFontSize": 12,
        "labelFontWeight": 400,
        "maxSize": 1,
        "position": "rt",
        "shapeType": "rectRound",
      },
      "stackCornerRadius": [
        0,
        4,
        4,
        0,
      ],
      "tooltip": {
        "enable": true,
      },
      "xAxis": {
        "grid": {
          "gridColor": "#36415926",
          "gridWidth": 0.5,
          "visible": true,
        },
        "inverse": false,
        "label": {
          "labelAngle": 0,
          "labelColor": "#797B85",
          "labelFontSize": 12,
          "labelFontWeight": 400,
          "visible": true,
        },
        "line": {
          "lineColor": "#3641594d",
          "lineWidth": 1,
          "visible": false,
        },
        "nice": true,
        "tick": {
          "tickColor": "#3641594d",
          "tickInside": false,
          "tickSize": 4,
          "visible": false,
        },
        "title": {
          "titleColor": "#646A73",
          "titleFontSize": 12,
          "titleFontWeight": 400,
          "titleText": "",
          "visible": false,
        },
        "zero": true,
      },
      "yAxis": {
        "grid": {
          "gridColor": "#36415926",
          "gridWidth": 0.5,
          "visible": false,
        },
        "label": {
          "labelAngle": 0,
          "labelColor": "#797B85",
          "labelFontSize": 12,
          "labelFontWeight": 400,
          "visible": true,
        },
        "labelAutoHide": false,
        "labelAutoHideGap": 1,
        "labelAutoLimit": false,
        "labelAutoLimitLength": undefined,
        "labelAutoRotate": false,
        "labelAutoRotateAngleRange": [
          0,
          -45,
          -90,
        ],
        "line": {
          "lineColor": "#3641594d",
          "lineWidth": 1,
          "visible": true,
        },
        "tick": {
          "tickColor": "#3641594d",
          "tickInside": false,
          "tickSize": 4,
          "visible": false,
        },
        "title": {
          "titleColor": "#646A73",
          "titleFontSize": 12,
          "titleFontWeight": 400,
          "titleText": "",
          "visible": false,
        },
      },
    },
  },
  "customTheme": {
    "config": {
      "barPercent": {
        "backgroundColor": "transparent",
        "color": {
          "colorScheme": [
            "#8D72F6",
            "#5766EC",
            "#66A3FE",
            "#51D5E6",
            "#4EC0B3",
            "#F9DF90",
            "#F9AD71",
            "#ED8888",
            "#E9A0C3",
            "#D77DD3",
          ],
          "linearColorScheme": [
            "#C2CEFF",
            "#5766EC",
          ],
        },
        "crosshairRect": {
          "labelBackgroundColor": "#364159",
          "labelColor": "#ffffff",
          "labelVisible": true,
          "rectColor": "#3641594d",
          "visible": true,
        },
        "label": {
          "enable": true,
        },
        "legend": {
          "border": true,
          "enable": true,
          "labelFontColor": "#646A73",
          "labelFontSize": 12,
          "labelFontWeight": 400,
          "maxSize": 1,
          "position": "rt",
          "shapeType": "rectRound",
        },
        "stackCornerRadius": [
          0,
          4,
          4,
          0,
        ],
        "tooltip": {
          "enable": true,
        },
        "xAxis": {
          "grid": {
            "gridColor": "#36415926",
            "gridWidth": 0.5,
            "visible": true,
          },
          "inverse": false,
          "label": {
            "labelAngle": 0,
            "labelColor": "#797B85",
            "labelFontSize": 12,
            "labelFontWeight": 400,
            "visible": true,
          },
          "line": {
            "lineColor": "#3641594d",
            "lineWidth": 1,
            "visible": false,
          },
          "nice": true,
          "tick": {
            "tickColor": "#3641594d",
            "tickInside": false,
            "tickSize": 4,
            "visible": false,
          },
          "title": {
            "titleColor": "#646A73",
            "titleFontSize": 12,
            "titleFontWeight": 400,
            "titleText": "",
            "visible": false,
          },
          "zero": true,
        },
        "yAxis": {
          "grid": {
            "gridColor": "#36415926",
            "gridWidth": 0.5,
            "visible": false,
          },
          "label": {
            "labelAngle": 0,
            "labelColor": "#797B85",
            "labelFontSize": 12,
            "labelFontWeight": 400,
            "visible": true,
          },
          "labelAutoHide": false,
          "labelAutoHideGap": 1,
          "labelAutoLimit": false,
          "labelAutoLimitLength": undefined,
          "labelAutoRotate": false,
          "labelAutoRotateAngleRange": [
            0,
            -45,
            -90,
          ],
          "line": {
            "lineColor": "#3641594d",
            "lineWidth": 1,
            "visible": true,
          },
          "tick": {
            "tickColor": "#3641594d",
            "tickInside": false,
            "tickSize": 4,
            "visible": false,
          },
          "title": {
            "titleColor": "#646A73",
            "titleFontSize": 12,
            "titleFontWeight": 400,
            "titleText": "",
            "visible": false,
          },
        },
      },
    },
  },
  "dataset": [
    {
      "__Dim_ColorId__": "sales",
      "__Dim_Color__": 20,
      "__Dim_Detail__": "利润",
      "__Dim_Y__": "2019-A",
      "__MeaId__": "profit",
      "__MeaName__": "利润",
      "__MeaValue__": 10,
      "__OriginalData__": {
        "date": "2019",
        "profit": 10,
        "profit2": 10,
        "sales": 20,
        "type": "A",
      },
      "date": "2019",
      "profit": 10,
      "profit2": 10,
      "type": "A",
    },
    {
      "__Dim_ColorId__": "sales",
      "__Dim_Color__": 20,
      "__Dim_Detail__": "销售额",
      "__Dim_Y__": "2019-A",
      "__MeaId__": "sales",
      "__MeaName__": "销售额",
      "__MeaValue__": 20,
      "__OriginalData__": {
        "date": "2019",
        "profit": 10,
        "profit2": 10,
        "sales": 20,
        "type": "A",
      },
      "date": "2019",
      "profit2": 10,
      "sales": 20,
      "type": "A",
    },
    {
      "__Dim_ColorId__": "sales",
      "__Dim_Color__": 60,
      "__Dim_Detail__": "利润",
      "__Dim_Y__": "2019-B",
      "__MeaId__": "profit",
      "__MeaName__": "利润",
      "__MeaValue__": 30,
      "__OriginalData__": {
        "date": "2019",
        "profit": 30,
        "profit2": 10,
        "sales": 60,
        "type": "B",
      },
      "date": "2019",
      "profit": 30,
      "profit2": 10,
      "type": "B",
    },
    {
      "__Dim_ColorId__": "sales",
      "__Dim_Color__": 60,
      "__Dim_Detail__": "销售额",
      "__Dim_Y__": "2019-B",
      "__MeaId__": "sales",
      "__MeaName__": "销售额",
      "__MeaValue__": 60,
      "__OriginalData__": {
        "date": "2019",
        "profit": 30,
        "profit2": 10,
        "sales": 60,
        "type": "B",
      },
      "date": "2019",
      "profit2": 10,
      "sales": 60,
      "type": "B",
    },
    {
      "__Dim_ColorId__": "sales",
      "__Dim_Color__": 60,
      "__Dim_Detail__": "利润",
      "__Dim_Y__": "2019-C",
      "__MeaId__": "profit",
      "__MeaName__": "利润",
      "__MeaValue__": 30,
      "__OriginalData__": {
        "date": "2019",
        "profit": 30,
        "profit2": 10,
        "sales": 60,
        "type": "C",
      },
      "date": "2019",
      "profit": 30,
      "profit2": 10,
      "type": "C",
    },
    {
      "__Dim_ColorId__": "sales",
      "__Dim_Color__": 60,
      "__Dim_Detail__": "销售额",
      "__Dim_Y__": "2019-C",
      "__MeaId__": "sales",
      "__MeaName__": "销售额",
      "__MeaValue__": 60,
      "__OriginalData__": {
        "date": "2019",
        "profit": 30,
        "profit2": 10,
        "sales": 60,
        "type": "C",
      },
      "date": "2019",
      "profit2": 10,
      "sales": 60,
      "type": "C",
    },
    {
      "__Dim_ColorId__": "sales",
      "__Dim_Color__": 100,
      "__Dim_Detail__": "利润",
      "__Dim_Y__": "2019-D",
      "__MeaId__": "profit",
      "__MeaName__": "利润",
      "__MeaValue__": 50,
      "__OriginalData__": {
        "date": "2019",
        "profit": 50,
        "profit2": 10,
        "sales": 100,
        "type": "D",
      },
      "date": "2019",
      "profit": 50,
      "profit2": 10,
      "type": "D",
    },
    {
      "__Dim_ColorId__": "sales",
      "__Dim_Color__": 100,
      "__Dim_Detail__": "销售额",
      "__Dim_Y__": "2019-D",
      "__MeaId__": "sales",
      "__MeaName__": "销售额",
      "__MeaValue__": 100,
      "__OriginalData__": {
        "date": "2019",
        "profit": 50,
        "profit2": 10,
        "sales": 100,
        "type": "D",
      },
      "date": "2019",
      "profit2": 10,
      "sales": 100,
      "type": "D",
    },
    {
      "__Dim_ColorId__": "sales",
      "__Dim_Color__": 80,
      "__Dim_Detail__": "利润",
      "__Dim_Y__": "2019-E",
      "__MeaId__": "profit",
      "__MeaName__": "利润",
      "__MeaValue__": 40,
      "__OriginalData__": {
        "date": "2019",
        "profit": 40,
        "profit2": 10,
        "sales": 80,
        "type": "E",
      },
      "date": "2019",
      "profit": 40,
      "profit2": 10,
      "type": "E",
    },
    {
      "__Dim_ColorId__": "sales",
      "__Dim_Color__": 80,
      "__Dim_Detail__": "销售额",
      "__Dim_Y__": "2019-E",
      "__MeaId__": "sales",
      "__MeaName__": "销售额",
      "__MeaValue__": 80,
      "__OriginalData__": {
        "date": "2019",
        "profit": 40,
        "profit2": 10,
        "sales": 80,
        "type": "E",
      },
      "date": "2019",
      "profit2": 10,
      "sales": 80,
      "type": "E",
    },
    {
      "__Dim_ColorId__": "sales",
      "__Dim_Color__": 20,
      "__Dim_Detail__": "利润",
      "__Dim_Y__": "2020-A",
      "__MeaId__": "profit",
      "__MeaName__": "利润",
      "__MeaValue__": 10,
      "__OriginalData__": {
        "date": "2020",
        "profit": 10,
        "profit2": 10,
        "sales": 20,
        "type": "A",
      },
      "date": "2020",
      "profit": 10,
      "profit2": 10,
      "type": "A",
    },
    {
      "__Dim_ColorId__": "sales",
      "__Dim_Color__": 20,
      "__Dim_Detail__": "销售额",
      "__Dim_Y__": "2020-A",
      "__MeaId__": "sales",
      "__MeaName__": "销售额",
      "__MeaValue__": 20,
      "__OriginalData__": {
        "date": "2020",
        "profit": 10,
        "profit2": 10,
        "sales": 20,
        "type": "A",
      },
      "date": "2020",
      "profit2": 10,
      "sales": 20,
      "type": "A",
    },
    {
      "__Dim_ColorId__": "sales",
      "__Dim_Color__": 60,
      "__Dim_Detail__": "利润",
      "__Dim_Y__": "2020-B",
      "__MeaId__": "profit",
      "__MeaName__": "利润",
      "__MeaValue__": 30,
      "__OriginalData__": {
        "date": "2020",
        "profit": 30,
        "profit2": 10,
        "sales": 60,
        "type": "B",
      },
      "date": "2020",
      "profit": 30,
      "profit2": 10,
      "type": "B",
    },
    {
      "__Dim_ColorId__": "sales",
      "__Dim_Color__": 60,
      "__Dim_Detail__": "销售额",
      "__Dim_Y__": "2020-B",
      "__MeaId__": "sales",
      "__MeaName__": "销售额",
      "__MeaValue__": 60,
      "__OriginalData__": {
        "date": "2020",
        "profit": 30,
        "profit2": 10,
        "sales": 60,
        "type": "B",
      },
      "date": "2020",
      "profit2": 10,
      "sales": 60,
      "type": "B",
    },
    {
      "__Dim_ColorId__": "sales",
      "__Dim_Color__": 60,
      "__Dim_Detail__": "利润",
      "__Dim_Y__": "2020-C",
      "__MeaId__": "profit",
      "__MeaName__": "利润",
      "__MeaValue__": 30,
      "__OriginalData__": {
        "date": "2020",
        "profit": 30,
        "profit2": 10,
        "sales": 60,
        "type": "C",
      },
      "date": "2020",
      "profit": 30,
      "profit2": 10,
      "type": "C",
    },
    {
      "__Dim_ColorId__": "sales",
      "__Dim_Color__": 60,
      "__Dim_Detail__": "销售额",
      "__Dim_Y__": "2020-C",
      "__MeaId__": "sales",
      "__MeaName__": "销售额",
      "__MeaValue__": 60,
      "__OriginalData__": {
        "date": "2020",
        "profit": 30,
        "profit2": 10,
        "sales": 60,
        "type": "C",
      },
      "date": "2020",
      "profit2": 10,
      "sales": 60,
      "type": "C",
    },
    {
      "__Dim_ColorId__": "sales",
      "__Dim_Color__": 100,
      "__Dim_Detail__": "利润",
      "__Dim_Y__": "2020-D",
      "__MeaId__": "profit",
      "__MeaName__": "利润",
      "__MeaValue__": 50,
      "__OriginalData__": {
        "date": "2020",
        "profit": 50,
        "profit2": 10,
        "sales": 100,
        "type": "D",
      },
      "date": "2020",
      "profit": 50,
      "profit2": 10,
      "type": "D",
    },
    {
      "__Dim_ColorId__": "sales",
      "__Dim_Color__": 100,
      "__Dim_Detail__": "销售额",
      "__Dim_Y__": "2020-D",
      "__MeaId__": "sales",
      "__MeaName__": "销售额",
      "__MeaValue__": 100,
      "__OriginalData__": {
        "date": "2020",
        "profit": 50,
        "profit2": 10,
        "sales": 100,
        "type": "D",
      },
      "date": "2020",
      "profit2": 10,
      "sales": 100,
      "type": "D",
    },
    {
      "__Dim_ColorId__": "sales",
      "__Dim_Color__": 80,
      "__Dim_Detail__": "利润",
      "__Dim_Y__": "2020-E",
      "__MeaId__": "profit",
      "__MeaName__": "利润",
      "__MeaValue__": 40,
      "__OriginalData__": {
        "date": "2020",
        "profit": 40,
        "profit2": 10,
        "sales": 80,
        "type": "E",
      },
      "date": "2020",
      "profit": 40,
      "profit2": 10,
      "type": "E",
    },
    {
      "__Dim_ColorId__": "sales",
      "__Dim_Color__": 80,
      "__Dim_Detail__": "销售额",
      "__Dim_Y__": "2020-E",
      "__MeaId__": "sales",
      "__MeaName__": "销售额",
      "__MeaValue__": 80,
      "__OriginalData__": {
        "date": "2020",
        "profit": 40,
        "profit2": 10,
        "sales": 80,
        "type": "E",
      },
      "date": "2020",
      "profit2": 10,
      "sales": 80,
      "type": "E",
    },
  ],
  "datasetReshapeInfo": [
    {
      "foldInfo": {
        "colorRange": [
          20,
          100,
        ],
        "foldMap": {
          "profit": "利润",
          "sales": "销售额",
        },
        "measureId": "__MeaId__",
        "measureName": "__MeaName__",
        "measureRange": [
          10,
          100,
        ],
        "measureValue": "__MeaValue__",
      },
      "id": "barPercent",
      "index": 0,
      "unfoldInfo": {
        "colorIdMap": {},
        "colorItems": [],
        "encodingAngle": "__Dim_Angle__",
        "encodingColor": "__Dim_Color__",
        "encodingColorId": "__Dim_ColorId__",
        "encodingDetail": "__Dim_Detail__",
        "encodingX": "__Dim_X__",
        "encodingY": "__Dim_Y__",
      },
    },
  ],
  "dimensions": [
    {
      "alias": "日期",
      "encoding": "yAxis",
      "id": "date",
    },
    {
      "alias": "类型",
      "encoding": "yAxis",
      "id": "type",
    },
    {
      "encoding": "detail",
      "id": "__MeaName__",
    },
    {
      "encoding": "detail",
      "id": "__MeaName__",
    },
  ],
  "encoding": {
    "color": [
      "sales",
    ],
    "detail": [
      "__MeaName__",
    ],
    "tooltip": [
      "date",
      "type",
    ],
    "x": [
      "profit",
    ],
    "y": [
      "date",
      "type",
    ],
  },
  "locale": "zh-CN",
  "markStyle": {},
  "measures": [
    {
      "alias": "利润",
      "encoding": "xAxis",
      "id": "profit",
    },
    {
      "alias": "销售额",
      "encoding": "color",
      "id": "sales",
    },
  ],
}
`;

exports[`2_meaColor 2`] = `
{
  "animation": true,
  "axes": [
    {
      "base": 10,
      "domainLine": {
        "style": {
          "lineWidth": 1,
          "stroke": "#3641594d",
        },
        "visible": false,
      },
      "grid": {
        "style": {
          "lineWidth": 0.5,
          "stroke": "#36415926",
        },
        "visible": true,
      },
      "innerOffset": {
        "right": 7,
      },
      "inverse": false,
      "label": {
        "formatMethod": [Function],
        "style": {
          "angle": 0,
          "fill": "#797B85",
          "fontSize": 12,
          "fontWeight": 400,
        },
        "visible": true,
      },
      "max": undefined,
      "min": undefined,
      "nice": true,
      "orient": "bottom",
      "tick": {
        "inside": false,
        "style": {
          "stroke": "#3641594d",
        },
        "tickSize": 4,
        "visible": false,
      },
      "title": {
        "style": {
          "fill": "#646A73",
          "fontSize": 12,
          "fontWeight": 400,
        },
        "text": "",
        "visible": false,
      },
      "type": "linear",
      "visible": true,
      "zero": true,
    },
    {
      "domainLine": {
        "style": {
          "lineWidth": 1,
          "stroke": "#3641594d",
        },
        "visible": true,
      },
      "grid": {
        "style": {
          "lineWidth": 0.5,
          "stroke": "#36415926",
        },
        "visible": false,
      },
      "hover": true,
      "label": {
        "autoHide": false,
        "autoHideMethod": "greedy",
        "autoHideSeparation": 1,
        "autoLimit": false,
        "autoRotate": false,
        "autoRotateAngle": [
          0,
          -45,
          -90,
        ],
        "containerAlign": "right",
        "flush": true,
        "lastVisible": true,
        "minGap": 1,
        "space": 8,
        "style": {
          "angle": 0,
          "fill": "#797B85",
          "fontSize": 12,
          "fontWeight": 400,
          "maxLineWidth": 80,
        },
        "visible": true,
      },
      "maxWidth": 140,
      "orient": "left",
      "paddingInner": [
        0.15,
        0.1,
      ],
      "paddingOuter": [
        0.075,
        0.1,
      ],
      "sampling": true,
      "tick": {
        "inside": false,
        "style": {
          "stroke": "#3641594d",
        },
        "tickSize": 4,
        "visible": false,
      },
      "title": {
        "style": {
          "fill": "#646A73",
          "fontSize": 12,
          "fontWeight": 400,
        },
        "text": "",
        "visible": false,
      },
      "type": "band",
      "visible": true,
    },
  ],
  "background": "transparent",
  "bar": {
    "state": {
      "hover": {
        "fillOpacity": 0.6,
      },
    },
    "style": {
      "fill": {
        "field": "__Dim_Color__",
        "scale": "color",
      },
      "lineWidth": 1,
    },
  },
  "color": {
    "domain": [
      {
        "dataId": "barPercent",
        "fields": [
          "__Dim_Color__",
        ],
      },
    ],
    "range": [
      "#C2CEFF",
      "#5766EC",
    ],
    "type": "linear",
  },
  "crosshair": {
    "yField": {
      "label": {
        "labelBackground": {
          "style": {
            "fill": "#364159",
          },
          "visible": true,
        },
        "style": {
          "fill": "#ffffff",
        },
        "visible": true,
      },
      "line": {
        "style": {
          "fill": "#3641594d",
          "lineWidth": 0,
          "opacity": 0.2,
        },
        "type": "rect",
      },
      "visible": true,
    },
  },
  "data": {
    "fields": {
      "__Dim_Angle__": {
        "sortIndex": 0,
      },
      "__Dim_ColorId__": {
        "sortIndex": 0,
      },
      "__Dim_Y__": {
        "sortIndex": 0,
      },
    },
    "id": "barPercent",
    "values": [
      {
        "__Dim_ColorId__": "sales",
        "__Dim_Color__": 20,
        "__Dim_Detail__": "利润",
        "__Dim_Y__": "2019-A",
        "__MeaId__": "profit",
        "__MeaName__": "利润",
        "__MeaValue__": 10,
        "__OriginalData__": {
          "date": "2019",
          "profit": 10,
          "profit2": 10,
          "sales": 20,
          "type": "A",
        },
        "date": "2019",
        "profit": 10,
        "profit2": 10,
        "type": "A",
      },
      {
        "__Dim_ColorId__": "sales",
        "__Dim_Color__": 20,
        "__Dim_Detail__": "销售额",
        "__Dim_Y__": "2019-A",
        "__MeaId__": "sales",
        "__MeaName__": "销售额",
        "__MeaValue__": 20,
        "__OriginalData__": {
          "date": "2019",
          "profit": 10,
          "profit2": 10,
          "sales": 20,
          "type": "A",
        },
        "date": "2019",
        "profit2": 10,
        "sales": 20,
        "type": "A",
      },
      {
        "__Dim_ColorId__": "sales",
        "__Dim_Color__": 60,
        "__Dim_Detail__": "利润",
        "__Dim_Y__": "2019-B",
        "__MeaId__": "profit",
        "__MeaName__": "利润",
        "__MeaValue__": 30,
        "__OriginalData__": {
          "date": "2019",
          "profit": 30,
          "profit2": 10,
          "sales": 60,
          "type": "B",
        },
        "date": "2019",
        "profit": 30,
        "profit2": 10,
        "type": "B",
      },
      {
        "__Dim_ColorId__": "sales",
        "__Dim_Color__": 60,
        "__Dim_Detail__": "销售额",
        "__Dim_Y__": "2019-B",
        "__MeaId__": "sales",
        "__MeaName__": "销售额",
        "__MeaValue__": 60,
        "__OriginalData__": {
          "date": "2019",
          "profit": 30,
          "profit2": 10,
          "sales": 60,
          "type": "B",
        },
        "date": "2019",
        "profit2": 10,
        "sales": 60,
        "type": "B",
      },
      {
        "__Dim_ColorId__": "sales",
        "__Dim_Color__": 60,
        "__Dim_Detail__": "利润",
        "__Dim_Y__": "2019-C",
        "__MeaId__": "profit",
        "__MeaName__": "利润",
        "__MeaValue__": 30,
        "__OriginalData__": {
          "date": "2019",
          "profit": 30,
          "profit2": 10,
          "sales": 60,
          "type": "C",
        },
        "date": "2019",
        "profit": 30,
        "profit2": 10,
        "type": "C",
      },
      {
        "__Dim_ColorId__": "sales",
        "__Dim_Color__": 60,
        "__Dim_Detail__": "销售额",
        "__Dim_Y__": "2019-C",
        "__MeaId__": "sales",
        "__MeaName__": "销售额",
        "__MeaValue__": 60,
        "__OriginalData__": {
          "date": "2019",
          "profit": 30,
          "profit2": 10,
          "sales": 60,
          "type": "C",
        },
        "date": "2019",
        "profit2": 10,
        "sales": 60,
        "type": "C",
      },
      {
        "__Dim_ColorId__": "sales",
        "__Dim_Color__": 100,
        "__Dim_Detail__": "利润",
        "__Dim_Y__": "2019-D",
        "__MeaId__": "profit",
        "__MeaName__": "利润",
        "__MeaValue__": 50,
        "__OriginalData__": {
          "date": "2019",
          "profit": 50,
          "profit2": 10,
          "sales": 100,
          "type": "D",
        },
        "date": "2019",
        "profit": 50,
        "profit2": 10,
        "type": "D",
      },
      {
        "__Dim_ColorId__": "sales",
        "__Dim_Color__": 100,
        "__Dim_Detail__": "销售额",
        "__Dim_Y__": "2019-D",
        "__MeaId__": "sales",
        "__MeaName__": "销售额",
        "__MeaValue__": 100,
        "__OriginalData__": {
          "date": "2019",
          "profit": 50,
          "profit2": 10,
          "sales": 100,
          "type": "D",
        },
        "date": "2019",
        "profit2": 10,
        "sales": 100,
        "type": "D",
      },
      {
        "__Dim_ColorId__": "sales",
        "__Dim_Color__": 80,
        "__Dim_Detail__": "利润",
        "__Dim_Y__": "2019-E",
        "__MeaId__": "profit",
        "__MeaName__": "利润",
        "__MeaValue__": 40,
        "__OriginalData__": {
          "date": "2019",
          "profit": 40,
          "profit2": 10,
          "sales": 80,
          "type": "E",
        },
        "date": "2019",
        "profit": 40,
        "profit2": 10,
        "type": "E",
      },
      {
        "__Dim_ColorId__": "sales",
        "__Dim_Color__": 80,
        "__Dim_Detail__": "销售额",
        "__Dim_Y__": "2019-E",
        "__MeaId__": "sales",
        "__MeaName__": "销售额",
        "__MeaValue__": 80,
        "__OriginalData__": {
          "date": "2019",
          "profit": 40,
          "profit2": 10,
          "sales": 80,
          "type": "E",
        },
        "date": "2019",
        "profit2": 10,
        "sales": 80,
        "type": "E",
      },
      {
        "__Dim_ColorId__": "sales",
        "__Dim_Color__": 20,
        "__Dim_Detail__": "利润",
        "__Dim_Y__": "2020-A",
        "__MeaId__": "profit",
        "__MeaName__": "利润",
        "__MeaValue__": 10,
        "__OriginalData__": {
          "date": "2020",
          "profit": 10,
          "profit2": 10,
          "sales": 20,
          "type": "A",
        },
        "date": "2020",
        "profit": 10,
        "profit2": 10,
        "type": "A",
      },
      {
        "__Dim_ColorId__": "sales",
        "__Dim_Color__": 20,
        "__Dim_Detail__": "销售额",
        "__Dim_Y__": "2020-A",
        "__MeaId__": "sales",
        "__MeaName__": "销售额",
        "__MeaValue__": 20,
        "__OriginalData__": {
          "date": "2020",
          "profit": 10,
          "profit2": 10,
          "sales": 20,
          "type": "A",
        },
        "date": "2020",
        "profit2": 10,
        "sales": 20,
        "type": "A",
      },
      {
        "__Dim_ColorId__": "sales",
        "__Dim_Color__": 60,
        "__Dim_Detail__": "利润",
        "__Dim_Y__": "2020-B",
        "__MeaId__": "profit",
        "__MeaName__": "利润",
        "__MeaValue__": 30,
        "__OriginalData__": {
          "date": "2020",
          "profit": 30,
          "profit2": 10,
          "sales": 60,
          "type": "B",
        },
        "date": "2020",
        "profit": 30,
        "profit2": 10,
        "type": "B",
      },
      {
        "__Dim_ColorId__": "sales",
        "__Dim_Color__": 60,
        "__Dim_Detail__": "销售额",
        "__Dim_Y__": "2020-B",
        "__MeaId__": "sales",
        "__MeaName__": "销售额",
        "__MeaValue__": 60,
        "__OriginalData__": {
          "date": "2020",
          "profit": 30,
          "profit2": 10,
          "sales": 60,
          "type": "B",
        },
        "date": "2020",
        "profit2": 10,
        "sales": 60,
        "type": "B",
      },
      {
        "__Dim_ColorId__": "sales",
        "__Dim_Color__": 60,
        "__Dim_Detail__": "利润",
        "__Dim_Y__": "2020-C",
        "__MeaId__": "profit",
        "__MeaName__": "利润",
        "__MeaValue__": 30,
        "__OriginalData__": {
          "date": "2020",
          "profit": 30,
          "profit2": 10,
          "sales": 60,
          "type": "C",
        },
        "date": "2020",
        "profit": 30,
        "profit2": 10,
        "type": "C",
      },
      {
        "__Dim_ColorId__": "sales",
        "__Dim_Color__": 60,
        "__Dim_Detail__": "销售额",
        "__Dim_Y__": "2020-C",
        "__MeaId__": "sales",
        "__MeaName__": "销售额",
        "__MeaValue__": 60,
        "__OriginalData__": {
          "date": "2020",
          "profit": 30,
          "profit2": 10,
          "sales": 60,
          "type": "C",
        },
        "date": "2020",
        "profit2": 10,
        "sales": 60,
        "type": "C",
      },
      {
        "__Dim_ColorId__": "sales",
        "__Dim_Color__": 100,
        "__Dim_Detail__": "利润",
        "__Dim_Y__": "2020-D",
        "__MeaId__": "profit",
        "__MeaName__": "利润",
        "__MeaValue__": 50,
        "__OriginalData__": {
          "date": "2020",
          "profit": 50,
          "profit2": 10,
          "sales": 100,
          "type": "D",
        },
        "date": "2020",
        "profit": 50,
        "profit2": 10,
        "type": "D",
      },
      {
        "__Dim_ColorId__": "sales",
        "__Dim_Color__": 100,
        "__Dim_Detail__": "销售额",
        "__Dim_Y__": "2020-D",
        "__MeaId__": "sales",
        "__MeaName__": "销售额",
        "__MeaValue__": 100,
        "__OriginalData__": {
          "date": "2020",
          "profit": 50,
          "profit2": 10,
          "sales": 100,
          "type": "D",
        },
        "date": "2020",
        "profit2": 10,
        "sales": 100,
        "type": "D",
      },
      {
        "__Dim_ColorId__": "sales",
        "__Dim_Color__": 80,
        "__Dim_Detail__": "利润",
        "__Dim_Y__": "2020-E",
        "__MeaId__": "profit",
        "__MeaName__": "利润",
        "__MeaValue__": 40,
        "__OriginalData__": {
          "date": "2020",
          "profit": 40,
          "profit2": 10,
          "sales": 80,
          "type": "E",
        },
        "date": "2020",
        "profit": 40,
        "profit2": 10,
        "type": "E",
      },
      {
        "__Dim_ColorId__": "sales",
        "__Dim_Color__": 80,
        "__Dim_Detail__": "销售额",
        "__Dim_Y__": "2020-E",
        "__MeaId__": "sales",
        "__MeaName__": "销售额",
        "__MeaValue__": 80,
        "__OriginalData__": {
          "date": "2020",
          "profit": 40,
          "profit2": 10,
          "sales": 80,
          "type": "E",
        },
        "date": "2020",
        "profit2": 10,
        "sales": 80,
        "type": "E",
      },
    ],
  },
  "direction": "horizontal",
  "label": {
    "formatMethod": [Function],
    "visible": true,
  },
  "legends": {
    "endText": {
      "style": {
        "fill": "#646A73",
        "fontSize": 12,
        "fontWeight": 400,
      },
      "visible": true,
    },
    "field": "__Dim_Color__",
    "maxWidth": "30%",
    "orient": "right",
    "padding": 0,
    "position": "start",
    "startText": {
      "style": {
        "fill": "#646A73",
        "fontSize": 12,
        "fontWeight": 400,
      },
      "visible": true,
    },
    "type": "color",
    "visible": true,
  },
  "padding": 0,
  "percent": true,
  "region": [
    {
      "clip": true,
    },
  ],
  "seriesField": "__Dim_ColorId__",
  "stackCornerRadius": [Function],
  "tooltip": {
    "dimension": {
      "content": [
        {
          "hasShape": true,
          "key": [Function],
          "shapeType": "rectRound",
          "value": [Function],
          "visible": true,
        },
      ],
      "title": {
        "visible": true,
      },
    },
    "mark": {
      "content": [
        {
          "hasShape": true,
          "key": [Function],
          "shapeType": "rectRound",
          "value": [Function],
          "visible": true,
        },
        {
          "hasShape": true,
          "key": [Function],
          "shapeType": "rectRound",
          "value": [Function],
          "visible": true,
        },
        {
          "hasShape": true,
          "key": [Function],
          "shapeType": "rectRound",
          "value": [Function],
          "visible": true,
        },
      ],
      "title": {
        "visible": false,
      },
    },
    "visible": true,
  },
  "type": "bar",
  "xField": "__MeaValue__",
  "yField": "__Dim_Y__",
}
`;

exports[`2_meaColor 3`] = `
{
  "advancedPipeline": [
    [Function],
    [Function],
    [Function],
    [Function],
    [Function],
    [Function],
    [Function],
    [Function],
    [Function],
    [Function],
    [Function],
    [Function],
  ],
  "colorIdMap": {},
  "colorItems": [],
  "hasTheme": true,
  "specPipeline": [
    [Function],
  ],
  "themeMapKeys": [
    "light",
    "dark",
  ],
}
`;
